Archive member included to satisfy reference by file (symbol)

/usr/local/Cellar/arm-none-eabi-gcc/10.3-2021.07/gcc/bin/../lib/gcc/arm-none-eabi/10.3.1/thumb/v6-m/nofp/libgcc.a(_dvmd_tls.o)
                              CMakeFiles/sd_fat_spi.dir/Users/remon/pico/pico-sdk/src/rp2_common/pico_divider/divider.S.obj (__aeabi_idiv0)
/usr/local/Cellar/arm-none-eabi-gcc/10.3-2021.07/gcc/bin/../lib/gcc/arm-none-eabi/10.3.1/../../../../arm-none-eabi/lib/thumb/v6-m/nofp/libg.a(lib_a-calloc.o)
                              CMakeFiles/sd_fat_spi.dir/Users/remon/pico/pico-sdk/src/rp2_common/pico_malloc/pico_malloc.c.obj (calloc)
/usr/local/Cellar/arm-none-eabi-gcc/10.3-2021.07/gcc/bin/../lib/gcc/arm-none-eabi/10.3.1/../../../../arm-none-eabi/lib/thumb/v6-m/nofp/libg.a(lib_a-callocr.o)
                              /usr/local/Cellar/arm-none-eabi-gcc/10.3-2021.07/gcc/bin/../lib/gcc/arm-none-eabi/10.3.1/../../../../arm-none-eabi/lib/thumb/v6-m/nofp/libg.a(lib_a-calloc.o) (_calloc_r)
/usr/local/Cellar/arm-none-eabi-gcc/10.3-2021.07/gcc/bin/../lib/gcc/arm-none-eabi/10.3.1/../../../../arm-none-eabi/lib/thumb/v6-m/nofp/libg.a(lib_a-ctype_.o)
                              CMakeFiles/sd_fat_spi.dir/Users/remon/pico/pico-sdk/lib/tinyusb/src/tusb.c.obj (_ctype_)
/usr/local/Cellar/arm-none-eabi-gcc/10.3-2021.07/gcc/bin/../lib/gcc/arm-none-eabi/10.3.1/../../../../arm-none-eabi/lib/thumb/v6-m/nofp/libg.a(lib_a-errno.o)
                              CMakeFiles/sd_fat_spi.dir/lib/no-OS-FatFS-SD-SPI-RPi-Pico/FatFs_SPI/src/ff_stdio.c.obj (__errno)
/usr/local/Cellar/arm-none-eabi-gcc/10.3-2021.07/gcc/bin/../lib/gcc/arm-none-eabi/10.3.1/../../../../arm-none-eabi/lib/thumb/v6-m/nofp/libg.a(lib_a-fflush.o)
                              CMakeFiles/sd_fat_spi.dir/lib/no-OS-FatFS-SD-SPI-RPi-Pico/FatFs_SPI/sd_driver/demo_logging.c.obj (fflush)
/usr/local/Cellar/arm-none-eabi-gcc/10.3-2021.07/gcc/bin/../lib/gcc/arm-none-eabi/10.3.1/../../../../arm-none-eabi/lib/thumb/v6-m/nofp/libg.a(lib_a-findfp.o)
                              /usr/local/Cellar/arm-none-eabi-gcc/10.3-2021.07/gcc/bin/../lib/gcc/arm-none-eabi/10.3.1/../../../../arm-none-eabi/lib/thumb/v6-m/nofp/libg.a(lib_a-fflush.o) (__sinit)
/usr/local/Cellar/arm-none-eabi-gcc/10.3-2021.07/gcc/bin/../lib/gcc/arm-none-eabi/10.3.1/../../../../arm-none-eabi/lib/thumb/v6-m/nofp/libg.a(lib_a-freer.o)
                              /usr/local/Cellar/arm-none-eabi-gcc/10.3-2021.07/gcc/bin/../lib/gcc/arm-none-eabi/10.3.1/../../../../arm-none-eabi/lib/thumb/v6-m/nofp/libg.a(lib_a-fflush.o) (_free_r)
/usr/local/Cellar/arm-none-eabi-gcc/10.3-2021.07/gcc/bin/../lib/gcc/arm-none-eabi/10.3.1/../../../../arm-none-eabi/lib/thumb/v6-m/nofp/libg.a(lib_a-fwalk.o)
                              /usr/local/Cellar/arm-none-eabi-gcc/10.3-2021.07/gcc/bin/../lib/gcc/arm-none-eabi/10.3.1/../../../../arm-none-eabi/lib/thumb/v6-m/nofp/libg.a(lib_a-findfp.o) (_fwalk)
/usr/local/Cellar/arm-none-eabi-gcc/10.3-2021.07/gcc/bin/../lib/gcc/arm-none-eabi/10.3.1/../../../../arm-none-eabi/lib/thumb/v6-m/nofp/libg.a(lib_a-impure.o)
                              /usr/local/Cellar/arm-none-eabi-gcc/10.3-2021.07/gcc/bin/../lib/gcc/arm-none-eabi/10.3.1/../../../../arm-none-eabi/lib/thumb/v6-m/nofp/libg.a(lib_a-fflush.o) (_global_impure_ptr)
/usr/local/Cellar/arm-none-eabi-gcc/10.3-2021.07/gcc/bin/../lib/gcc/arm-none-eabi/10.3.1/../../../../arm-none-eabi/lib/thumb/v6-m/nofp/libg.a(lib_a-init.o)
                              /usr/local/Cellar/arm-none-eabi-gcc/10.3-2021.07/gcc/bin/../lib/gcc/arm-none-eabi/10.3.1/../../../../arm-none-eabi/lib/thumb/v6-m/nofp/crt0.o (__libc_init_array)
/usr/local/Cellar/arm-none-eabi-gcc/10.3-2021.07/gcc/bin/../lib/gcc/arm-none-eabi/10.3.1/../../../../arm-none-eabi/lib/thumb/v6-m/nofp/libg.a(lib_a-lock.o)
                              /usr/local/Cellar/arm-none-eabi-gcc/10.3-2021.07/gcc/bin/../lib/gcc/arm-none-eabi/10.3.1/../../../../arm-none-eabi/lib/thumb/v6-m/nofp/libg.a(lib_a-findfp.o) (__retarget_lock_init_recursive)
/usr/local/Cellar/arm-none-eabi-gcc/10.3-2021.07/gcc/bin/../lib/gcc/arm-none-eabi/10.3.1/../../../../arm-none-eabi/lib/thumb/v6-m/nofp/libg.a(lib_a-malloc.o)
                              CMakeFiles/sd_fat_spi.dir/Users/remon/pico/pico-sdk/src/rp2_common/pico_malloc/pico_malloc.c.obj (malloc)
/usr/local/Cellar/arm-none-eabi-gcc/10.3-2021.07/gcc/bin/../lib/gcc/arm-none-eabi/10.3.1/../../../../arm-none-eabi/lib/thumb/v6-m/nofp/libg.a(lib_a-mallocr.o)
                              /usr/local/Cellar/arm-none-eabi-gcc/10.3-2021.07/gcc/bin/../lib/gcc/arm-none-eabi/10.3.1/../../../../arm-none-eabi/lib/thumb/v6-m/nofp/libg.a(lib_a-callocr.o) (_malloc_r)
/usr/local/Cellar/arm-none-eabi-gcc/10.3-2021.07/gcc/bin/../lib/gcc/arm-none-eabi/10.3.1/../../../../arm-none-eabi/lib/thumb/v6-m/nofp/libg.a(lib_a-mktime.o)
                              CMakeFiles/sd_fat_spi.dir/lib/no-OS-FatFS-SD-SPI-RPi-Pico/FatFs_SPI/src/rtc.c.obj (mktime)
[...]
Memory Configuration

Name             Origin             Length             Attributes
FLASH            0x0000000010000000 0x0000000000200000 xr
RAM              0x0000000020000000 0x0000000000040000 xrw
SCRATCH_X        0x0000000020040000 0x0000000000001000 xrw
SCRATCH_Y        0x0000000020041000 0x0000000000001000 xrw
*default*        0x0000000000000000 0xffffffffffffffff

Linker script and memory map

LOAD /usr/local/Cellar/arm-none-eabi-gcc/10.3-2021.07/gcc/bin/../lib/gcc/arm-none-eabi/10.3.1/thumb/v6-m/nofp/crti.o
LOAD /usr/local/Cellar/arm-none-eabi-gcc/10.3-2021.07/gcc/bin/../lib/gcc/arm-none-eabi/10.3.1/thumb/v6-m/nofp/crtbegin.o
LOAD /usr/local/Cellar/arm-none-eabi-gcc/10.3-2021.07/gcc/bin/../lib/gcc/arm-none-eabi/10.3.1/../../../../arm-none-eabi/lib/thumb/v6-m/nofp/crt0.o

.flash_begin    0x0000000010000000        0x0
                0x0000000010000000                __flash_binary_start = .

.boot2          0x0000000010000000      0x100
                0x0000000010000000                __boot2_start__ = .
 *(.boot2)
 .boot2         0x0000000010000000      0x100 /var/folders/fn/19zcb_c91hl1y7zlsvwz10000000gn/T//ccqqt9io.o
                0x0000000010000100                __boot2_end__ = .
                0x0000000000000001                ASSERT (((__boot2_end__ - __boot2_start__) == 0x100), ERROR: Pico second stage bootloader must be 256 bytes in size)

.text           0x0000000010000100     0xd648
                0x0000000010000100                __logical_binary_start = .
 *(.vectors)
 .vectors       0x0000000010000100       0xd4 CMakeFiles/sd_fat_spi.dir/Users/remon/pico/pico-sdk/src/rp2_common/pico_standard_link/crt0.S.obj
                0x0000000010000100                __VECTOR_TABLE
                0x0000000010000100                __vectors
                0x00000000100001c0                __default_isrs_start
                0x00000000100001c0                isr_invalid
                0x00000000100001c2                isr_nmi
                0x00000000100001c4                isr_hardfault
                0x00000000100001c6                isr_svcall
                0x00000000100001c8                isr_pendsv
                0x00000000100001ca                isr_systick
                0x00000000100001cc                isr_irq28
                0x00000000100001cc                isr_irq19
                0x00000000100001cc                isr_irq0
                0x00000000100001cc                isr_irq6
                0x00000000100001cc                isr_irq22
                0x00000000100001cc                isr_irq17
                0x00000000100001cc                isr_irq14
                0x00000000100001cc                isr_irq2
                0x00000000100001cc                isr_irq10
                0x00000000100001cc                isr_irq8
                0x00000000100001cc                isr_irq24
                0x00000000100001cc                isr_irq1
                0x00000000100001cc                isr_irq7
                0x00000000100001cc                isr_irq21
                0x00000000100001cc                isr_irq20
                0x00000000100001cc                isr_irq15
                0x00000000100001cc                isr_irq25
                0x00000000100001cc                isr_irq4
                0x00000000100001cc                isr_irq16
                0x00000000100001cc                isr_irq29
                0x00000000100001cc                isr_irq26
                0x00000000100001cc                __default_isrs_end
                0x00000000100001cc                isr_irq3
                0x00000000100001cc                isr_irq9
                0x00000000100001cc                __unhandled_user_irq
                0x00000000100001cc                isr_irq13
                0x00000000100001cc                isr_irq27
                0x00000000100001cc                isr_irq31
                0x00000000100001cc                isr_irq5
                0x00000000100001cc                isr_irq11
                0x00000000100001cc                isr_irq23
                0x00000000100001cc                isr_irq18
                0x00000000100001cc                isr_irq30
                0x00000000100001cc                isr_irq12
                0x00000000100001d2                unhandled_user_irq_num_in_r0
 *(.binary_info_header)
 .binary_info_header
                0x00000000100001d4       0x14 CMakeFiles/sd_fat_spi.dir/Users/remon/pico/pico-sdk/src/rp2_common/pico_standard_link/crt0.S.obj
                0x00000000100001e8                __binary_info_header_end = .
 *(.reset)
 .reset         0x00000000100001e8       0xa8 CMakeFiles/sd_fat_spi.dir/Users/remon/pico/pico-sdk/src/rp2_common/pico_standard_link/crt0.S.obj
                0x00000000100001e8                _entry_point
                0x0000000010000266                __get_current_exception
 .reset         0x0000000010000290       0x30 CMakeFiles/sd_fat_spi.dir/Users/remon/pico/pico-sdk/src/rp2_common/pico_standard_link/binary_info.c.obj
 *(.init)
 .init          0x00000000100002c0        0x4 /usr/local/Cellar/arm-none-eabi-gcc/10.3-2021.07/gcc/bin/../lib/gcc/arm-none-eabi/10.3.1/thumb/v6-m/nofp/crti.o
                0x00000000100002c0                _init
 *(EXCLUDE_FILE(*libm.a: *libc.a:*lib_a-mem*.o *libgcc.a:) .text*)
 .text          0x00000000100002c4       0x48 /usr/local/Cellar/arm-none-eabi-gcc/10.3-2021.07/gcc/bin/../lib/gcc/arm-none-eabi/10.3.1/thumb/v6-m/nofp/crtbegin.o
 .text.parseint
                0x000000001000030c        0x6 CMakeFiles/sd_fat_spi.dir/main.c.obj
                0x000000001000030c                parseint
 *fill*         0x0000000010000312        0x2 
 .text.sd_card_init
                0x0000000010000314       0x8c CMakeFiles/sd_fat_spi.dir/main.c.obj
                0x0000000010000314                sd_card_init
 .text.file_read
                0x00000000100003a0       0x84 CMakeFiles/sd_fat_spi.dir/main.c.obj
                0x00000000100003a0                file_read
 .text.main     0x0000000010000424       0xa0 CMakeFiles/sd_fat_spi.dir/main.c.obj
                0x0000000010000424                main
 .text.queue_init
                0x00000000100004c4       0x2c CMakeFiles/sd_fat_spi.dir/simple_queue.c.obj
                0x00000000100004c4                queue_init
 .text.get_length
                0x00000000100004f0       0x34 CMakeFiles/sd_fat_spi.dir/simple_queue.c.obj
                0x00000000100004f0                get_length
 .text.dequeue  0x0000000010000524       0x78 CMakeFiles/sd_fat_spi.dir/simple_queue.c.obj
                0x0000000010000524                dequeue
 .text.enqueue  0x000000001000059c       0x88 CMakeFiles/sd_fat_spi.dir/simple_queue.c.obj
                0x000000001000059c                enqueue
 .text.pio_pdm_output_program_init
                0x0000000010000624      0x14c CMakeFiles/sd_fat_spi.dir/output.c.obj
 .text.set_gpio_pad_drive
                0x0000000010000770       0x20 CMakeFiles/sd_fat_spi.dir/output.c.obj
                0x0000000010000770                set_gpio_pad_drive
 .text.set_gpio_pad_pue
                0x0000000010000790       0x20 CMakeFiles/sd_fat_spi.dir/output.c.obj
                0x0000000010000790                set_gpio_pad_pue
 .text.set_gpio_pad_pde
                0x00000000100007b0       0x20 CMakeFiles/sd_fat_spi.dir/output.c.obj
                0x00000000100007b0                set_gpio_pad_pde
 .text.set_gpio_pad_slewfast
                0x00000000100007d0       0x20 CMakeFiles/sd_fat_spi.dir/output.c.obj
                0x00000000100007d0                set_gpio_pad_slewfast
 .text.output   0x00000000100007f0       0xf8 CMakeFiles/sd_fat_spi.dir/output.c.obj
                0x00000000100007f0                output
 .text.set_sys_clock_pll
                0x00000000100008e8       0x78 CMakeFiles/sd_fat_spi.dir/Users/remon/pico/pico-sdk/src/rp2_common/pico_stdlib/stdlib.c.obj
                0x00000000100008e8                set_sys_clock_pll
 .text.check_sys_clock_khz
                0x0000000010000960       0xb0 CMakeFiles/sd_fat_spi.dir/Users/remon/pico/pico-sdk/src/rp2_common/pico_stdlib/stdlib.c.obj
                0x0000000010000960                check_sys_clock_khz
 .text.gpio_set_function
                0x0000000010000a10       0x30 CMakeFiles/sd_fat_spi.dir/Users/remon/pico/pico-sdk/src/rp2_common/hardware_gpio/gpio.c.obj
                0x0000000010000a10                gpio_set_function
 .text.gpio_set_pulls
                0x0000000010000a40       0x34 CMakeFiles/sd_fat_spi.dir/Users/remon/pico/pico-sdk/src/rp2_common/hardware_gpio/gpio.c.obj
                0x0000000010000a40                gpio_set_pulls
 .text.gpio_set_drive_strength
                0x0000000010000a74       0x20 CMakeFiles/sd_fat_spi.dir/Users/remon/pico/pico-sdk/src/rp2_common/hardware_gpio/gpio.c.obj
                0x0000000010000a74                gpio_set_drive_strength
 .text.gpio_init
                0x0000000010000a94       0x16 CMakeFiles/sd_fat_spi.dir/Users/remon/pico/pico-sdk/src/rp2_common/hardware_gpio/gpio.c.obj
                0x0000000010000a94                gpio_init
 *fill*         0x0000000010000aaa        0x2 
 .text.hw_claim_lock
                0x0000000010000aac       0x18 CMakeFiles/sd_fat_spi.dir/Users/remon/pico/pico-sdk/src/rp2_common/hardware_claim/claim.c.obj
                0x0000000010000aac                hw_claim_lock
 .text.hw_claim_unlock
                0x0000000010000ac4       0x14 CMakeFiles/sd_fat_spi.dir/Users/remon/pico/pico-sdk/src/rp2_common/hardware_claim/claim.c.obj
                0x0000000010000ac4                hw_claim_unlock
 .text.hw_claim_or_assert
                0x0000000010000ad8       0x32 CMakeFiles/sd_fat_spi.dir/Users/remon/pico/pico-sdk/src/rp2_common/hardware_claim/claim.c.obj
                0x0000000010000ad8                hw_claim_or_assert
 .text.hw_claim_unused_from_range
                0x0000000010000b0a       0x50 CMakeFiles/sd_fat_spi.dir/Users/remon/pico/pico-sdk/src/rp2_common/hardware_claim/claim.c.obj
                0x0000000010000b0a                hw_claim_unused_from_range
 *fill*         0x0000000010000b5a        0x2 
 .text.running_on_fpga
                0x0000000010000b5c       0x14 CMakeFiles/sd_fat_spi.dir/Users/remon/pico/pico-sdk/src/rp2_common/pico_platform/platform.c.obj
                0x0000000010000b5c                running_on_fpga
 .text.spin_locks_reset
                0x0000000010000b70       0x20 CMakeFiles/sd_fat_spi.dir/Users/remon/pico/pico-sdk/src/rp2_common/hardware_sync/sync.c.obj
                0x0000000010000b70                spin_locks_reset
 .text.spin_lock_init
                0x0000000010000b90       0x34 CMakeFiles/sd_fat_spi.dir/Users/remon/pico/pico-sdk/src/rp2_common/hardware_sync/sync.c.obj
                0x0000000010000b90                spin_lock_init
 .text.next_striped_spin_lock_num
                0x0000000010000bc4       0x1c CMakeFiles/sd_fat_spi.dir/Users/remon/pico/pico-sdk/src/rp2_common/hardware_sync/sync.c.obj
                0x0000000010000bc4                next_striped_spin_lock_num
 .text.spin_lock_claim_unused
                0x0000000010000be0       0x20 CMakeFiles/sd_fat_spi.dir/Users/remon/pico/pico-sdk/src/rp2_common/hardware_sync/sync.c.obj
                0x0000000010000be0                spin_lock_claim_unused
 .text.set_raw_irq_handler_and_unlock
                0x0000000010000c00       0x28 CMakeFiles/sd_fat_spi.dir/Users/remon/pico/pico-sdk/src/rp2_common/hardware_irq/irq.c.obj
 .text.make_branch
                0x0000000010000c28       0x48 CMakeFiles/sd_fat_spi.dir/Users/remon/pico/pico-sdk/src/rp2_common/hardware_irq/irq.c.obj
 .text.insert_branch_and_link
                0x0000000010000c70       0x40 CMakeFiles/sd_fat_spi.dir/Users/remon/pico/pico-sdk/src/rp2_common/hardware_irq/irq.c.obj
 .text.irq_is_enabled
                0x0000000010000cb0       0x18 CMakeFiles/sd_fat_spi.dir/Users/remon/pico/pico-sdk/src/rp2_common/hardware_irq/irq.c.obj
                0x0000000010000cb0                irq_is_enabled
 .text.irq_set_mask_enabled
                0x0000000010000cc8       0x20 CMakeFiles/sd_fat_spi.dir/Users/remon/pico/pico-sdk/src/rp2_common/hardware_irq/irq.c.obj
                0x0000000010000cc8                irq_set_mask_enabled
 .text.irq_set_enabled
                0x0000000010000ce8        0xe CMakeFiles/sd_fat_spi.dir/Users/remon/pico/pico-sdk/src/rp2_common/hardware_irq/irq.c.obj
                0x0000000010000ce8                irq_set_enabled
 *fill*         0x0000000010000cf6        0x2 
 .text.irq_set_pending
                0x0000000010000cf8       0x10 CMakeFiles/sd_fat_spi.dir/Users/remon/pico/pico-sdk/src/rp2_common/hardware_irq/irq.c.obj
                0x0000000010000cf8                irq_set_pending
 .text.irq_get_vtable_handler
                0x0000000010000d08       0x10 CMakeFiles/sd_fat_spi.dir/Users/remon/pico/pico-sdk/src/rp2_common/hardware_irq/irq.c.obj
                0x0000000010000d08                irq_get_vtable_handler
 .text.irq_has_shared_handler
                0x0000000010000d18       0x24 CMakeFiles/sd_fat_spi.dir/Users/remon/pico/pico-sdk/src/rp2_common/hardware_irq/irq.c.obj
                0x0000000010000d18                irq_has_shared_handler
 .text.irq_set_exclusive_handler
                0x0000000010000d3c       0x54 CMakeFiles/sd_fat_spi.dir/Users/remon/pico/pico-sdk/src/rp2_common/hardware_irq/irq.c.obj
                0x0000000010000d3c                irq_set_exclusive_handler
 .text.irq_add_shared_handler
                0x0000000010000d90      0x230 CMakeFiles/sd_fat_spi.dir/Users/remon/pico/pico-sdk/src/rp2_common/hardware_irq/irq.c.obj
                0x0000000010000d90                irq_add_shared_handler
 .text.irq_remove_handler
                0x0000000010000fc0      0x1a8 CMakeFiles/sd_fat_spi.dir/Users/remon/pico/pico-sdk/src/rp2_common/hardware_irq/irq.c.obj
                0x0000000010000fc0                irq_remove_handler
 .text.irq_add_tail_to_free_list
                0x0000000010001168       0xf0 CMakeFiles/sd_fat_spi.dir/Users/remon/pico/pico-sdk/src/rp2_common/hardware_irq/irq.c.obj
                0x0000000010001168                irq_add_tail_to_free_list
 .text.irq_init_priorities
                0x0000000010001258       0x1c CMakeFiles/sd_fat_spi.dir/Users/remon/pico/pico-sdk/src/rp2_common/hardware_irq/irq.c.obj
                0x0000000010001258                irq_init_priorities
 .text.user_irq_claim_unused
                0x0000000010001274       0x30 CMakeFiles/sd_fat_spi.dir/Users/remon/pico/pico-sdk/src/rp2_common/hardware_irq/irq.c.obj
                0x0000000010001274                user_irq_claim_unused
 .text.sem_init
                0x00000000100012a4       0x1e CMakeFiles/sd_fat_spi.dir/Users/remon/pico/pico-sdk/src/common/pico_sync/sem.c.obj
                0x00000000100012a4                sem_init
 *fill*         0x00000000100012c2        0x2 
 .text.lock_init
                0x00000000100012c4       0x10 CMakeFiles/sd_fat_spi.dir/Users/remon/pico/pico-sdk/src/common/pico_sync/lock_core.c.obj
                0x00000000100012c4                lock_init
 .text.alarm_pool_post_alloc_init
                0x00000000100012d4       0x40 CMakeFiles/sd_fat_spi.dir/Users/remon/pico/pico-sdk/src/common/pico_time/time.c.obj
 .text.sleep_until_callback
                0x0000000010001314       0x30 CMakeFiles/sd_fat_spi.dir/Users/remon/pico/pico-sdk/src/common/pico_time/time.c.obj
 .text.timer_pool_entry_comparator
                0x0000000010001344       0x7c CMakeFiles/sd_fat_spi.dir/Users/remon/pico/pico-sdk/src/common/pico_time/time.c.obj
                0x0000000010001344                timer_pool_entry_comparator
 .text.ph_add_child_node
                0x00000000100013c0       0xa4 CMakeFiles/sd_fat_spi.dir/Users/remon/pico/pico-sdk/src/common/pico_time/time.c.obj
 .text.ph_merge_nodes
                0x0000000010001464       0x3e CMakeFiles/sd_fat_spi.dir/Users/remon/pico/pico-sdk/src/common/pico_time/time.c.obj
 *fill*         0x00000000100014a2        0x2 
 .text.add_alarm_under_lock
                0x00000000100014a4      0x174 CMakeFiles/sd_fat_spi.dir/Users/remon/pico/pico-sdk/src/common/pico_time/time.c.obj
 .text.alarm_pool_alarm_callback
                0x0000000010001618      0x328 CMakeFiles/sd_fat_spi.dir/Users/remon/pico/pico-sdk/src/common/pico_time/time.c.obj
 .text.alarm_pool_init_default
                0x0000000010001940       0x38 CMakeFiles/sd_fat_spi.dir/Users/remon/pico/pico-sdk/src/common/pico_time/time.c.obj
                0x0000000010001940                alarm_pool_init_default
 .text.alarm_pool_get_default
                0x0000000010001978       0x2c CMakeFiles/sd_fat_spi.dir/Users/remon/pico/pico-sdk/src/common/pico_time/time.c.obj
                0x0000000010001978                alarm_pool_get_default
 .text.alarm_pool_add_alarm_at
                0x00000000100019a4      0x170 CMakeFiles/sd_fat_spi.dir/Users/remon/pico/pico-sdk/src/common/pico_time/time.c.obj
                0x00000000100019a4                alarm_pool_add_alarm_at
 .text.alarm_pool_cancel_alarm
                0x0000000010001b14       0xf0 CMakeFiles/sd_fat_spi.dir/Users/remon/pico/pico-sdk/src/common/pico_time/time.c.obj
                0x0000000010001b14                alarm_pool_cancel_alarm
 .text.best_effort_wfe_or_timeout
                0x0000000010001c04       0x80 CMakeFiles/sd_fat_spi.dir/Users/remon/pico/pico-sdk/src/common/pico_time/time.c.obj
                0x0000000010001c04                best_effort_wfe_or_timeout
 .text.hardware_alarm_irq_handler
                0x0000000010001c84       0x8c CMakeFiles/sd_fat_spi.dir/Users/remon/pico/pico-sdk/src/rp2_common/hardware_timer/timer.c.obj
 .text.hardware_alarm_claim
                0x0000000010001d10       0x18 CMakeFiles/sd_fat_spi.dir/Users/remon/pico/pico-sdk/src/rp2_common/hardware_timer/timer.c.obj
                0x0000000010001d10                hardware_alarm_claim
 .text.time_us_64
                0x0000000010001d28       0x18 CMakeFiles/sd_fat_spi.dir/Users/remon/pico/pico-sdk/src/rp2_common/hardware_timer/timer.c.obj
                0x0000000010001d28                time_us_64
 .text.busy_wait_until
                0x0000000010001d40       0x28 CMakeFiles/sd_fat_spi.dir/Users/remon/pico/pico-sdk/src/rp2_common/hardware_timer/timer.c.obj
                0x0000000010001d40                busy_wait_until
 .text.busy_wait_us
                0x0000000010001d68       0x48 CMakeFiles/sd_fat_spi.dir/Users/remon/pico/pico-sdk/src/rp2_common/hardware_timer/timer.c.obj
                0x0000000010001d68                busy_wait_us
 .text.hardware_alarm_set_callback
                0x0000000010001db0       0x90 CMakeFiles/sd_fat_spi.dir/Users/remon/pico/pico-sdk/src/rp2_common/hardware_timer/timer.c.obj
                0x0000000010001db0                hardware_alarm_set_callback
 .text.hardware_alarm_set_target
                0x0000000010001e40       0xe8 CMakeFiles/sd_fat_spi.dir/Users/remon/pico/pico-sdk/src/rp2_common/hardware_timer/timer.c.obj
                0x0000000010001e40                hardware_alarm_set_target
 .text.hardware_alarm_cancel
                0x0000000010001f28       0x40 CMakeFiles/sd_fat_spi.dir/Users/remon/pico/pico-sdk/src/rp2_common/hardware_timer/timer.c.obj
                0x0000000010001f28                hardware_alarm_cancel
 .text.ph_add_child_node
                0x0000000010001f68       0xa4 CMakeFiles/sd_fat_spi.dir/Users/remon/pico/pico-sdk/src/common/pico_util/pheap.c.obj
 .text.ph_merge_nodes
                0x000000001000200c       0x3e CMakeFiles/sd_fat_spi.dir/Users/remon/pico/pico-sdk/src/common/pico_util/pheap.c.obj
 *fill*         0x000000001000204a        0x2 
 .text.ph_clear
                0x000000001000204c       0x70 CMakeFiles/sd_fat_spi.dir/Users/remon/pico/pico-sdk/src/common/pico_util/pheap.c.obj
                0x000000001000204c                ph_clear
 .text.ph_post_alloc_init
                0x00000000100020bc        0xe CMakeFiles/sd_fat_spi.dir/Users/remon/pico/pico-sdk/src/common/pico_util/pheap.c.obj
                0x00000000100020bc                ph_post_alloc_init
 *fill*         0x00000000100020ca        0x2 
 .text.ph_merge_two_pass
                0x00000000100020cc       0xa8 CMakeFiles/sd_fat_spi.dir/Users/remon/pico/pico-sdk/src/common/pico_util/pheap.c.obj
                0x00000000100020cc                ph_merge_two_pass
 .text.ph_remove_any_head
                0x0000000010002174      0x108 CMakeFiles/sd_fat_spi.dir/Users/remon/pico/pico-sdk/src/common/pico_util/pheap.c.obj
 .text.ph_remove_head
                0x000000001000227c       0x14 CMakeFiles/sd_fat_spi.dir/Users/remon/pico/pico-sdk/src/common/pico_util/pheap.c.obj
                0x000000001000227c                ph_remove_head
 .text.ph_remove_and_free_node
                0x0000000010002290       0xf8 CMakeFiles/sd_fat_spi.dir/Users/remon/pico/pico-sdk/src/common/pico_util/pheap.c.obj
                0x0000000010002290                ph_remove_and_free_node
 .text.mutex_init
                0x0000000010002388       0x1a CMakeFiles/sd_fat_spi.dir/Users/remon/pico/pico-sdk/src/common/pico_sync/mutex.c.obj
                0x0000000010002388                mutex_init
 .text.recursive_mutex_init
                0x00000000100023a2       0x1e CMakeFiles/sd_fat_spi.dir/Users/remon/pico/pico-sdk/src/common/pico_sync/mutex.c.obj
                0x00000000100023a2                recursive_mutex_init
 .text.critical_section_init_with_lock_num
                0x00000000100023c0       0x14 CMakeFiles/sd_fat_spi.dir/Users/remon/pico/pico-sdk/src/common/pico_sync/critical_section.c.obj
                0x00000000100023c0                critical_section_init_with_lock_num
 .text.critical_section_init
                0x00000000100023d4       0x14 CMakeFiles/sd_fat_spi.dir/Users/remon/pico/pico-sdk/src/common/pico_sync/critical_section.c.obj
                0x00000000100023d4                critical_section_init
 .text._exit    0x00000000100023e8        0x4 CMakeFiles/sd_fat_spi.dir/Users/remon/pico/pico-sdk/src/rp2_common/pico_runtime/runtime.c.obj
                0x00000000100023e8                _exit
 .text._sbrk    0x00000000100023ec       0x38 CMakeFiles/sd_fat_spi.dir/Users/remon/pico/pico-sdk/src/rp2_common/pico_runtime/runtime.c.obj
                0x00000000100023ec                _sbrk
 .text.exit     0x0000000010002424        0x6 CMakeFiles/sd_fat_spi.dir/Users/remon/pico/pico-sdk/src/rp2_common/pico_runtime/runtime.c.obj
                0x0000000010002424                exit
 *fill*         0x000000001000242a        0x2 
 .text.__assert_func
                0x000000001000242c       0x3c CMakeFiles/sd_fat_spi.dir/Users/remon/pico/pico-sdk/src/rp2_common/pico_runtime/runtime.c.obj
                0x000000001000242c                __assert_func
 .text.runtime_init
                0x0000000010002468       0xf8 CMakeFiles/sd_fat_spi.dir/Users/remon/pico/pico-sdk/src/rp2_common/pico_runtime/runtime.c.obj
                0x0000000010002468                runtime_init
 .text.panic    0x0000000010002560       0x30 CMakeFiles/sd_fat_spi.dir/Users/remon/pico/pico-sdk/src/rp2_common/pico_runtime/runtime.c.obj
                0x0000000010002560                panic
 .text.clock_configure
                0x0000000010002590      0x104 CMakeFiles/sd_fat_spi.dir/Users/remon/pico/pico-sdk/src/rp2_common/hardware_clocks/clocks.c.obj
                0x0000000010002590                clock_configure
 .text.clocks_init
                0x0000000010002694      0x100 CMakeFiles/sd_fat_spi.dir/Users/remon/pico/pico-sdk/src/rp2_common/hardware_clocks/clocks.c.obj
                0x0000000010002694                clocks_init
 .text.clock_get_hz
                0x0000000010002794        0xc CMakeFiles/sd_fat_spi.dir/Users/remon/pico/pico-sdk/src/rp2_common/hardware_clocks/clocks.c.obj
                0x0000000010002794                clock_get_hz
 .text.pll_init
                0x00000000100027a0      0x140 CMakeFiles/sd_fat_spi.dir/Users/remon/pico/pico-sdk/src/rp2_common/hardware_pll/pll.c.obj
                0x00000000100027a0                pll_init
 .text.watchdog_start_tick
                0x00000000100028e0       0x10 CMakeFiles/sd_fat_spi.dir/Users/remon/pico/pico-sdk/src/rp2_common/hardware_watchdog/watchdog.c.obj
                0x00000000100028e0                watchdog_start_tick
 .text.watchdog_update
                0x00000000100028f0       0x14 CMakeFiles/sd_fat_spi.dir/Users/remon/pico/pico-sdk/src/rp2_common/hardware_watchdog/watchdog.c.obj
                0x00000000100028f0                watchdog_update
 .text._watchdog_enable
                0x0000000010002904       0x78 CMakeFiles/sd_fat_spi.dir/Users/remon/pico/pico-sdk/src/rp2_common/hardware_watchdog/watchdog.c.obj
                0x0000000010002904                _watchdog_enable
 .text.watchdog_reboot
                0x000000001000297c       0x48 CMakeFiles/sd_fat_spi.dir/Users/remon/pico/pico-sdk/src/rp2_common/hardware_watchdog/watchdog.c.obj
                0x000000001000297c                watchdog_reboot
 .text.xosc_init
                0x00000000100029c4       0x28 CMakeFiles/sd_fat_spi.dir/Users/remon/pico/pico-sdk/src/rp2_common/hardware_xosc/xosc.c.obj
                0x00000000100029c4                xosc_init
 .text._out_buffer
                0x00000000100029ec        0x8 CMakeFiles/sd_fat_spi.dir/Users/remon/pico/pico-sdk/src/rp2_common/pico_printf/printf.c.obj
 .text._out_null
                0x00000000100029f4        0x2 CMakeFiles/sd_fat_spi.dir/Users/remon/pico/pico-sdk/src/rp2_common/pico_printf/printf.c.obj
 .text._out_fct
                0x00000000100029f6        0xe CMakeFiles/sd_fat_spi.dir/Users/remon/pico/pico-sdk/src/rp2_common/pico_printf/printf.c.obj
 .text._atoi    0x0000000010002a04       0x24 CMakeFiles/sd_fat_spi.dir/Users/remon/pico/pico-sdk/src/rp2_common/pico_printf/printf.c.obj
 .text._out_rev
                0x0000000010002a28       0xae CMakeFiles/sd_fat_spi.dir/Users/remon/pico/pico-sdk/src/rp2_common/pico_printf/printf.c.obj
 .text._ntoa_format
                0x0000000010002ad6      0x112 CMakeFiles/sd_fat_spi.dir/Users/remon/pico/pico-sdk/src/rp2_common/pico_printf/printf.c.obj
 .text._ntoa_long
                0x0000000010002be8       0xbc CMakeFiles/sd_fat_spi.dir/Users/remon/pico/pico-sdk/src/rp2_common/pico_printf/printf.c.obj
 .text._ntoa_long_long
                0x0000000010002ca4       0xe2 CMakeFiles/sd_fat_spi.dir/Users/remon/pico/pico-sdk/src/rp2_common/pico_printf/printf.c.obj
 *fill*         0x0000000010002d86        0x2 
 .text._etoa    0x0000000010002d88      0x414 CMakeFiles/sd_fat_spi.dir/Users/remon/pico/pico-sdk/src/rp2_common/pico_printf/printf.c.obj
 .text._ftoa    0x000000001000319c      0x354 CMakeFiles/sd_fat_spi.dir/Users/remon/pico/pico-sdk/src/rp2_common/pico_printf/printf.c.obj
 .text._vsnprintf
                0x00000000100034f0      0x624 CMakeFiles/sd_fat_spi.dir/Users/remon/pico/pico-sdk/src/rp2_common/pico_printf/printf.c.obj
 .text.__wrap_vsnprintf
                0x0000000010003b14       0x1c CMakeFiles/sd_fat_spi.dir/Users/remon/pico/pico-sdk/src/rp2_common/pico_printf/printf.c.obj
                0x0000000010003b14                __wrap_vsnprintf
 .text.vfctprintf
                0x0000000010003b30       0x20 CMakeFiles/sd_fat_spi.dir/Users/remon/pico/pico-sdk/src/rp2_common/pico_printf/printf.c.obj
                0x0000000010003b30                vfctprintf
 .text          0x0000000010003b50       0x10 CMakeFiles/sd_fat_spi.dir/Users/remon/pico/pico-sdk/src/rp2_common/pico_bit_ops/bit_ops_aeabi.S.obj
 .text.rom_func_lookup
                0x0000000010003b60       0x10 CMakeFiles/sd_fat_spi.dir/Users/remon/pico/pico-sdk/src/rp2_common/pico_bootrom/bootrom.c.obj
                0x0000000010003b60                rom_func_lookup
 .text.rom_data_lookup
                0x0000000010003b70       0x10 CMakeFiles/sd_fat_spi.dir/Users/remon/pico/pico-sdk/src/rp2_common/pico_bootrom/bootrom.c.obj
                0x0000000010003b70                rom_data_lookup
 .text.rom_funcs_lookup
                0x0000000010003b80       0x36 CMakeFiles/sd_fat_spi.dir/Users/remon/pico/pico-sdk/src/rp2_common/pico_bootrom/bootrom.c.obj
                0x0000000010003b80                rom_funcs_lookup
 *fill*         0x0000000010003bb6        0x2 
 .text.__wrap___aeabi_idiv
                0x0000000010003bb8       0x50 CMakeFiles/sd_fat_spi.dir/Users/remon/pico/pico-sdk/src/rp2_common/pico_divider/divider.S.obj
                0x0000000010003bb8                __wrap___aeabi_idivmod
                0x0000000010003bb8                divmod_s32s32
                0x0000000010003bb8                div_s32s32
                0x0000000010003bb8                __wrap___aeabi_idiv
                0x0000000010003bc0                divmod_s32s32_unsafe
                0x0000000010003bec                divmod_s32s32_savestate
 .text.__wrap___aeabi_uidiv
                0x0000000010003c08       0x4c CMakeFiles/sd_fat_spi.dir/Users/remon/pico/pico-sdk/src/rp2_common/pico_divider/divider.S.obj
                0x0000000010003c08                __wrap___aeabi_uidiv
                0x0000000010003c08                __wrap___aeabi_uidivmod
                0x0000000010003c08                div_u32u32
                0x0000000010003c08                divmod_u32u32
                0x0000000010003c10                divmod_u32u32_unsafe
                0x0000000010003c38                divmod_u32u32_savestate
 .text.__wrap___aeabi_ldiv
                0x0000000010003c54      0x434 CMakeFiles/sd_fat_spi.dir/Users/remon/pico/pico-sdk/src/rp2_common/pico_divider/divider.S.obj
                0x0000000010003c54                __wrap___aeabi_ldivmod
                0x0000000010003c54                div_s64s64
                0x0000000010003c54                divmod_s64s64
                0x0000000010003c8c                divmod_u64u64
                0x0000000010003c8c                div_u64u64
                0x0000000010003c8c                __wrap___aeabi_uldivmod
                0x0000000010003c9c                divmod_u64u64_savestate
                0x0000000010003cc4                divmod_s64s64_unsafe
                0x0000000010003d4c                divmod_u64u64_unsafe
 .text.__wrap___aeabi_darithmetic
                0x0000000010004088       0x80 CMakeFiles/sd_fat_spi.dir/Users/remon/pico/pico-sdk/src/rp2_common/pico_double/double_aeabi.S.obj
                0x0000000010004088                __wrap___aeabi_drsub
                0x000000001000408e                __wrap___aeabi_dsub
                0x00000000100040a0                __wrap___aeabi_dadd
                0x00000000100040b2                __wrap___aeabi_ddiv
                0x00000000100040ee                __wrap___aeabi_dmul
 .text.__wrap___aeabi_cdcmple
                0x0000000010004108       0x6c CMakeFiles/sd_fat_spi.dir/Users/remon/pico/pico-sdk/src/rp2_common/pico_double/double_aeabi.S.obj
                0x0000000010004108                __wrap___aeabi_cdrcmple
                0x0000000010004118                __wrap___aeabi_cdcmple
                0x0000000010004118                __wrap___aeabi_cdcmpeq
 .text.__wrap___aeabi_dcmplt
                0x0000000010004174        0xc CMakeFiles/sd_fat_spi.dir/Users/remon/pico/pico-sdk/src/rp2_common/pico_double/double_aeabi.S.obj
                0x0000000010004174                __wrap___aeabi_dcmplt
 .text.__wrap___aeabi_dcmple
                0x0000000010004180       0x10 CMakeFiles/sd_fat_spi.dir/Users/remon/pico/pico-sdk/src/rp2_common/pico_double/double_aeabi.S.obj
                0x0000000010004180                __wrap___aeabi_dcmple
 .text.__wrap___aeabi_dcmpge
                0x0000000010004190       0x10 CMakeFiles/sd_fat_spi.dir/Users/remon/pico/pico-sdk/src/rp2_common/pico_double/double_aeabi.S.obj
                0x0000000010004190                __wrap___aeabi_dcmpge
 .text.__wrap___aeabi_dcmpgt
                0x00000000100041a0        0xa CMakeFiles/sd_fat_spi.dir/Users/remon/pico/pico-sdk/src/rp2_common/pico_double/double_aeabi.S.obj
                0x00000000100041a0                __wrap___aeabi_dcmpgt
 .text.__wrap___aeabi_dcmpun
                0x00000000100041aa       0x1c CMakeFiles/sd_fat_spi.dir/Users/remon/pico/pico-sdk/src/rp2_common/pico_double/double_aeabi.S.obj
                0x00000000100041aa                __wrap___aeabi_dcmpun
 *fill*         0x00000000100041c6        0x2 
 .text.__wrap___aeabi_i2d
                0x00000000100041c8       0x38 CMakeFiles/sd_fat_spi.dir/Users/remon/pico/pico-sdk/src/rp2_common/pico_double/double_aeabi.S.obj
                0x00000000100041c8                __wrap___aeabi_ui2d
                0x00000000100041d0                __wrap___aeabi_i2d
 .text.__wrap___aeabi_d2iz
                0x0000000010004200       0x48 CMakeFiles/sd_fat_spi.dir/Users/remon/pico/pico-sdk/src/rp2_common/pico_double/double_aeabi.S.obj
                0x0000000010004200                __wrap___aeabi_d2iz
                0x0000000010004200                double2int_z
 .text.__wrap___aeabi_d2uiz
                0x0000000010004248       0x18 CMakeFiles/sd_fat_spi.dir/Users/remon/pico/pico-sdk/src/rp2_common/pico_double/double_aeabi.S.obj
                0x0000000010004248                double2uint
                0x0000000010004248                __wrap___aeabi_d2uiz
 .text.__aeabi_double_init
                0x0000000010004260       0xc8 CMakeFiles/sd_fat_spi.dir/Users/remon/pico/pico-sdk/src/rp2_common/pico_double/double_init_rom.c.obj
                0x0000000010004260                __aeabi_double_init
 .text.double_table_shim_on_use_helper
                0x0000000010004328       0x34 CMakeFiles/sd_fat_spi.dir/Users/remon/pico/pico-sdk/src/rp2_common/pico_double/double_v1_rom_shim.S.obj
                0x0000000010004328                double_table_shim_on_use_helper
 .text.__wrap___aeabi_dsub
                0x000000001000435c       0x10 CMakeFiles/sd_fat_spi.dir/Users/remon/pico/pico-sdk/src/rp2_common/pico_double/double_v1_rom_shim.S.obj
                0x000000001000435c                drsub_shim
                0x0000000010004362                dsub_shim
 .text.dadd_shim
                0x000000001000436c      0x15c CMakeFiles/sd_fat_spi.dir/Users/remon/pico/pico-sdk/src/rp2_common/pico_double/double_v1_rom_shim.S.obj
                0x000000001000436c                dadd_shim
 .text.dmul_shim
                0x00000000100044c8      0x15c CMakeFiles/sd_fat_spi.dir/Users/remon/pico/pico-sdk/src/rp2_common/pico_double/double_v1_rom_shim.S.obj
                0x00000000100044c8                dmul_shim
 .text.ddiv_shim
                0x0000000010004624      0x1b0 CMakeFiles/sd_fat_spi.dir/Users/remon/pico/pico-sdk/src/rp2_common/pico_double/double_v1_rom_shim.S.obj
                0x0000000010004624                ddiv_shim
 .text.double2uint_shim
                0x00000000100047d4        0xe CMakeFiles/sd_fat_spi.dir/Users/remon/pico/pico-sdk/src/rp2_common/pico_double/double_v1_rom_shim.S.obj
                0x00000000100047d4                double2uint_shim
                0x00000000100047d6                double2ufix_shim
 *fill*         0x00000000100047e2        0x2 
 .text.double2uint64_shim
                0x00000000100047e4       0x70 CMakeFiles/sd_fat_spi.dir/Users/remon/pico/pico-sdk/src/rp2_common/pico_double/double_v1_rom_shim.S.obj
                0x00000000100047e4                double2uint64_shim
                0x00000000100047e6                double2ufix64_shim
                0x0000000010004806                d2fix_a
 .text.dunpacks
                0x0000000010004854       0x3c CMakeFiles/sd_fat_spi.dir/Users/remon/pico/pico-sdk/src/rp2_common/pico_double/double_v1_rom_shim.S.obj
                0x0000000010004854                dunpacks
 .text.__aeabi_lmul
                0x0000000010004890       0x32 CMakeFiles/sd_fat_spi.dir/Users/remon/pico/pico-sdk/src/rp2_common/pico_int64_ops/pico_int64_ops_aeabi.S.obj
                0x0000000010004890                __wrap___aeabi_lmul
 *fill*         0x00000000100048c2        0x2 
 .text.__wrap___aeabi_farithmetic
                0x00000000100048c4       0x58 CMakeFiles/sd_fat_spi.dir/Users/remon/pico/pico-sdk/src/rp2_common/pico_float/float_aeabi.S.obj
                0x00000000100048c4                __wrap___aeabi_frsub
                0x00000000100048ca                __wrap___aeabi_fsub
                0x00000000100048d4                __wrap___aeabi_fadd
                0x00000000100048de                __wrap___aeabi_fdiv
                0x000000001000490a                __wrap___aeabi_fmul
 .text.__wrap___aeabi_ui2f
                0x000000001000491c        0xa CMakeFiles/sd_fat_spi.dir/Users/remon/pico/pico-sdk/src/rp2_common/pico_float/float_aeabi.S.obj
                0x000000001000491c                __wrap___aeabi_ui2f
 *fill*         0x0000000010004926        0x2 
 .text.__wrap___aeabi_i2f
                0x0000000010004928       0x44 CMakeFiles/sd_fat_spi.dir/Users/remon/pico/pico-sdk/src/rp2_common/pico_float/float_aeabi.S.obj
                0x0000000010004928                __wrap___aeabi_i2f
 .text.__wrap___aeabi_f2uiz
                0x000000001000496c       0x10 CMakeFiles/sd_fat_spi.dir/Users/remon/pico/pico-sdk/src/rp2_common/pico_float/float_aeabi.S.obj
                0x000000001000496c                __wrap___aeabi_f2uiz
 .text.__aeabi_float_init
                0x000000001000497c       0xfc CMakeFiles/sd_fat_spi.dir/Users/remon/pico/pico-sdk/src/rp2_common/pico_float/float_init_rom.c.obj
                0x000000001000497c                __aeabi_float_init
 .text.float_table_shim_on_use_helper
                0x0000000010004a78       0x34 CMakeFiles/sd_fat_spi.dir/Users/remon/pico/pico-sdk/src/rp2_common/pico_float/float_v1_rom_shim.S.obj
                0x0000000010004a78                float_table_shim_on_use_helper
 .text.__wrap_malloc
                0x0000000010004aac       0x3c CMakeFiles/sd_fat_spi.dir/Users/remon/pico/pico-sdk/src/rp2_common/pico_malloc/pico_malloc.c.obj
                0x0000000010004aac                __wrap_malloc
 .text.__wrap_free
                0x0000000010004ae8       0x20 CMakeFiles/sd_fat_spi.dir/Users/remon/pico/pico-sdk/src/rp2_common/pico_malloc/pico_malloc.c.obj
                0x0000000010004ae8                __wrap_free
 .text          0x0000000010004b08       0x10 CMakeFiles/sd_fat_spi.dir/Users/remon/pico/pico-sdk/src/rp2_common/pico_mem_ops/mem_ops_aeabi.S.obj
                0x0000000010004b08                __aeabi_mem_init
 .text.memset   0x0000000010004b18        0xc CMakeFiles/sd_fat_spi.dir/Users/remon/pico/pico-sdk/src/rp2_common/pico_mem_ops/mem_ops_aeabi.S.obj
                0x0000000010004b18                __wrap_memset
 .text.memcpy   0x0000000010004b24        0xc CMakeFiles/sd_fat_spi.dir/Users/remon/pico/pico-sdk/src/rp2_common/pico_mem_ops/mem_ops_aeabi.S.obj
                0x0000000010004b24                __wrap___aeabi_memcpy
                0x0000000010004b24                __wrap_memcpy
 .text.stdio_out_chars_no_crlf
                0x0000000010004b30        0xe CMakeFiles/sd_fat_spi.dir/Users/remon/pico/pico-sdk/src/rp2_common/pico_stdio/stdio.c.obj
 *fill*         0x0000000010004b3e        0x2 
 .text.stdio_out_chars_crlf
                0x0000000010004b40       0x80 CMakeFiles/sd_fat_spi.dir/Users/remon/pico/pico-sdk/src/rp2_common/pico_stdio/stdio.c.obj
 .text.stdio_stack_buffer_flush
                0x0000000010004bc0       0x44 CMakeFiles/sd_fat_spi.dir/Users/remon/pico/pico-sdk/src/rp2_common/pico_stdio/stdio.c.obj
 .text.stdio_buffered_printer
                0x0000000010004c04       0x20 CMakeFiles/sd_fat_spi.dir/Users/remon/pico/pico-sdk/src/rp2_common/pico_stdio/stdio.c.obj
 .text.stdio_get_until
                0x0000000010004c24       0x80 CMakeFiles/sd_fat_spi.dir/Users/remon/pico/pico-sdk/src/rp2_common/pico_stdio/stdio.c.obj
 .text.stdout_serialize_begin
                0x0000000010004ca4       0x30 CMakeFiles/sd_fat_spi.dir/Users/remon/pico/pico-sdk/src/rp2_common/pico_stdio/stdio.c.obj
                0x0000000010004ca4                stdout_serialize_begin
 .text.stdout_serialize_end
                0x0000000010004cd4       0x10 CMakeFiles/sd_fat_spi.dir/Users/remon/pico/pico-sdk/src/rp2_common/pico_stdio/stdio.c.obj
                0x0000000010004cd4                stdout_serialize_end
 .text.stdio_put_string
                0x0000000010004ce4       0x98 CMakeFiles/sd_fat_spi.dir/Users/remon/pico/pico-sdk/src/rp2_common/pico_stdio/stdio.c.obj
 .text._read    0x0000000010004d7c       0x24 CMakeFiles/sd_fat_spi.dir/Users/remon/pico/pico-sdk/src/rp2_common/pico_stdio/stdio.c.obj
                0x0000000010004d7c                _read
 .text._write   0x0000000010004da0       0x22 CMakeFiles/sd_fat_spi.dir/Users/remon/pico/pico-sdk/src/rp2_common/pico_stdio/stdio.c.obj
                0x0000000010004da0                _write
 *fill*         0x0000000010004dc2        0x2 
 .text.stdio_set_driver_enabled
                0x0000000010004dc4       0x2c CMakeFiles/sd_fat_spi.dir/Users/remon/pico/pico-sdk/src/rp2_common/pico_stdio/stdio.c.obj
                0x0000000010004dc4                stdio_set_driver_enabled
 .text.stdio_flush
                0x0000000010004df0       0x20 CMakeFiles/sd_fat_spi.dir/Users/remon/pico/pico-sdk/src/rp2_common/pico_stdio/stdio.c.obj
                0x0000000010004df0                stdio_flush
 .text.__wrap_puts
                0x0000000010004e10       0x1e CMakeFiles/sd_fat_spi.dir/Users/remon/pico/pico-sdk/src/rp2_common/pico_stdio/stdio.c.obj
                0x0000000010004e10                __wrap_puts
 *fill*         0x0000000010004e2e        0x2 
 .text.__wrap_vprintf
                0x0000000010004e30       0x44 CMakeFiles/sd_fat_spi.dir/Users/remon/pico/pico-sdk/src/rp2_common/pico_stdio/stdio.c.obj
                0x0000000010004e30                __wrap_vprintf
 .text.__wrap_printf
                0x0000000010004e74       0x18 CMakeFiles/sd_fat_spi.dir/Users/remon/pico/pico-sdk/src/rp2_common/pico_stdio/stdio.c.obj
                0x0000000010004e74                __wrap_printf
 .text.stdio_init_all
                0x0000000010004e8c        0x8 CMakeFiles/sd_fat_spi.dir/Users/remon/pico/pico-sdk/src/rp2_common/pico_stdio/stdio.c.obj
                0x0000000010004e8c                stdio_init_all
 .text.__wrap_getchar
                0x0000000010004e94       0x40 CMakeFiles/sd_fat_spi.dir/Users/remon/pico/pico-sdk/src/rp2_common/pico_stdio/stdio.c.obj
                0x0000000010004e94                __wrap_getchar
 .text.resetd_init
                0x0000000010004ed4        0x2 CMakeFiles/sd_fat_spi.dir/Users/remon/pico/pico-sdk/src/rp2_common/pico_stdio_usb/reset_interface.c.obj
 *fill*         0x0000000010004ed6        0x2 
 .text.resetd_reset
                0x0000000010004ed8        0xc CMakeFiles/sd_fat_spi.dir/Users/remon/pico/pico-sdk/src/rp2_common/pico_stdio_usb/reset_interface.c.obj
 .text.resetd_open
                0x0000000010004ee4       0x34 CMakeFiles/sd_fat_spi.dir/Users/remon/pico/pico-sdk/src/rp2_common/pico_stdio_usb/reset_interface.c.obj
 .text.resetd_xfer_cb
                0x0000000010004f18        0x4 CMakeFiles/sd_fat_spi.dir/Users/remon/pico/pico-sdk/src/rp2_common/pico_stdio_usb/reset_interface.c.obj
 .text.reset_usb_boot
                0x0000000010004f1c       0x18 CMakeFiles/sd_fat_spi.dir/Users/remon/pico/pico-sdk/src/rp2_common/pico_stdio_usb/reset_interface.c.obj
 .text.resetd_control_xfer_cb
                0x0000000010004f34       0x5c CMakeFiles/sd_fat_spi.dir/Users/remon/pico/pico-sdk/src/rp2_common/pico_stdio_usb/reset_interface.c.obj
 .text.usbd_app_driver_get_cb
                0x0000000010004f90        0xc CMakeFiles/sd_fat_spi.dir/Users/remon/pico/pico-sdk/src/rp2_common/pico_stdio_usb/reset_interface.c.obj
                0x0000000010004f90                usbd_app_driver_get_cb
 .text.tud_cdc_line_coding_cb
                0x0000000010004f9c       0x28 CMakeFiles/sd_fat_spi.dir/Users/remon/pico/pico-sdk/src/rp2_common/pico_stdio_usb/reset_interface.c.obj
                0x0000000010004f9c                tud_cdc_line_coding_cb
 .text.stdio_usb_in_chars
                0x0000000010004fc4       0x70 CMakeFiles/sd_fat_spi.dir/Users/remon/pico/pico-sdk/src/rp2_common/pico_stdio_usb/stdio_usb.c.obj
                0x0000000010004fc4                stdio_usb_in_chars
 .text.low_priority_worker_irq
                0x0000000010005034       0x20 CMakeFiles/sd_fat_spi.dir/Users/remon/pico/pico-sdk/src/rp2_common/pico_stdio_usb/stdio_usb.c.obj
 .text.stdio_usb_out_chars
                0x0000000010005054       0xd4 CMakeFiles/sd_fat_spi.dir/Users/remon/pico/pico-sdk/src/rp2_common/pico_stdio_usb/stdio_usb.c.obj
 .text.timer_task
                0x0000000010005128       0x40 CMakeFiles/sd_fat_spi.dir/Users/remon/pico/pico-sdk/src/rp2_common/pico_stdio_usb/stdio_usb.c.obj
 .text.usb_irq  0x0000000010005168       0x10 CMakeFiles/sd_fat_spi.dir/Users/remon/pico/pico-sdk/src/rp2_common/pico_stdio_usb/stdio_usb.c.obj
 .text.stdio_usb_init
                0x0000000010005178       0xec CMakeFiles/sd_fat_spi.dir/Users/remon/pico/pico-sdk/src/rp2_common/pico_stdio_usb/stdio_usb.c.obj
                0x0000000010005178                stdio_usb_init
 .text.tud_descriptor_device_cb
                0x0000000010005264        0x8 CMakeFiles/sd_fat_spi.dir/Users/remon/pico/pico-sdk/src/rp2_common/pico_stdio_usb/stdio_usb_descriptors.c.obj
                0x0000000010005264                tud_descriptor_device_cb
 .text.tud_descriptor_configuration_cb
                0x000000001000526c        0x8 CMakeFiles/sd_fat_spi.dir/Users/remon/pico/pico-sdk/src/rp2_common/pico_stdio_usb/stdio_usb_descriptors.c.obj
                0x000000001000526c                tud_descriptor_configuration_cb
 .text.tud_descriptor_string_cb
                0x0000000010005274       0x6c CMakeFiles/sd_fat_spi.dir/Users/remon/pico/pico-sdk/src/rp2_common/pico_stdio_usb/stdio_usb_descriptors.c.obj
                0x0000000010005274                tud_descriptor_string_cb
 .text.hw_endpoint_get_by_addr
                0x00000000100052e0       0x18 CMakeFiles/sd_fat_spi.dir/Users/remon/pico/pico-sdk/lib/tinyusb/src/portable/raspberrypi/rp2040/dcd_rp2040.c.obj
 .text.reset_ep0_pid
                0x00000000100052f8       0x28 CMakeFiles/sd_fat_spi.dir/Users/remon/pico/pico-sdk/lib/tinyusb/src/portable/raspberrypi/rp2040/dcd_rp2040.c.obj
 .text._hw_endpoint_alloc
                0x0000000010005320       0x70 CMakeFiles/sd_fat_spi.dir/Users/remon/pico/pico-sdk/lib/tinyusb/src/portable/raspberrypi/rp2040/dcd_rp2040.c.obj
 .text.hw_endpoint_init
                0x0000000010005390       0x88 CMakeFiles/sd_fat_spi.dir/Users/remon/pico/pico-sdk/lib/tinyusb/src/portable/raspberrypi/rp2040/dcd_rp2040.c.obj
 .text.reset_non_control_endpoints
                0x0000000010005418       0x40 CMakeFiles/sd_fat_spi.dir/Users/remon/pico/pico-sdk/lib/tinyusb/src/portable/raspberrypi/rp2040/dcd_rp2040.c.obj
 .text.hw_handle_buff_status
                0x0000000010005458       0x8c CMakeFiles/sd_fat_spi.dir/Users/remon/pico/pico-sdk/lib/tinyusb/src/portable/raspberrypi/rp2040/dcd_rp2040.c.obj
 .text.dcd_rp2040_irq
                0x00000000100054e4       0xc0 CMakeFiles/sd_fat_spi.dir/Users/remon/pico/pico-sdk/lib/tinyusb/src/portable/raspberrypi/rp2040/dcd_rp2040.c.obj
 .text.hw_endpoint_xfer
                0x00000000100055a4       0x14 CMakeFiles/sd_fat_spi.dir/Users/remon/pico/pico-sdk/lib/tinyusb/src/portable/raspberrypi/rp2040/dcd_rp2040.c.obj
 .text.dcd_int_enable
                0x00000000100055b8       0x2c CMakeFiles/sd_fat_spi.dir/Users/remon/pico/pico-sdk/lib/tinyusb/src/portable/raspberrypi/rp2040/dcd_rp2040.c.obj
                0x00000000100055b8                dcd_int_enable
 .text.dcd_set_address
                0x00000000100055e4       0x2c CMakeFiles/sd_fat_spi.dir/Users/remon/pico/pico-sdk/lib/tinyusb/src/portable/raspberrypi/rp2040/dcd_rp2040.c.obj
                0x00000000100055e4                dcd_set_address
 .text.dcd_connect
                0x0000000010005610       0x10 CMakeFiles/sd_fat_spi.dir/Users/remon/pico/pico-sdk/lib/tinyusb/src/portable/raspberrypi/rp2040/dcd_rp2040.c.obj
                0x0000000010005610                dcd_connect
 .text.dcd_init
                0x0000000010005620       0x7c CMakeFiles/sd_fat_spi.dir/Users/remon/pico/pico-sdk/lib/tinyusb/src/portable/raspberrypi/rp2040/dcd_rp2040.c.obj
                0x0000000010005620                dcd_init
 .text.dcd_edpt0_status_complete
                0x000000001000569c       0x1c CMakeFiles/sd_fat_spi.dir/Users/remon/pico/pico-sdk/lib/tinyusb/src/portable/raspberrypi/rp2040/dcd_rp2040.c.obj
                0x000000001000569c                dcd_edpt0_status_complete
 .text.dcd_edpt_open
                0x00000000100056b8       0x40 CMakeFiles/sd_fat_spi.dir/Users/remon/pico/pico-sdk/lib/tinyusb/src/portable/raspberrypi/rp2040/dcd_rp2040.c.obj
                0x00000000100056b8                dcd_edpt_open
 .text.dcd_edpt_close_all
                0x00000000100056f8        0x8 CMakeFiles/sd_fat_spi.dir/Users/remon/pico/pico-sdk/lib/tinyusb/src/portable/raspberrypi/rp2040/dcd_rp2040.c.obj
                0x00000000100056f8                dcd_edpt_close_all
 .text.dcd_edpt_xfer
                0x0000000010005700       0x30 CMakeFiles/sd_fat_spi.dir/Users/remon/pico/pico-sdk/lib/tinyusb/src/portable/raspberrypi/rp2040/dcd_rp2040.c.obj
                0x0000000010005700                dcd_edpt_xfer
 .text.dcd_edpt_stall
                0x0000000010005730       0x2c CMakeFiles/sd_fat_spi.dir/Users/remon/pico/pico-sdk/lib/tinyusb/src/portable/raspberrypi/rp2040/dcd_rp2040.c.obj
                0x0000000010005730                dcd_edpt_stall
 .text.dcd_edpt_clear_stall
                0x000000001000575c       0x20 CMakeFiles/sd_fat_spi.dir/Users/remon/pico/pico-sdk/lib/tinyusb/src/portable/raspberrypi/rp2040/dcd_rp2040.c.obj
                0x000000001000575c                dcd_edpt_clear_stall
 .text.prepare_ep_buffer
                0x000000001000577c       0x70 CMakeFiles/sd_fat_spi.dir/Users/remon/pico/pico-sdk/lib/tinyusb/src/portable/raspberrypi/rp2040/rp2040_usb.c.obj
 .text.sync_ep_buffer
                0x00000000100057ec       0x7c CMakeFiles/sd_fat_spi.dir/Users/remon/pico/pico-sdk/lib/tinyusb/src/portable/raspberrypi/rp2040/rp2040_usb.c.obj
 .text._hw_endpoint_xfer_sync
                0x0000000010005868       0x28 CMakeFiles/sd_fat_spi.dir/Users/remon/pico/pico-sdk/lib/tinyusb/src/portable/raspberrypi/rp2040/rp2040_usb.c.obj
 .text.rp2040_usb_init
                0x0000000010005890       0x4c CMakeFiles/sd_fat_spi.dir/Users/remon/pico/pico-sdk/lib/tinyusb/src/portable/raspberrypi/rp2040/rp2040_usb.c.obj
                0x0000000010005890                rp2040_usb_init
 .text.hw_endpoint_reset_transfer
                0x00000000100058dc        0xc CMakeFiles/sd_fat_spi.dir/Users/remon/pico/pico-sdk/lib/tinyusb/src/portable/raspberrypi/rp2040/rp2040_usb.c.obj
                0x00000000100058dc                hw_endpoint_reset_transfer
 .text._hw_endpoint_buffer_control_update32
                0x00000000100058e8       0x58 CMakeFiles/sd_fat_spi.dir/Users/remon/pico/pico-sdk/lib/tinyusb/src/portable/raspberrypi/rp2040/rp2040_usb.c.obj
                0x00000000100058e8                _hw_endpoint_buffer_control_update32
 .text._hw_endpoint_start_next_buffer
                0x0000000010005940       0x74 CMakeFiles/sd_fat_spi.dir/Users/remon/pico/pico-sdk/lib/tinyusb/src/portable/raspberrypi/rp2040/rp2040_usb.c.obj
 .text.hw_endpoint_xfer_start
                0x00000000100059b4       0x48 CMakeFiles/sd_fat_spi.dir/Users/remon/pico/pico-sdk/lib/tinyusb/src/portable/raspberrypi/rp2040/rp2040_usb.c.obj
                0x00000000100059b4                hw_endpoint_xfer_start
 .text.hw_endpoint_xfer_continue
                0x00000000100059fc       0x38 CMakeFiles/sd_fat_spi.dir/Users/remon/pico/pico-sdk/lib/tinyusb/src/portable/raspberrypi/rp2040/rp2040_usb.c.obj
                0x00000000100059fc                hw_endpoint_xfer_continue
 .text.configuration_reset
                0x0000000010005a34       0x84 CMakeFiles/sd_fat_spi.dir/Users/remon/pico/pico-sdk/lib/tinyusb/src/device/usbd.c.obj
 .text.usbd_reset
                0x0000000010005ab8        0xc CMakeFiles/sd_fat_spi.dir/Users/remon/pico/pico-sdk/lib/tinyusb/src/device/usbd.c.obj
 .text.invoke_class_control
                0x0000000010005ac4       0x1a CMakeFiles/sd_fat_spi.dir/Users/remon/pico/pico-sdk/lib/tinyusb/src/device/usbd.c.obj
 *fill*         0x0000000010005ade        0x2 
 .text.process_set_config
                0x0000000010005ae0      0x1b0 CMakeFiles/sd_fat_spi.dir/Users/remon/pico/pico-sdk/lib/tinyusb/src/device/usbd.c.obj
 .text.process_get_descriptor
                0x0000000010005c90       0xec CMakeFiles/sd_fat_spi.dir/Users/remon/pico/pico-sdk/lib/tinyusb/src/device/usbd.c.obj
 .text.tud_mounted
                0x0000000010005d7c       0x10 CMakeFiles/sd_fat_spi.dir/Users/remon/pico/pico-sdk/lib/tinyusb/src/device/usbd.c.obj
                0x0000000010005d7c                tud_mounted
 .text.tud_suspended
                0x0000000010005d8c       0x10 CMakeFiles/sd_fat_spi.dir/Users/remon/pico/pico-sdk/lib/tinyusb/src/device/usbd.c.obj
                0x0000000010005d8c                tud_suspended
 .text.tud_inited
                0x0000000010005d9c        0xc CMakeFiles/sd_fat_spi.dir/Users/remon/pico/pico-sdk/lib/tinyusb/src/device/usbd.c.obj
                0x0000000010005d9c                tud_inited
 .text.tud_init
                0x0000000010005da8       0xcc CMakeFiles/sd_fat_spi.dir/Users/remon/pico/pico-sdk/lib/tinyusb/src/device/usbd.c.obj
                0x0000000010005da8                tud_init
 .text.dcd_event_handler
                0x0000000010005e74      0x1e0 CMakeFiles/sd_fat_spi.dir/Users/remon/pico/pico-sdk/lib/tinyusb/src/device/usbd.c.obj
                0x0000000010005e74                dcd_event_handler
 .text.dcd_event_bus_signal
                0x0000000010006054       0x26 CMakeFiles/sd_fat_spi.dir/Users/remon/pico/pico-sdk/lib/tinyusb/src/device/usbd.c.obj
                0x0000000010006054                dcd_event_bus_signal
 .text.dcd_event_bus_reset
                0x000000001000607a       0x2a CMakeFiles/sd_fat_spi.dir/Users/remon/pico/pico-sdk/lib/tinyusb/src/device/usbd.c.obj
                0x000000001000607a                dcd_event_bus_reset
 .text.dcd_event_setup_received
                0x00000000100060a4       0x34 CMakeFiles/sd_fat_spi.dir/Users/remon/pico/pico-sdk/lib/tinyusb/src/device/usbd.c.obj
                0x00000000100060a4                dcd_event_setup_received
 .text.dcd_event_xfer_complete
                0x00000000100060d8       0x44 CMakeFiles/sd_fat_spi.dir/Users/remon/pico/pico-sdk/lib/tinyusb/src/device/usbd.c.obj
                0x00000000100060d8                dcd_event_xfer_complete
 .text.usbd_edpt_open
                0x000000001000611c       0x58 CMakeFiles/sd_fat_spi.dir/Users/remon/pico/pico-sdk/lib/tinyusb/src/device/usbd.c.obj
                0x000000001000611c                usbd_edpt_open
 .text.usbd_open_edpt_pair
                0x0000000010006174       0x8c CMakeFiles/sd_fat_spi.dir/Users/remon/pico/pico-sdk/lib/tinyusb/src/device/usbd.c.obj
                0x0000000010006174                usbd_open_edpt_pair
 .text.usbd_edpt_claim
                0x0000000010006200       0x8c CMakeFiles/sd_fat_spi.dir/Users/remon/pico/pico-sdk/lib/tinyusb/src/device/usbd.c.obj
                0x0000000010006200                usbd_edpt_claim
 .text.usbd_edpt_release
                0x000000001000628c       0x68 CMakeFiles/sd_fat_spi.dir/Users/remon/pico/pico-sdk/lib/tinyusb/src/device/usbd.c.obj
                0x000000001000628c                usbd_edpt_release
 .text.usbd_edpt_xfer
                0x00000000100062f4       0x80 CMakeFiles/sd_fat_spi.dir/Users/remon/pico/pico-sdk/lib/tinyusb/src/device/usbd.c.obj
                0x00000000100062f4                usbd_edpt_xfer
 .text.usbd_edpt_stall
                0x0000000010006374       0x40 CMakeFiles/sd_fat_spi.dir/Users/remon/pico/pico-sdk/lib/tinyusb/src/device/usbd.c.obj
                0x0000000010006374                usbd_edpt_stall
 .text.usbd_edpt_clear_stall
                0x00000000100063b4       0x40 CMakeFiles/sd_fat_spi.dir/Users/remon/pico/pico-sdk/lib/tinyusb/src/device/usbd.c.obj
                0x00000000100063b4                usbd_edpt_clear_stall
 .text.usbd_edpt_stalled
                0x00000000100063f4       0x1c CMakeFiles/sd_fat_spi.dir/Users/remon/pico/pico-sdk/lib/tinyusb/src/device/usbd.c.obj
                0x00000000100063f4                usbd_edpt_stalled
 .text.process_control_request
                0x0000000010006410      0x3b8 CMakeFiles/sd_fat_spi.dir/Users/remon/pico/pico-sdk/lib/tinyusb/src/device/usbd.c.obj
 .text.tud_task
                0x00000000100067c8      0x218 CMakeFiles/sd_fat_spi.dir/Users/remon/pico/pico-sdk/lib/tinyusb/src/device/usbd.c.obj
                0x00000000100067c8                tud_task
 .text._data_stage_xact
                0x00000000100069e0       0x58 CMakeFiles/sd_fat_spi.dir/Users/remon/pico/pico-sdk/lib/tinyusb/src/device/usbd_control.c.obj
 .text.tud_control_status
                0x0000000010006a38       0x38 CMakeFiles/sd_fat_spi.dir/Users/remon/pico/pico-sdk/lib/tinyusb/src/device/usbd_control.c.obj
                0x0000000010006a38                tud_control_status
 .text.tud_control_xfer
                0x0000000010006a70       0xa8 CMakeFiles/sd_fat_spi.dir/Users/remon/pico/pico-sdk/lib/tinyusb/src/device/usbd_control.c.obj
                0x0000000010006a70                tud_control_xfer
 .text.usbd_control_reset
                0x0000000010006b18       0x14 CMakeFiles/sd_fat_spi.dir/Users/remon/pico/pico-sdk/lib/tinyusb/src/device/usbd_control.c.obj
                0x0000000010006b18                usbd_control_reset
 .text.usbd_control_set_complete_callback
                0x0000000010006b2c        0xc CMakeFiles/sd_fat_spi.dir/Users/remon/pico/pico-sdk/lib/tinyusb/src/device/usbd_control.c.obj
                0x0000000010006b2c                usbd_control_set_complete_callback
 .text.usbd_control_set_request
                0x0000000010006b38       0x1c CMakeFiles/sd_fat_spi.dir/Users/remon/pico/pico-sdk/lib/tinyusb/src/device/usbd_control.c.obj
                0x0000000010006b38                usbd_control_set_request
 .text.usbd_control_xfer_cb
                0x0000000010006b54       0xfc CMakeFiles/sd_fat_spi.dir/Users/remon/pico/pico-sdk/lib/tinyusb/src/device/usbd_control.c.obj
                0x0000000010006b54                usbd_control_xfer_cb
 .text._prep_out_transaction
                0x0000000010006c50       0x46 CMakeFiles/sd_fat_spi.dir/Users/remon/pico/pico-sdk/lib/tinyusb/src/class/cdc/cdc_device.c.obj
 *fill*         0x0000000010006c96        0x2 
 .text.tud_cdc_n_connected
                0x0000000010006c98       0x44 CMakeFiles/sd_fat_spi.dir/Users/remon/pico/pico-sdk/lib/tinyusb/src/class/cdc/cdc_device.c.obj
                0x0000000010006c98                tud_cdc_n_connected
 .text.tud_cdc_n_available
                0x0000000010006cdc       0x18 CMakeFiles/sd_fat_spi.dir/Users/remon/pico/pico-sdk/lib/tinyusb/src/class/cdc/cdc_device.c.obj
                0x0000000010006cdc                tud_cdc_n_available
 .text.tud_cdc_n_read
                0x0000000010006cf4       0x28 CMakeFiles/sd_fat_spi.dir/Users/remon/pico/pico-sdk/lib/tinyusb/src/class/cdc/cdc_device.c.obj
                0x0000000010006cf4                tud_cdc_n_read
 .text.tud_cdc_n_write_flush
                0x0000000010006d1c       0xcc CMakeFiles/sd_fat_spi.dir/Users/remon/pico/pico-sdk/lib/tinyusb/src/class/cdc/cdc_device.c.obj
                0x0000000010006d1c                tud_cdc_n_write_flush
 .text.tud_cdc_n_write
                0x0000000010006de8       0x38 CMakeFiles/sd_fat_spi.dir/Users/remon/pico/pico-sdk/lib/tinyusb/src/class/cdc/cdc_device.c.obj
                0x0000000010006de8                tud_cdc_n_write
 .text.tud_cdc_n_write_available
                0x0000000010006e20       0x1c CMakeFiles/sd_fat_spi.dir/Users/remon/pico/pico-sdk/lib/tinyusb/src/class/cdc/cdc_device.c.obj
                0x0000000010006e20                tud_cdc_n_write_available
 .text.cdcd_init
                0x0000000010006e3c       0xbc CMakeFiles/sd_fat_spi.dir/Users/remon/pico/pico-sdk/lib/tinyusb/src/class/cdc/cdc_device.c.obj
                0x0000000010006e3c                cdcd_init
 .text.cdcd_reset
                0x0000000010006ef8       0x44 CMakeFiles/sd_fat_spi.dir/Users/remon/pico/pico-sdk/lib/tinyusb/src/class/cdc/cdc_device.c.obj
                0x0000000010006ef8                cdcd_reset
 .text.cdcd_open
                0x0000000010006f3c       0xf8 CMakeFiles/sd_fat_spi.dir/Users/remon/pico/pico-sdk/lib/tinyusb/src/class/cdc/cdc_device.c.obj
                0x0000000010006f3c                cdcd_open
 .text.cdcd_control_xfer_cb
                0x0000000010007034      0x134 CMakeFiles/sd_fat_spi.dir/Users/remon/pico/pico-sdk/lib/tinyusb/src/class/cdc/cdc_device.c.obj
                0x0000000010007034                cdcd_control_xfer_cb
 .text.cdcd_xfer_cb
                0x0000000010007168      0x144 CMakeFiles/sd_fat_spi.dir/Users/remon/pico/pico-sdk/lib/tinyusb/src/class/cdc/cdc_device.c.obj
                0x0000000010007168                cdcd_xfer_cb
 .text.tusb_init
                0x00000000100072ac       0x24 CMakeFiles/sd_fat_spi.dir/Users/remon/pico/pico-sdk/lib/tinyusb/src/tusb.c.obj
                0x00000000100072ac                tusb_init
 .text.tusb_inited
                0x00000000100072d0        0xe CMakeFiles/sd_fat_spi.dir/Users/remon/pico/pico-sdk/lib/tinyusb/src/tusb.c.obj
                0x00000000100072d0                tusb_inited
 *fill*         0x00000000100072de        0x2 
 .text.tu_edpt_validate
                0x00000000100072e0       0xa8 CMakeFiles/sd_fat_spi.dir/Users/remon/pico/pico-sdk/lib/tinyusb/src/tusb.c.obj
                0x00000000100072e0                tu_edpt_validate
 .text.tu_edpt_bind_driver
                0x0000000010007388       0x2a CMakeFiles/sd_fat_spi.dir/Users/remon/pico/pico-sdk/lib/tinyusb/src/tusb.c.obj
                0x0000000010007388                tu_edpt_bind_driver
 .text.advance_pointer
                0x00000000100073b2       0x18 CMakeFiles/sd_fat_spi.dir/Users/remon/pico/pico-sdk/lib/tinyusb/src/common/tusb_fifo.c.obj
 .text.backward_pointer
                0x00000000100073ca       0x1e CMakeFiles/sd_fat_spi.dir/Users/remon/pico/pico-sdk/lib/tinyusb/src/common/tusb_fifo.c.obj
 .text.get_relative_pointer
                0x00000000100073e8       0x10 CMakeFiles/sd_fat_spi.dir/Users/remon/pico/pico-sdk/lib/tinyusb/src/common/tusb_fifo.c.obj
 .text._tu_fifo_peek
                0x00000000100073f8       0x50 CMakeFiles/sd_fat_spi.dir/Users/remon/pico/pico-sdk/lib/tinyusb/src/common/tusb_fifo.c.obj
 .text._ff_pull_const_addr
                0x0000000010007448       0x4c CMakeFiles/sd_fat_spi.dir/Users/remon/pico/pico-sdk/lib/tinyusb/src/common/tusb_fifo.c.obj
 .text._ff_pull_n
                0x0000000010007494      0x10c CMakeFiles/sd_fat_spi.dir/Users/remon/pico/pico-sdk/lib/tinyusb/src/common/tusb_fifo.c.obj
 .text._tu_fifo_peek_n
                0x00000000100075a0       0x5e CMakeFiles/sd_fat_spi.dir/Users/remon/pico/pico-sdk/lib/tinyusb/src/common/tusb_fifo.c.obj
 .text._tu_fifo_read_n
                0x00000000100075fe       0x4e CMakeFiles/sd_fat_spi.dir/Users/remon/pico/pico-sdk/lib/tinyusb/src/common/tusb_fifo.c.obj
 .text._ff_push_const_addr
                0x000000001000764c       0x40 CMakeFiles/sd_fat_spi.dir/Users/remon/pico/pico-sdk/lib/tinyusb/src/common/tusb_fifo.c.obj
 .text._ff_push_n
                0x000000001000768c      0x108 CMakeFiles/sd_fat_spi.dir/Users/remon/pico/pico-sdk/lib/tinyusb/src/common/tusb_fifo.c.obj
 .text._tu_fifo_write_n
                0x0000000010007794       0x9e CMakeFiles/sd_fat_spi.dir/Users/remon/pico/pico-sdk/lib/tinyusb/src/common/tusb_fifo.c.obj
 .text.tu_fifo_config
                0x0000000010007832       0x72 CMakeFiles/sd_fat_spi.dir/Users/remon/pico/pico-sdk/lib/tinyusb/src/common/tusb_fifo.c.obj
                0x0000000010007832                tu_fifo_config
 .text.tu_fifo_count
                0x00000000100078a4       0x26 CMakeFiles/sd_fat_spi.dir/Users/remon/pico/pico-sdk/lib/tinyusb/src/common/tusb_fifo.c.obj
                0x00000000100078a4                tu_fifo_count
 .text.tu_fifo_empty
                0x00000000100078ca       0x10 CMakeFiles/sd_fat_spi.dir/Users/remon/pico/pico-sdk/lib/tinyusb/src/common/tusb_fifo.c.obj
                0x00000000100078ca                tu_fifo_empty
 .text.tu_fifo_remaining
                0x00000000100078da       0x20 CMakeFiles/sd_fat_spi.dir/Users/remon/pico/pico-sdk/lib/tinyusb/src/common/tusb_fifo.c.obj
                0x00000000100078da                tu_fifo_remaining
 .text.tu_fifo_read
                0x00000000100078fa       0x42 CMakeFiles/sd_fat_spi.dir/Users/remon/pico/pico-sdk/lib/tinyusb/src/common/tusb_fifo.c.obj
                0x00000000100078fa                tu_fifo_read
 .text.tu_fifo_read_n
                0x000000001000793c        0xa CMakeFiles/sd_fat_spi.dir/Users/remon/pico/pico-sdk/lib/tinyusb/src/common/tusb_fifo.c.obj
                0x000000001000793c                tu_fifo_read_n
 .text.tu_fifo_write
                0x0000000010007946       0x6c CMakeFiles/sd_fat_spi.dir/Users/remon/pico/pico-sdk/lib/tinyusb/src/common/tusb_fifo.c.obj
                0x0000000010007946                tu_fifo_write
 .text.tu_fifo_write_n
                0x00000000100079b2        0xa CMakeFiles/sd_fat_spi.dir/Users/remon/pico/pico-sdk/lib/tinyusb/src/common/tusb_fifo.c.obj
                0x00000000100079b2                tu_fifo_write_n
 .text.tu_fifo_clear
                0x00000000100079bc       0x4c CMakeFiles/sd_fat_spi.dir/Users/remon/pico/pico-sdk/lib/tinyusb/src/common/tusb_fifo.c.obj
                0x00000000100079bc                tu_fifo_clear
 .text.tu_fifo_set_overwritable
                0x0000000010007a08       0x3c CMakeFiles/sd_fat_spi.dir/Users/remon/pico/pico-sdk/lib/tinyusb/src/common/tusb_fifo.c.obj
                0x0000000010007a08                tu_fifo_set_overwritable
 .text._retrieve_unique_id_on_boot
                0x0000000010007a44       0x10 CMakeFiles/sd_fat_spi.dir/Users/remon/pico/pico-sdk/src/rp2_common/pico_unique_id/unique_id.c.obj
 .text.pico_get_unique_board_id_string
                0x0000000010007a54       0x60 CMakeFiles/sd_fat_spi.dir/Users/remon/pico/pico-sdk/src/rp2_common/pico_unique_id/unique_id.c.obj
                0x0000000010007a54                pico_get_unique_board_id_string
 .text.flash_get_unique_id
                0x0000000010007ab4       0x46 CMakeFiles/sd_fat_spi.dir/Users/remon/pico/pico-sdk/src/rp2_common/hardware_flash/flash.c.obj
                0x0000000010007ab4                flash_get_unique_id
 .text.ff_memalloc
                0x0000000010007afa        0x8 CMakeFiles/sd_fat_spi.dir/lib/no-OS-FatFS-SD-SPI-RPi-Pico/FatFs_SPI/ff14a/source/ffsystem.c.obj
                0x0000000010007afa                ff_memalloc
 .text.ff_memfree
                0x0000000010007b02        0x8 CMakeFiles/sd_fat_spi.dir/lib/no-OS-FatFS-SD-SPI-RPi-Pico/FatFs_SPI/ff14a/source/ffsystem.c.obj
                0x0000000010007b02                ff_memfree
 *fill*         0x0000000010007b0a        0x2 
 .text.ff_uni2oem
                0x0000000010007b0c       0x44 CMakeFiles/sd_fat_spi.dir/lib/no-OS-FatFS-SD-SPI-RPi-Pico/FatFs_SPI/ff14a/source/ffunicode.c.obj
                0x0000000010007b0c                ff_uni2oem
 .text.ff_wtoupper
                0x0000000010007b50       0xa8 CMakeFiles/sd_fat_spi.dir/lib/no-OS-FatFS-SD-SPI-RPi-Pico/FatFs_SPI/ff14a/source/ffunicode.c.obj
                0x0000000010007b50                ff_wtoupper
 .text.ld_word  0x0000000010007bf8        0xa CMakeFiles/sd_fat_spi.dir/lib/no-OS-FatFS-SD-SPI-RPi-Pico/FatFs_SPI/ff14a/source/ff.c.obj
 .text.ld_dword
                0x0000000010007c02       0x18 CMakeFiles/sd_fat_spi.dir/lib/no-OS-FatFS-SD-SPI-RPi-Pico/FatFs_SPI/ff14a/source/ff.c.obj
 .text.ld_qword
                0x0000000010007c1a       0x42 CMakeFiles/sd_fat_spi.dir/lib/no-OS-FatFS-SD-SPI-RPi-Pico/FatFs_SPI/ff14a/source/ff.c.obj
 .text.st_word  0x0000000010007c5c        0x8 CMakeFiles/sd_fat_spi.dir/lib/no-OS-FatFS-SD-SPI-RPi-Pico/FatFs_SPI/ff14a/source/ff.c.obj
 .text.st_dword
                0x0000000010007c64       0x10 CMakeFiles/sd_fat_spi.dir/lib/no-OS-FatFS-SD-SPI-RPi-Pico/FatFs_SPI/ff14a/source/ff.c.obj
 .text.st_qword
                0x0000000010007c74       0x1e CMakeFiles/sd_fat_spi.dir/lib/no-OS-FatFS-SD-SPI-RPi-Pico/FatFs_SPI/ff14a/source/ff.c.obj
 .text.mem_cpy  0x0000000010007c92       0x16 CMakeFiles/sd_fat_spi.dir/lib/no-OS-FatFS-SD-SPI-RPi-Pico/FatFs_SPI/ff14a/source/ff.c.obj
 .text.mem_set  0x0000000010007ca8        0xc CMakeFiles/sd_fat_spi.dir/lib/no-OS-FatFS-SD-SPI-RPi-Pico/FatFs_SPI/ff14a/source/ff.c.obj
 .text.mem_cmp  0x0000000010007cb4       0x1a CMakeFiles/sd_fat_spi.dir/lib/no-OS-FatFS-SD-SPI-RPi-Pico/FatFs_SPI/ff14a/source/ff.c.obj
 .text.chk_chr  0x0000000010007cce       0x12 CMakeFiles/sd_fat_spi.dir/lib/no-OS-FatFS-SD-SPI-RPi-Pico/FatFs_SPI/ff14a/source/ff.c.obj
 .text.dbc_1st  0x0000000010007ce0        0x4 CMakeFiles/sd_fat_spi.dir/lib/no-OS-FatFS-SD-SPI-RPi-Pico/FatFs_SPI/ff14a/source/ff.c.obj
 .text.tchar2uni
                0x0000000010007ce4       0xd0 CMakeFiles/sd_fat_spi.dir/lib/no-OS-FatFS-SD-SPI-RPi-Pico/FatFs_SPI/ff14a/source/ff.c.obj
 .text.chk_lock
                0x0000000010007db4       0x78 CMakeFiles/sd_fat_spi.dir/lib/no-OS-FatFS-SD-SPI-RPi-Pico/FatFs_SPI/ff14a/source/ff.c.obj
 .text.enq_lock
                0x0000000010007e2c       0x20 CMakeFiles/sd_fat_spi.dir/lib/no-OS-FatFS-SD-SPI-RPi-Pico/FatFs_SPI/ff14a/source/ff.c.obj
 .text.inc_lock
                0x0000000010007e4c       0xa8 CMakeFiles/sd_fat_spi.dir/lib/no-OS-FatFS-SD-SPI-RPi-Pico/FatFs_SPI/ff14a/source/ff.c.obj
 .text.dec_lock
                0x0000000010007ef4       0x44 CMakeFiles/sd_fat_spi.dir/lib/no-OS-FatFS-SD-SPI-RPi-Pico/FatFs_SPI/ff14a/source/ff.c.obj
 .text.clear_lock
                0x0000000010007f38       0x24 CMakeFiles/sd_fat_spi.dir/lib/no-OS-FatFS-SD-SPI-RPi-Pico/FatFs_SPI/ff14a/source/ff.c.obj
 .text.clst2sect
                0x0000000010007f5c       0x28 CMakeFiles/sd_fat_spi.dir/lib/no-OS-FatFS-SD-SPI-RPi-Pico/FatFs_SPI/ff14a/source/ff.c.obj
 .text.clmt_clust
                0x0000000010007f84       0x30 CMakeFiles/sd_fat_spi.dir/lib/no-OS-FatFS-SD-SPI-RPi-Pico/FatFs_SPI/ff14a/source/ff.c.obj
 .text.ld_clust
                0x0000000010007fb4       0x26 CMakeFiles/sd_fat_spi.dir/lib/no-OS-FatFS-SD-SPI-RPi-Pico/FatFs_SPI/ff14a/source/ff.c.obj
 .text.st_clust
                0x0000000010007fda       0x26 CMakeFiles/sd_fat_spi.dir/lib/no-OS-FatFS-SD-SPI-RPi-Pico/FatFs_SPI/ff14a/source/ff.c.obj
 .text.pick_lfn
                0x0000000010008000       0x94 CMakeFiles/sd_fat_spi.dir/lib/no-OS-FatFS-SD-SPI-RPi-Pico/FatFs_SPI/ff14a/source/ff.c.obj
 .text.put_lfn  0x0000000010008094       0x8c CMakeFiles/sd_fat_spi.dir/lib/no-OS-FatFS-SD-SPI-RPi-Pico/FatFs_SPI/ff14a/source/ff.c.obj
 .text.gen_numname
                0x0000000010008120       0xa8 CMakeFiles/sd_fat_spi.dir/lib/no-OS-FatFS-SD-SPI-RPi-Pico/FatFs_SPI/ff14a/source/ff.c.obj
 .text.sum_sfn  0x00000000100081c8       0x20 CMakeFiles/sd_fat_spi.dir/lib/no-OS-FatFS-SD-SPI-RPi-Pico/FatFs_SPI/ff14a/source/ff.c.obj
 .text.xdir_sum
                0x00000000100081e8       0x2e CMakeFiles/sd_fat_spi.dir/lib/no-OS-FatFS-SD-SPI-RPi-Pico/FatFs_SPI/ff14a/source/ff.c.obj
 .text.init_alloc_info
                0x0000000010008216       0x2e CMakeFiles/sd_fat_spi.dir/lib/no-OS-FatFS-SD-SPI-RPi-Pico/FatFs_SPI/ff14a/source/ff.c.obj
 .text.get_ldnumber
                0x0000000010008244       0x5c CMakeFiles/sd_fat_spi.dir/lib/no-OS-FatFS-SD-SPI-RPi-Pico/FatFs_SPI/ff14a/source/ff.c.obj
 .text.crc32    0x00000000100082a0       0x2c CMakeFiles/sd_fat_spi.dir/lib/no-OS-FatFS-SD-SPI-RPi-Pico/FatFs_SPI/ff14a/source/ff.c.obj
 .text.test_gpt_header
                0x00000000100082cc       0x64 CMakeFiles/sd_fat_spi.dir/lib/no-OS-FatFS-SD-SPI-RPi-Pico/FatFs_SPI/ff14a/source/ff.c.obj
 .text.validate
                0x0000000010008330       0x52 CMakeFiles/sd_fat_spi.dir/lib/no-OS-FatFS-SD-SPI-RPi-Pico/FatFs_SPI/ff14a/source/ff.c.obj
 .text.sync_window
                0x0000000010008382       0x70 CMakeFiles/sd_fat_spi.dir/lib/no-OS-FatFS-SD-SPI-RPi-Pico/FatFs_SPI/ff14a/source/ff.c.obj
 .text.move_window
                0x00000000100083f2       0x4c CMakeFiles/sd_fat_spi.dir/lib/no-OS-FatFS-SD-SPI-RPi-Pico/FatFs_SPI/ff14a/source/ff.c.obj
 *fill*         0x000000001000843e        0x2 
 .text.check_fs
                0x0000000010008440       0xdc CMakeFiles/sd_fat_spi.dir/lib/no-OS-FatFS-SD-SPI-RPi-Pico/FatFs_SPI/ff14a/source/ff.c.obj
 .text.find_volume
                0x000000001000851c      0x14c CMakeFiles/sd_fat_spi.dir/lib/no-OS-FatFS-SD-SPI-RPi-Pico/FatFs_SPI/ff14a/source/ff.c.obj
 .text.mount_volume
                0x0000000010008668      0x540 CMakeFiles/sd_fat_spi.dir/lib/no-OS-FatFS-SD-SPI-RPi-Pico/FatFs_SPI/ff14a/source/ff.c.obj
 .text.find_bitmap
                0x0000000010008ba8       0xa6 CMakeFiles/sd_fat_spi.dir/lib/no-OS-FatFS-SD-SPI-RPi-Pico/FatFs_SPI/ff14a/source/ff.c.obj
 .text.change_bitmap
                0x0000000010008c4e       0x96 CMakeFiles/sd_fat_spi.dir/lib/no-OS-FatFS-SD-SPI-RPi-Pico/FatFs_SPI/ff14a/source/ff.c.obj
 .text.put_fat  0x0000000010008ce4      0x176 CMakeFiles/sd_fat_spi.dir/lib/no-OS-FatFS-SD-SPI-RPi-Pico/FatFs_SPI/ff14a/source/ff.c.obj
 .text.fill_last_frag
                0x0000000010008e5a       0x32 CMakeFiles/sd_fat_spi.dir/lib/no-OS-FatFS-SD-SPI-RPi-Pico/FatFs_SPI/ff14a/source/ff.c.obj
 .text.fill_first_frag
                0x0000000010008e8c       0x32 CMakeFiles/sd_fat_spi.dir/lib/no-OS-FatFS-SD-SPI-RPi-Pico/FatFs_SPI/ff14a/source/ff.c.obj
 *fill*         0x0000000010008ebe        0x2 
 .text.get_fat  0x0000000010008ec0      0x1ac CMakeFiles/sd_fat_spi.dir/lib/no-OS-FatFS-SD-SPI-RPi-Pico/FatFs_SPI/ff14a/source/ff.c.obj
 .text.create_chain
                0x000000001000906c      0x1c6 CMakeFiles/sd_fat_spi.dir/lib/no-OS-FatFS-SD-SPI-RPi-Pico/FatFs_SPI/ff14a/source/ff.c.obj
 .text.dir_sdi  0x0000000010009232       0xd4 CMakeFiles/sd_fat_spi.dir/lib/no-OS-FatFS-SD-SPI-RPi-Pico/FatFs_SPI/ff14a/source/ff.c.obj
 .text.remove_chain
                0x0000000010009306      0x14c CMakeFiles/sd_fat_spi.dir/lib/no-OS-FatFS-SD-SPI-RPi-Pico/FatFs_SPI/ff14a/source/ff.c.obj
 .text.dir_clear
                0x0000000010009452       0xf0 CMakeFiles/sd_fat_spi.dir/lib/no-OS-FatFS-SD-SPI-RPi-Pico/FatFs_SPI/ff14a/source/ff.c.obj
 .text.dir_next
                0x0000000010009542      0x104 CMakeFiles/sd_fat_spi.dir/lib/no-OS-FatFS-SD-SPI-RPi-Pico/FatFs_SPI/ff14a/source/ff.c.obj
 .text.load_xdir
                0x0000000010009646      0x10c CMakeFiles/sd_fat_spi.dir/lib/no-OS-FatFS-SD-SPI-RPi-Pico/FatFs_SPI/ff14a/source/ff.c.obj
 .text.load_obj_xdir
                0x0000000010009752       0x36 CMakeFiles/sd_fat_spi.dir/lib/no-OS-FatFS-SD-SPI-RPi-Pico/FatFs_SPI/ff14a/source/ff.c.obj
 .text.dir_read
                0x0000000010009788      0x114 CMakeFiles/sd_fat_spi.dir/lib/no-OS-FatFS-SD-SPI-RPi-Pico/FatFs_SPI/ff14a/source/ff.c.obj
 .text.dir_alloc
                0x000000001000989c       0x70 CMakeFiles/sd_fat_spi.dir/lib/no-OS-FatFS-SD-SPI-RPi-Pico/FatFs_SPI/ff14a/source/ff.c.obj
 .text.store_xdir
                0x000000001000990c       0x66 CMakeFiles/sd_fat_spi.dir/lib/no-OS-FatFS-SD-SPI-RPi-Pico/FatFs_SPI/ff14a/source/ff.c.obj
 *fill*         0x0000000010009972        0x2 
 .text.create_name
                0x0000000010009974      0x31c CMakeFiles/sd_fat_spi.dir/lib/no-OS-FatFS-SD-SPI-RPi-Pico/FatFs_SPI/ff14a/source/ff.c.obj
 .text.xname_sum
                0x0000000010009c90       0x38 CMakeFiles/sd_fat_spi.dir/lib/no-OS-FatFS-SD-SPI-RPi-Pico/FatFs_SPI/ff14a/source/ff.c.obj
 .text.create_xdir
                0x0000000010009cc8       0x90 CMakeFiles/sd_fat_spi.dir/lib/no-OS-FatFS-SD-SPI-RPi-Pico/FatFs_SPI/ff14a/source/ff.c.obj
 .text.cmp_lfn  0x0000000010009d58       0xb0 CMakeFiles/sd_fat_spi.dir/lib/no-OS-FatFS-SD-SPI-RPi-Pico/FatFs_SPI/ff14a/source/ff.c.obj
 .text.dir_find
                0x0000000010009e08      0x18c CMakeFiles/sd_fat_spi.dir/lib/no-OS-FatFS-SD-SPI-RPi-Pico/FatFs_SPI/ff14a/source/ff.c.obj
 .text.follow_path
                0x0000000010009f94      0x11a CMakeFiles/sd_fat_spi.dir/lib/no-OS-FatFS-SD-SPI-RPi-Pico/FatFs_SPI/ff14a/source/ff.c.obj
 .text.dir_register
                0x000000001000a0ae      0x214 CMakeFiles/sd_fat_spi.dir/lib/no-OS-FatFS-SD-SPI-RPi-Pico/FatFs_SPI/ff14a/source/ff.c.obj
 *fill*         0x000000001000a2c2        0x2 
 .text.sync_fs  0x000000001000a2c4       0xa8 CMakeFiles/sd_fat_spi.dir/lib/no-OS-FatFS-SD-SPI-RPi-Pico/FatFs_SPI/ff14a/source/ff.c.obj
 .text.f_mount  0x000000001000a36c       0x5c CMakeFiles/sd_fat_spi.dir/lib/no-OS-FatFS-SD-SPI-RPi-Pico/FatFs_SPI/ff14a/source/ff.c.obj
                0x000000001000a36c                f_mount
 .text.f_open   0x000000001000a3c8      0x35c CMakeFiles/sd_fat_spi.dir/lib/no-OS-FatFS-SD-SPI-RPi-Pico/FatFs_SPI/ff14a/source/ff.c.obj
                0x000000001000a3c8                f_open
 .text.f_read   0x000000001000a724      0x250 CMakeFiles/sd_fat_spi.dir/lib/no-OS-FatFS-SD-SPI-RPi-Pico/FatFs_SPI/ff14a/source/ff.c.obj
                0x000000001000a724                f_read
 .text.f_sync   0x000000001000a974      0x17e CMakeFiles/sd_fat_spi.dir/lib/no-OS-FatFS-SD-SPI-RPi-Pico/FatFs_SPI/ff14a/source/ff.c.obj
                0x000000001000a974                f_sync
 .text.f_close  0x000000001000aaf2       0x2e CMakeFiles/sd_fat_spi.dir/lib/no-OS-FatFS-SD-SPI-RPi-Pico/FatFs_SPI/ff14a/source/ff.c.obj
                0x000000001000aaf2                f_close
 .text.f_gets   0x000000001000ab20      0x17c CMakeFiles/sd_fat_spi.dir/lib/no-OS-FatFS-SD-SPI-RPi-Pico/FatFs_SPI/ff14a/source/ff.c.obj
                0x000000001000ab20                f_gets
 .text.sd_spi_deselect
                0x000000001000ac9c       0x2c CMakeFiles/sd_fat_spi.dir/lib/no-OS-FatFS-SD-SPI-RPi-Pico/FatFs_SPI/sd_driver/sd_spi.c.obj
 .text.sd_spi_select
                0x000000001000acc8       0x2c CMakeFiles/sd_fat_spi.dir/lib/no-OS-FatFS-SD-SPI-RPi-Pico/FatFs_SPI/sd_driver/sd_spi.c.obj
 .text.sd_spi_lock
                0x000000001000acf4        0xa CMakeFiles/sd_fat_spi.dir/lib/no-OS-FatFS-SD-SPI-RPi-Pico/FatFs_SPI/sd_driver/sd_spi.c.obj
 .text.sd_spi_unlock
                0x000000001000acfe        0xa CMakeFiles/sd_fat_spi.dir/lib/no-OS-FatFS-SD-SPI-RPi-Pico/FatFs_SPI/sd_driver/sd_spi.c.obj
 .text.sd_spi_go_high_frequency
                0x000000001000ad08       0x20 CMakeFiles/sd_fat_spi.dir/lib/no-OS-FatFS-SD-SPI-RPi-Pico/FatFs_SPI/sd_driver/sd_spi.c.obj
                0x000000001000ad08                sd_spi_go_high_frequency
 .text.sd_spi_go_low_frequency
                0x000000001000ad28       0x24 CMakeFiles/sd_fat_spi.dir/lib/no-OS-FatFS-SD-SPI-RPi-Pico/FatFs_SPI/sd_driver/sd_spi.c.obj
                0x000000001000ad28                sd_spi_go_low_frequency
 .text.sd_spi_deselect_pulse
                0x000000001000ad4c       0x10 CMakeFiles/sd_fat_spi.dir/lib/no-OS-FatFS-SD-SPI-RPi-Pico/FatFs_SPI/sd_driver/sd_spi.c.obj
                0x000000001000ad4c                sd_spi_deselect_pulse
 .text.sd_spi_acquire
                0x000000001000ad5c       0x10 CMakeFiles/sd_fat_spi.dir/lib/no-OS-FatFS-SD-SPI-RPi-Pico/FatFs_SPI/sd_driver/sd_spi.c.obj
                0x000000001000ad5c                sd_spi_acquire
 .text.sd_spi_release
                0x000000001000ad6c       0x10 CMakeFiles/sd_fat_spi.dir/lib/no-OS-FatFS-SD-SPI-RPi-Pico/FatFs_SPI/sd_driver/sd_spi.c.obj
                0x000000001000ad6c                sd_spi_release
 .text.sd_spi_transfer
                0x000000001000ad7c        0xa CMakeFiles/sd_fat_spi.dir/lib/no-OS-FatFS-SD-SPI-RPi-Pico/FatFs_SPI/sd_driver/sd_spi.c.obj
                0x000000001000ad7c                sd_spi_transfer
 *fill*         0x000000001000ad86        0x2 
 .text.sd_spi_write
                0x000000001000ad88       0x44 CMakeFiles/sd_fat_spi.dir/lib/no-OS-FatFS-SD-SPI-RPi-Pico/FatFs_SPI/sd_driver/sd_spi.c.obj
                0x000000001000ad88                sd_spi_write
 .text.sd_spi_send_initializing_sequence
                0x000000001000adcc       0xc0 CMakeFiles/sd_fat_spi.dir/lib/no-OS-FatFS-SD-SPI-RPi-Pico/FatFs_SPI/sd_driver/sd_spi.c.obj
                0x000000001000adcc                sd_spi_send_initializing_sequence
 .text.spi0_dma_isr
                0x000000001000ae8c       0x10 CMakeFiles/sd_fat_spi.dir/lib/no-OS-FatFS-SD-SPI-RPi-Pico/FatFs_SPI/sd_driver/hw_config.c.obj
                0x000000001000ae8c                spi0_dma_isr
 .text.sd_get_num
                0x000000001000ae9c        0x4 CMakeFiles/sd_fat_spi.dir/lib/no-OS-FatFS-SD-SPI-RPi-Pico/FatFs_SPI/sd_driver/hw_config.c.obj
                0x000000001000ae9c                sd_get_num
 .text.sd_get_by_num
                0x000000001000aea0       0x24 CMakeFiles/sd_fat_spi.dir/lib/no-OS-FatFS-SD-SPI-RPi-Pico/FatFs_SPI/sd_driver/hw_config.c.obj
                0x000000001000aea0                sd_get_by_num
 .text.spi_get_num
                0x000000001000aec4        0x4 CMakeFiles/sd_fat_spi.dir/lib/no-OS-FatFS-SD-SPI-RPi-Pico/FatFs_SPI/sd_driver/hw_config.c.obj
                0x000000001000aec4                spi_get_num
 .text.spi_get_by_num
                0x000000001000aec8       0x1c CMakeFiles/sd_fat_spi.dir/lib/no-OS-FatFS-SD-SPI-RPi-Pico/FatFs_SPI/sd_driver/hw_config.c.obj
                0x000000001000aec8                spi_get_by_num
 .text.spi_lock
                0x000000001000aee4       0x30 CMakeFiles/sd_fat_spi.dir/lib/no-OS-FatFS-SD-SPI-RPi-Pico/FatFs_SPI/sd_driver/spi.c.obj
                0x000000001000aee4                spi_lock
 .text.spi_unlock
                0x000000001000af14       0x30 CMakeFiles/sd_fat_spi.dir/lib/no-OS-FatFS-SD-SPI-RPi-Pico/FatFs_SPI/sd_driver/spi.c.obj
                0x000000001000af14                spi_unlock
 .text.my_spi_init
                0x000000001000af44      0x250 CMakeFiles/sd_fat_spi.dir/lib/no-OS-FatFS-SD-SPI-RPi-Pico/FatFs_SPI/sd_driver/spi.c.obj
                0x000000001000af44                my_spi_init
 .text.ext_bits
                0x000000001000b194       0x30 CMakeFiles/sd_fat_spi.dir/lib/no-OS-FatFS-SD-SPI-RPi-Pico/FatFs_SPI/sd_driver/sd_card.c.obj
 .text.sd_lock  0x000000001000b1c4       0x30 CMakeFiles/sd_fat_spi.dir/lib/no-OS-FatFS-SD-SPI-RPi-Pico/FatFs_SPI/sd_driver/sd_card.c.obj
 .text.sd_acquire
                0x000000001000b1f4       0x10 CMakeFiles/sd_fat_spi.dir/lib/no-OS-FatFS-SD-SPI-RPi-Pico/FatFs_SPI/sd_driver/sd_card.c.obj
 .text.sd_cmd_spi
                0x000000001000b204       0x74 CMakeFiles/sd_fat_spi.dir/lib/no-OS-FatFS-SD-SPI-RPi-Pico/FatFs_SPI/sd_driver/sd_card.c.obj
 .text.sd_unlock
                0x000000001000b278       0x30 CMakeFiles/sd_fat_spi.dir/lib/no-OS-FatFS-SD-SPI-RPi-Pico/FatFs_SPI/sd_driver/sd_card.c.obj
 .text.sd_release
                0x000000001000b2a8       0x10 CMakeFiles/sd_fat_spi.dir/lib/no-OS-FatFS-SD-SPI-RPi-Pico/FatFs_SPI/sd_driver/sd_card.c.obj
 .text.sd_wait_token
                0x000000001000b2b8       0x9c CMakeFiles/sd_fat_spi.dir/lib/no-OS-FatFS-SD-SPI-RPi-Pico/FatFs_SPI/sd_driver/sd_card.c.obj
 .text.sd_read_bytes
                0x000000001000b354       0x90 CMakeFiles/sd_fat_spi.dir/lib/no-OS-FatFS-SD-SPI-RPi-Pico/FatFs_SPI/sd_driver/sd_card.c.obj
 .text.sd_read_block
                0x000000001000b3e4       0x8c CMakeFiles/sd_fat_spi.dir/lib/no-OS-FatFS-SD-SPI-RPi-Pico/FatFs_SPI/sd_driver/sd_card.c.obj
 .text.sd_wait_ready
                0x000000001000b470       0xc0 CMakeFiles/sd_fat_spi.dir/lib/no-OS-FatFS-SD-SPI-RPi-Pico/FatFs_SPI/sd_driver/sd_card.c.obj
 .text.sd_cmd   0x000000001000b530      0x2f0 CMakeFiles/sd_fat_spi.dir/lib/no-OS-FatFS-SD-SPI-RPi-Pico/FatFs_SPI/sd_driver/sd_card.c.obj
 .text.sd_cmd8  0x000000001000b820       0x50 CMakeFiles/sd_fat_spi.dir/lib/no-OS-FatFS-SD-SPI-RPi-Pico/FatFs_SPI/sd_driver/sd_card.c.obj
 .text.sd_sectors_nolock
                0x000000001000b870      0x144 CMakeFiles/sd_fat_spi.dir/lib/no-OS-FatFS-SD-SPI-RPi-Pico/FatFs_SPI/sd_driver/sd_card.c.obj
 .text.in_sd_read_blocks
                0x000000001000b9b4       0xbc CMakeFiles/sd_fat_spi.dir/lib/no-OS-FatFS-SD-SPI-RPi-Pico/FatFs_SPI/sd_driver/sd_card.c.obj
 .text.sd_go_idle_state
                0x000000001000ba70       0x44 CMakeFiles/sd_fat_spi.dir/lib/no-OS-FatFS-SD-SPI-RPi-Pico/FatFs_SPI/sd_driver/sd_card.c.obj
 .text.sd_init_card2
                0x000000001000bab4      0x188 CMakeFiles/sd_fat_spi.dir/lib/no-OS-FatFS-SD-SPI-RPi-Pico/FatFs_SPI/sd_driver/sd_card.c.obj
 .text.sd_write_block
                0x000000001000bc3c       0x8c CMakeFiles/sd_fat_spi.dir/lib/no-OS-FatFS-SD-SPI-RPi-Pico/FatFs_SPI/sd_driver/sd_card.c.obj
 .text.in_sd_write_blocks
                0x000000001000bcc8       0xf8 CMakeFiles/sd_fat_spi.dir/lib/no-OS-FatFS-SD-SPI-RPi-Pico/FatFs_SPI/sd_driver/sd_card.c.obj
 .text.sd_card_detect
                0x000000001000bdc0       0x50 CMakeFiles/sd_fat_spi.dir/lib/no-OS-FatFS-SD-SPI-RPi-Pico/FatFs_SPI/sd_driver/sd_card.c.obj
                0x000000001000bdc0                sd_card_detect
 .text.sd_sectors
                0x000000001000be10       0x1e CMakeFiles/sd_fat_spi.dir/lib/no-OS-FatFS-SD-SPI-RPi-Pico/FatFs_SPI/sd_driver/sd_card.c.obj
                0x000000001000be10                sd_sectors
 .text.sd_read_blocks
                0x000000001000be2e       0x2e CMakeFiles/sd_fat_spi.dir/lib/no-OS-FatFS-SD-SPI-RPi-Pico/FatFs_SPI/sd_driver/sd_card.c.obj
                0x000000001000be2e                sd_read_blocks
 .text.sd_write_blocks
                0x000000001000be5c       0x2e CMakeFiles/sd_fat_spi.dir/lib/no-OS-FatFS-SD-SPI-RPi-Pico/FatFs_SPI/sd_driver/sd_card.c.obj
                0x000000001000be5c                sd_write_blocks
 *fill*         0x000000001000be8a        0x2 
 .text.sd_init_driver
                0x000000001000be8c       0xbc CMakeFiles/sd_fat_spi.dir/lib/no-OS-FatFS-SD-SPI-RPi-Pico/FatFs_SPI/sd_driver/sd_card.c.obj
                0x000000001000be8c                sd_init_driver
 .text.sd_init_card
                0x000000001000bf48       0xfc CMakeFiles/sd_fat_spi.dir/lib/no-OS-FatFS-SD-SPI-RPi-Pico/FatFs_SPI/sd_driver/sd_card.c.obj
                0x000000001000bf48                sd_init_card
 .text.crc7     0x000000001000c044       0x20 CMakeFiles/sd_fat_spi.dir/lib/no-OS-FatFS-SD-SPI-RPi-Pico/FatFs_SPI/sd_driver/crc.c.obj
                0x000000001000c044                crc7
 .text.crc16    0x000000001000c064       0x28 CMakeFiles/sd_fat_spi.dir/lib/no-OS-FatFS-SD-SPI-RPi-Pico/FatFs_SPI/sd_driver/crc.c.obj
                0x000000001000c064                crc16
 .text.sdrc2dresult
                0x000000001000c08c       0x60 CMakeFiles/sd_fat_spi.dir/lib/no-OS-FatFS-SD-SPI-RPi-Pico/FatFs_SPI/src/glue.c.obj
 .text.disk_status
                0x000000001000c0ec       0x16 CMakeFiles/sd_fat_spi.dir/lib/no-OS-FatFS-SD-SPI-RPi-Pico/FatFs_SPI/src/glue.c.obj
                0x000000001000c0ec                disk_status
 .text.disk_initialize
                0x000000001000c102       0x16 CMakeFiles/sd_fat_spi.dir/lib/no-OS-FatFS-SD-SPI-RPi-Pico/FatFs_SPI/src/glue.c.obj
                0x000000001000c102                disk_initialize
 .text.disk_read
                0x000000001000c118       0x2e CMakeFiles/sd_fat_spi.dir/lib/no-OS-FatFS-SD-SPI-RPi-Pico/FatFs_SPI/src/glue.c.obj
                0x000000001000c118                disk_read
 .text.disk_write
                0x000000001000c146       0x2e CMakeFiles/sd_fat_spi.dir/lib/no-OS-FatFS-SD-SPI-RPi-Pico/FatFs_SPI/src/glue.c.obj
                0x000000001000c146                disk_write
 .text.disk_ioctl
                0x000000001000c174       0x4c CMakeFiles/sd_fat_spi.dir/lib/no-OS-FatFS-SD-SPI-RPi-Pico/FatFs_SPI/src/glue.c.obj
                0x000000001000c174                disk_ioctl
 .text.my_printf
                0x000000001000c1c0       0x4c CMakeFiles/sd_fat_spi.dir/lib/no-OS-FatFS-SD-SPI-RPi-Pico/FatFs_SPI/src/my_debug.c.obj
                0x000000001000c1c0                my_printf
 .text.my_assert_func
                0x000000001000c20c       0x2c CMakeFiles/sd_fat_spi.dir/lib/no-OS-FatFS-SD-SPI-RPi-Pico/FatFs_SPI/src/my_debug.c.obj
                0x000000001000c20c                my_assert_func
 .text.get_fattime
                0x000000001000c238       0x6c CMakeFiles/sd_fat_spi.dir/lib/no-OS-FatFS-SD-SPI-RPi-Pico/FatFs_SPI/src/rtc.c.obj
                0x000000001000c238                get_fattime
 .text.spi_set_baudrate
                0x000000001000c2a4       0x92 CMakeFiles/sd_fat_spi.dir/Users/remon/pico/pico-sdk/src/rp2_common/hardware_spi/spi.c.obj
                0x000000001000c2a4                spi_set_baudrate
 *fill*         0x000000001000c336        0x2 
 .text.spi_init
                0x000000001000c338       0x68 CMakeFiles/sd_fat_spi.dir/Users/remon/pico/pico-sdk/src/rp2_common/hardware_spi/spi.c.obj
                0x000000001000c338                spi_init
 .text.dma_claim_unused_channel
                0x000000001000c3a0       0x20 CMakeFiles/sd_fat_spi.dir/Users/remon/pico/pico-sdk/src/rp2_common/hardware_dma/dma.c.obj
                0x000000001000c3a0                dma_claim_unused_channel
 .text.rtc_running
                0x000000001000c3c0       0x10 CMakeFiles/sd_fat_spi.dir/Users/remon/pico/pico-sdk/src/rp2_common/hardware_rtc/rtc.c.obj
                0x000000001000c3c0                rtc_running
 .text.rtc_get_datetime
                0x000000001000c3d0       0x4c CMakeFiles/sd_fat_spi.dir/Users/remon/pico/pico-sdk/src/rp2_common/hardware_rtc/rtc.c.obj
                0x000000001000c3d0                rtc_get_datetime
 .text.core1_trampoline
                0x000000001000c41c        0x2 CMakeFiles/sd_fat_spi.dir/Users/remon/pico/pico-sdk/src/rp2_common/pico_multicore/multicore.c.obj
 .text.core1_wrapper
                0x000000001000c41e        0xc CMakeFiles/sd_fat_spi.dir/Users/remon/pico/pico-sdk/src/rp2_common/pico_multicore/multicore.c.obj
                0x000000001000c41e                core1_wrapper
 .text.multicore_fifo_push_blocking
                0x000000001000c42a       0x14 CMakeFiles/sd_fat_spi.dir/Users/remon/pico/pico-sdk/src/rp2_common/pico_multicore/multicore.c.obj
                0x000000001000c42a                multicore_fifo_push_blocking
 .text.multicore_fifo_pop_blocking
                0x000000001000c43e       0x16 CMakeFiles/sd_fat_spi.dir/Users/remon/pico/pico-sdk/src/rp2_common/pico_multicore/multicore.c.obj
                0x000000001000c43e                multicore_fifo_pop_blocking
 .text.multicore_launch_core1_raw
                0x000000001000c454       0x6e CMakeFiles/sd_fat_spi.dir/Users/remon/pico/pico-sdk/src/rp2_common/pico_multicore/multicore.c.obj
                0x000000001000c454                multicore_launch_core1_raw
 *fill*         0x000000001000c4c2        0x2 
 .text.multicore_launch_core1_with_stack
                0x000000001000c4c4       0x50 CMakeFiles/sd_fat_spi.dir/Users/remon/pico/pico-sdk/src/rp2_common/pico_multicore/multicore.c.obj
                0x000000001000c4c4                multicore_launch_core1_with_stack
 .text.multicore_launch_core1
                0x000000001000c514       0x24 CMakeFiles/sd_fat_spi.dir/Users/remon/pico/pico-sdk/src/rp2_common/pico_multicore/multicore.c.obj
                0x000000001000c514                multicore_launch_core1
 .text._pio_can_add_program_at_offset
                0x000000001000c538       0x3c CMakeFiles/sd_fat_spi.dir/Users/remon/pico/pico-sdk/src/rp2_common/hardware_pio/pio.c.obj
 .text._pio_find_offset_for_program
                0x000000001000c574       0x7c CMakeFiles/sd_fat_spi.dir/Users/remon/pico/pico-sdk/src/rp2_common/hardware_pio/pio.c.obj
 .text._pio_add_program_at_offset
                0x000000001000c5f0       0x78 CMakeFiles/sd_fat_spi.dir/Users/remon/pico/pico-sdk/src/rp2_common/hardware_pio/pio.c.obj
 .text.pio_add_program
                0x000000001000c668       0x38 CMakeFiles/sd_fat_spi.dir/Users/remon/pico/pico-sdk/src/rp2_common/hardware_pio/pio.c.obj
                0x000000001000c668                pio_add_program
 .text.pio_sm_set_consecutive_pindirs
                0x000000001000c6a0       0x70 CMakeFiles/sd_fat_spi.dir/Users/remon/pico/pico-sdk/src/rp2_common/hardware_pio/pio.c.obj
                0x000000001000c6a0                pio_sm_set_consecutive_pindirs
 .text.pio_sm_init
                0x000000001000c710       0xe4 CMakeFiles/sd_fat_spi.dir/Users/remon/pico/pico-sdk/src/rp2_common/hardware_pio/pio.c.obj
                0x000000001000c710                pio_sm_init
 .text.__sflush_r
                0x000000001000c7f4      0x140 /usr/local/Cellar/arm-none-eabi-gcc/10.3-2021.07/gcc/bin/../lib/gcc/arm-none-eabi/10.3.1/../../../../arm-none-eabi/lib/thumb/v6-m/nofp/libg.a(lib_a-fflush.o)
                0x000000001000c7f4                __sflush_r
 .text._fflush_r
                0x000000001000c934       0x6c /usr/local/Cellar/arm-none-eabi-gcc/10.3-2021.07/gcc/bin/../lib/gcc/arm-none-eabi/10.3.1/../../../../arm-none-eabi/lib/thumb/v6-m/nofp/libg.a(lib_a-fflush.o)
                0x000000001000c934                _fflush_r
 .text.fflush   0x000000001000c9a0       0x78 /usr/local/Cellar/arm-none-eabi-gcc/10.3-2021.07/gcc/bin/../lib/gcc/arm-none-eabi/10.3.1/../../../../arm-none-eabi/lib/thumb/v6-m/nofp/libg.a(lib_a-fflush.o)
                0x000000001000c9a0                fflush
 .text._cleanup_r
                0x000000001000ca18       0x10 /usr/local/Cellar/arm-none-eabi-gcc/10.3-2021.07/gcc/bin/../lib/gcc/arm-none-eabi/10.3.1/../../../../arm-none-eabi/lib/thumb/v6-m/nofp/libg.a(lib_a-findfp.o)
                0x000000001000ca18                _cleanup_r
 .text.__sinit  0x000000001000ca28      0x120 /usr/local/Cellar/arm-none-eabi-gcc/10.3-2021.07/gcc/bin/../lib/gcc/arm-none-eabi/10.3.1/../../../../arm-none-eabi/lib/thumb/v6-m/nofp/libg.a(lib_a-findfp.o)
                0x000000001000ca28                __sinit
 .text.__sfp_lock_acquire
                0x000000001000cb48       0x10 /usr/local/Cellar/arm-none-eabi-gcc/10.3-2021.07/gcc/bin/../lib/gcc/arm-none-eabi/10.3.1/../../../../arm-none-eabi/lib/thumb/v6-m/nofp/libg.a(lib_a-findfp.o)