Archive member included to satisfy reference by file (symbol)

/usr/local/Cellar/arm-none-eabi-gcc/10.3-2021.07/gcc/bin/../lib/gcc/arm-none-eabi/10.3.1/thumb/v6-m/nofp/libgcc.a(_dvmd_tls.o)
                              CMakeFiles/sd_fat_spi.dir/Users/remon/pico/pico-sdk/src/rp2_common/pico_divider/divider.S.obj (__aeabi_idiv0)
/usr/local/Cellar/arm-none-eabi-gcc/10.3-2021.07/gcc/bin/../lib/gcc/arm-none-eabi/10.3.1/../../../../arm-none-eabi/lib/thumb/v6-m/nofp/libg.a(lib_a-calloc.o)
                              CMakeFiles/sd_fat_spi.dir/Users/remon/pico/pico-sdk/src/rp2_common/pico_malloc/pico_malloc.c.obj (calloc)
/usr/local/Cellar/arm-none-eabi-gcc/10.3-2021.07/gcc/bin/../lib/gcc/arm-none-eabi/10.3.1/../../../../arm-none-eabi/lib/thumb/v6-m/nofp/libg.a(lib_a-callocr.o)
                              /usr/local/Cellar/arm-none-eabi-gcc/10.3-2021.07/gcc/bin/../lib/gcc/arm-none-eabi/10.3.1/../../../../arm-none-eabi/lib/thumb/v6-m/nofp/libg.a(lib_a-calloc.o) (_calloc_r)
/usr/local/Cellar/arm-none-eabi-gcc/10.3-2021.07/gcc/bin/../lib/gcc/arm-none-eabi/10.3.1/../../../../arm-none-eabi/lib/thumb/v6-m/nofp/libg.a(lib_a-ctype_.o)
                              CMakeFiles/sd_fat_spi.dir/Users/remon/pico/pico-sdk/lib/tinyusb/src/tusb.c.obj (_ctype_)
/usr/local/Cellar/arm-none-eabi-gcc/10.3-2021.07/gcc/bin/../lib/gcc/arm-none-eabi/10.3.1/../../../../arm-none-eabi/lib/thumb/v6-m/nofp/libg.a(lib_a-errno.o)
                              CMakeFiles/sd_fat_spi.dir/lib/no-OS-FatFS-SD-SPI-RPi-Pico/FatFs_SPI/src/ff_stdio.c.obj (__errno)
/usr/local/Cellar/arm-none-eabi-gcc/10.3-2021.07/gcc/bin/../lib/gcc/arm-none-eabi/10.3.1/../../../../arm-none-eabi/lib/thumb/v6-m/nofp/libg.a(lib_a-fflush.o)
                              CMakeFiles/sd_fat_spi.dir/lib/no-OS-FatFS-SD-SPI-RPi-Pico/FatFs_SPI/sd_driver/demo_logging.c.obj (fflush)
/usr/local/Cellar/arm-none-eabi-gcc/10.3-2021.07/gcc/bin/../lib/gcc/arm-none-eabi/10.3.1/../../../../arm-none-eabi/lib/thumb/v6-m/nofp/libg.a(lib_a-findfp.o)
                              /usr/local/Cellar/arm-none-eabi-gcc/10.3-2021.07/gcc/bin/../lib/gcc/arm-none-eabi/10.3.1/../../../../arm-none-eabi/lib/thumb/v6-m/nofp/libg.a(lib_a-fflush.o) (__sinit)
/usr/local/Cellar/arm-none-eabi-gcc/10.3-2021.07/gcc/bin/../lib/gcc/arm-none-eabi/10.3.1/../../../../arm-none-eabi/lib/thumb/v6-m/nofp/libg.a(lib_a-freer.o)
                              /usr/local/Cellar/arm-none-eabi-gcc/10.3-2021.07/gcc/bin/../lib/gcc/arm-none-eabi/10.3.1/../../../../arm-none-eabi/lib/thumb/v6-m/nofp/libg.a(lib_a-fflush.o) (_free_r)
/usr/local/Cellar/arm-none-eabi-gcc/10.3-2021.07/gcc/bin/../lib/gcc/arm-none-eabi/10.3.1/../../../../arm-none-eabi/lib/thumb/v6-m/nofp/libg.a(lib_a-fwalk.o)
                              /usr/local/Cellar/arm-none-eabi-gcc/10.3-2021.07/gcc/bin/../lib/gcc/arm-none-eabi/10.3.1/../../../../arm-none-eabi/lib/thumb/v6-m/nofp/libg.a(lib_a-findfp.o) (_fwalk)
/usr/local/Cellar/arm-none-eabi-gcc/10.3-2021.07/gcc/bin/../lib/gcc/arm-none-eabi/10.3.1/../../../../arm-none-eabi/lib/thumb/v6-m/nofp/libg.a(lib_a-impure.o)
                              /usr/local/Cellar/arm-none-eabi-gcc/10.3-2021.07/gcc/bin/../lib/gcc/arm-none-eabi/10.3.1/../../../../arm-none-eabi/lib/thumb/v6-m/nofp/libg.a(lib_a-fflush.o) (_global_impure_ptr)
/usr/local/Cellar/arm-none-eabi-gcc/10.3-2021.07/gcc/bin/../lib/gcc/arm-none-eabi/10.3.1/../../../../arm-none-eabi/lib/thumb/v6-m/nofp/libg.a(lib_a-init.o)
                              /usr/local/Cellar/arm-none-eabi-gcc/10.3-2021.07/gcc/bin/../lib/gcc/arm-none-eabi/10.3.1/../../../../arm-none-eabi/lib/thumb/v6-m/nofp/crt0.o (__libc_init_array)
/usr/local/Cellar/arm-none-eabi-gcc/10.3-2021.07/gcc/bin/../lib/gcc/arm-none-eabi/10.3.1/../../../../arm-none-eabi/lib/thumb/v6-m/nofp/libg.a(lib_a-lock.o)
                              /usr/local/Cellar/arm-none-eabi-gcc/10.3-2021.07/gcc/bin/../lib/gcc/arm-none-eabi/10.3.1/../../../../arm-none-eabi/lib/thumb/v6-m/nofp/libg.a(lib_a-findfp.o) (__retarget_lock_init_recursive)
/usr/local/Cellar/arm-none-eabi-gcc/10.3-2021.07/gcc/bin/../lib/gcc/arm-none-eabi/10.3.1/../../../../arm-none-eabi/lib/thumb/v6-m/nofp/libg.a(lib_a-malloc.o)
                              CMakeFiles/sd_fat_spi.dir/Users/remon/pico/pico-sdk/src/rp2_common/pico_malloc/pico_malloc.c.obj (malloc)
/usr/local/Cellar/arm-none-eabi-gcc/10.3-2021.07/gcc/bin/../lib/gcc/arm-none-eabi/10.3.1/../../../../arm-none-eabi/lib/thumb/v6-m/nofp/libg.a(lib_a-mallocr.o)
                              /usr/local/Cellar/arm-none-eabi-gcc/10.3-2021.07/gcc/bin/../lib/gcc/arm-none-eabi/10.3.1/../../../../arm-none-eabi/lib/thumb/v6-m/nofp/libg.a(lib_a-callocr.o) (_malloc_r)
/usr/local/Cellar/arm-none-eabi-gcc/10.3-2021.07/gcc/bin/../lib/gcc/arm-none-eabi/10.3.1/../../../../arm-none-eabi/lib/thumb/v6-m/nofp/libg.a(lib_a-mktime.o)
                              CMakeFiles/sd_fat_spi.dir/lib/no-OS-FatFS-SD-SPI-RPi-Pico/FatFs_SPI/src/rtc.c.obj (mktime)
[...]
Memory Configuration

Name             Origin             Length             Attributes
FLASH            0x0000000010000000 0x0000000000200000 xr
RAM              0x0000000020000000 0x0000000000040000 xrw
SCRATCH_X        0x0000000020040000 0x0000000000001000 xrw
SCRATCH_Y        0x0000000020041000 0x0000000000001000 xrw
*default*        0x0000000000000000 0xffffffffffffffff

Linker script and memory map

LOAD /usr/local/Cellar/arm-none-eabi-gcc/10.3-2021.07/gcc/bin/../lib/gcc/arm-none-eabi/10.3.1/thumb/v6-m/nofp/crti.o
LOAD /usr/local/Cellar/arm-none-eabi-gcc/10.3-2021.07/gcc/bin/../lib/gcc/arm-none-eabi/10.3.1/thumb/v6-m/nofp/crtbegin.o
LOAD /usr/local/Cellar/arm-none-eabi-gcc/10.3-2021.07/gcc/bin/../lib/gcc/arm-none-eabi/10.3.1/../../../../arm-none-eabi/lib/thumb/v6-m/nofp/crt0.o

.flash_begin    0x0000000010000000        0x0
                0x0000000010000000                __flash_binary_start = .

.boot2          0x0000000010000000      0x100
                0x0000000010000000                __boot2_start__ = .
 *(.boot2)
 .boot2         0x0000000010000000      0x100 /var/folders/fn/19zcb_c91hl1y7zlsvwz10000000gn/T//ccFdrtPu.o
                0x0000000010000100                __boot2_end__ = .
                0x0000000000000001                ASSERT (((__boot2_end__ - __boot2_start__) == 0x100), ERROR: Pico second stage bootloader must be 256 bytes in size)

.text           0x0000000010000100     0xcb18
                0x0000000010000100                __logical_binary_start = .
 *(.vectors)
 .vectors       0x0000000010000100       0xd4 CMakeFiles/sd_fat_spi.dir/Users/remon/pico/pico-sdk/src/rp2_common/pico_standard_link/crt0.S.obj
                0x0000000010000100                __VECTOR_TABLE
                0x0000000010000100                __vectors
                0x00000000100001c0                __default_isrs_start
                0x00000000100001c0                isr_invalid
                0x00000000100001c2                isr_nmi
                0x00000000100001c4                isr_hardfault
                0x00000000100001c6                isr_svcall
                0x00000000100001c8                isr_pendsv
                0x00000000100001ca                isr_systick
                0x00000000100001cc                isr_irq28
                0x00000000100001cc                isr_irq19
                0x00000000100001cc                isr_irq0
                0x00000000100001cc                isr_irq6
                0x00000000100001cc                isr_irq22
                0x00000000100001cc                isr_irq17
                0x00000000100001cc                isr_irq14
                0x00000000100001cc                isr_irq2
                0x00000000100001cc                isr_irq10
                0x00000000100001cc                isr_irq8
                0x00000000100001cc                isr_irq24
                0x00000000100001cc                isr_irq1
                0x00000000100001cc                isr_irq7
                0x00000000100001cc                isr_irq21
                0x00000000100001cc                isr_irq20
                0x00000000100001cc                isr_irq15
                0x00000000100001cc                isr_irq25
                0x00000000100001cc                isr_irq4
                0x00000000100001cc                isr_irq16
                0x00000000100001cc                isr_irq29
                0x00000000100001cc                isr_irq26
                0x00000000100001cc                __default_isrs_end
                0x00000000100001cc                isr_irq3
                0x00000000100001cc                isr_irq9
                0x00000000100001cc                __unhandled_user_irq
                0x00000000100001cc                isr_irq13
                0x00000000100001cc                isr_irq27
                0x00000000100001cc                isr_irq31
                0x00000000100001cc                isr_irq5
                0x00000000100001cc                isr_irq11
                0x00000000100001cc                isr_irq23
                0x00000000100001cc                isr_irq18
                0x00000000100001cc                isr_irq30
                0x00000000100001cc                isr_irq12
                0x00000000100001d2                unhandled_user_irq_num_in_r0
 *(.binary_info_header)
 .binary_info_header
                0x00000000100001d4       0x14 CMakeFiles/sd_fat_spi.dir/Users/remon/pico/pico-sdk/src/rp2_common/pico_standard_link/crt0.S.obj
                0x00000000100001e8                __binary_info_header_end = .
 *(.reset)
 .reset         0x00000000100001e8       0xa8 CMakeFiles/sd_fat_spi.dir/Users/remon/pico/pico-sdk/src/rp2_common/pico_standard_link/crt0.S.obj
                0x00000000100001e8                _entry_point
                0x0000000010000266                __get_current_exception
 .reset         0x0000000010000290       0x30 CMakeFiles/sd_fat_spi.dir/Users/remon/pico/pico-sdk/src/rp2_common/pico_standard_link/binary_info.c.obj
 *(.init)
 .init          0x00000000100002c0        0x4 /usr/local/Cellar/arm-none-eabi-gcc/10.3-2021.07/gcc/bin/../lib/gcc/arm-none-eabi/10.3.1/thumb/v6-m/nofp/crti.o
                0x00000000100002c0                _init
 *(EXCLUDE_FILE(*libm.a: *libc.a:*lib_a-mem*.o *libgcc.a:) .text*)
 .text          0x00000000100002c4       0x48 /usr/local/Cellar/arm-none-eabi-gcc/10.3-2021.07/gcc/bin/../lib/gcc/arm-none-eabi/10.3.1/thumb/v6-m/nofp/crtbegin.o
 .text.parseint
                0x000000001000030c        0x6 CMakeFiles/sd_fat_spi.dir/main.c.obj
                0x000000001000030c                parseint
 *fill*         0x0000000010000312        0x2 
 .text.file_read
                0x0000000010000314      0x114 CMakeFiles/sd_fat_spi.dir/main.c.obj
                0x0000000010000314                file_read
 .text.main     0x0000000010000428       0x3c CMakeFiles/sd_fat_spi.dir/main.c.obj
                0x0000000010000428                main
 .text.queue_init
                0x0000000010000464       0x2c CMakeFiles/sd_fat_spi.dir/simple_queue.c.obj
                0x0000000010000464                queue_init
 .text.get_length
                0x0000000010000490       0x34 CMakeFiles/sd_fat_spi.dir/simple_queue.c.obj
                0x0000000010000490                get_length
 .text.enqueue  0x00000000100004c4       0x88 CMakeFiles/sd_fat_spi.dir/simple_queue.c.obj
                0x00000000100004c4                enqueue
 .text.set_sys_clock_pll
                0x000000001000054c       0x78 CMakeFiles/sd_fat_spi.dir/Users/remon/pico/pico-sdk/src/rp2_common/pico_stdlib/stdlib.c.obj
                0x000000001000054c                set_sys_clock_pll
 .text.check_sys_clock_khz
                0x00000000100005c4       0xb0 CMakeFiles/sd_fat_spi.dir/Users/remon/pico/pico-sdk/src/rp2_common/pico_stdlib/stdlib.c.obj
                0x00000000100005c4                check_sys_clock_khz
 .text.gpio_set_function
                0x0000000010000674       0x30 CMakeFiles/sd_fat_spi.dir/Users/remon/pico/pico-sdk/src/rp2_common/hardware_gpio/gpio.c.obj
                0x0000000010000674                gpio_set_function
 .text.gpio_set_pulls
                0x00000000100006a4       0x34 CMakeFiles/sd_fat_spi.dir/Users/remon/pico/pico-sdk/src/rp2_common/hardware_gpio/gpio.c.obj
                0x00000000100006a4                gpio_set_pulls
 .text.gpio_set_drive_strength
                0x00000000100006d8       0x20 CMakeFiles/sd_fat_spi.dir/Users/remon/pico/pico-sdk/src/rp2_common/hardware_gpio/gpio.c.obj
                0x00000000100006d8                gpio_set_drive_strength
 .text.gpio_init
                0x00000000100006f8       0x16 CMakeFiles/sd_fat_spi.dir/Users/remon/pico/pico-sdk/src/rp2_common/hardware_gpio/gpio.c.obj
                0x00000000100006f8                gpio_init
 *fill*         0x000000001000070e        0x2 
 .text.hw_claim_lock
                0x0000000010000710       0x18 CMakeFiles/sd_fat_spi.dir/Users/remon/pico/pico-sdk/src/rp2_common/hardware_claim/claim.c.obj
                0x0000000010000710                hw_claim_lock
 .text.hw_claim_unlock
                0x0000000010000728       0x14 CMakeFiles/sd_fat_spi.dir/Users/remon/pico/pico-sdk/src/rp2_common/hardware_claim/claim.c.obj
                0x0000000010000728                hw_claim_unlock
 .text.hw_claim_or_assert
                0x000000001000073c       0x32 CMakeFiles/sd_fat_spi.dir/Users/remon/pico/pico-sdk/src/rp2_common/hardware_claim/claim.c.obj
                0x000000001000073c                hw_claim_or_assert
 .text.hw_claim_unused_from_range
                0x000000001000076e       0x50 CMakeFiles/sd_fat_spi.dir/Users/remon/pico/pico-sdk/src/rp2_common/hardware_claim/claim.c.obj
                0x000000001000076e                hw_claim_unused_from_range
 *fill*         0x00000000100007be        0x2 
 .text.running_on_fpga
                0x00000000100007c0       0x14 CMakeFiles/sd_fat_spi.dir/Users/remon/pico/pico-sdk/src/rp2_common/pico_platform/platform.c.obj
                0x00000000100007c0                running_on_fpga
 .text.spin_locks_reset
                0x00000000100007d4       0x20 CMakeFiles/sd_fat_spi.dir/Users/remon/pico/pico-sdk/src/rp2_common/hardware_sync/sync.c.obj
                0x00000000100007d4                spin_locks_reset
 .text.spin_lock_init
                0x00000000100007f4       0x34 CMakeFiles/sd_fat_spi.dir/Users/remon/pico/pico-sdk/src/rp2_common/hardware_sync/sync.c.obj
                0x00000000100007f4                spin_lock_init
 .text.next_striped_spin_lock_num
                0x0000000010000828       0x1c CMakeFiles/sd_fat_spi.dir/Users/remon/pico/pico-sdk/src/rp2_common/hardware_sync/sync.c.obj
                0x0000000010000828                next_striped_spin_lock_num
 .text.spin_lock_claim_unused
                0x0000000010000844       0x20 CMakeFiles/sd_fat_spi.dir/Users/remon/pico/pico-sdk/src/rp2_common/hardware_sync/sync.c.obj
                0x0000000010000844                spin_lock_claim_unused
 .text.set_raw_irq_handler_and_unlock
                0x0000000010000864       0x28 CMakeFiles/sd_fat_spi.dir/Users/remon/pico/pico-sdk/src/rp2_common/hardware_irq/irq.c.obj
 .text.make_branch
                0x000000001000088c       0x48 CMakeFiles/sd_fat_spi.dir/Users/remon/pico/pico-sdk/src/rp2_common/hardware_irq/irq.c.obj
 .text.insert_branch_and_link
                0x00000000100008d4       0x40 CMakeFiles/sd_fat_spi.dir/Users/remon/pico/pico-sdk/src/rp2_common/hardware_irq/irq.c.obj
 .text.irq_is_enabled
                0x0000000010000914       0x18 CMakeFiles/sd_fat_spi.dir/Users/remon/pico/pico-sdk/src/rp2_common/hardware_irq/irq.c.obj
                0x0000000010000914                irq_is_enabled
 .text.irq_set_mask_enabled
                0x000000001000092c       0x20 CMakeFiles/sd_fat_spi.dir/Users/remon/pico/pico-sdk/src/rp2_common/hardware_irq/irq.c.obj
                0x000000001000092c                irq_set_mask_enabled
 .text.irq_set_enabled
                0x000000001000094c        0xe CMakeFiles/sd_fat_spi.dir/Users/remon/pico/pico-sdk/src/rp2_common/hardware_irq/irq.c.obj
                0x000000001000094c                irq_set_enabled
 *fill*         0x000000001000095a        0x2 
 .text.irq_set_pending
                0x000000001000095c       0x10 CMakeFiles/sd_fat_spi.dir/Users/remon/pico/pico-sdk/src/rp2_common/hardware_irq/irq.c.obj
                0x000000001000095c                irq_set_pending
 .text.irq_get_vtable_handler
                0x000000001000096c       0x10 CMakeFiles/sd_fat_spi.dir/Users/remon/pico/pico-sdk/src/rp2_common/hardware_irq/irq.c.obj
                0x000000001000096c                irq_get_vtable_handler
 .text.irq_has_shared_handler
                0x000000001000097c       0x24 CMakeFiles/sd_fat_spi.dir/Users/remon/pico/pico-sdk/src/rp2_common/hardware_irq/irq.c.obj
                0x000000001000097c                irq_has_shared_handler
 .text.irq_set_exclusive_handler
                0x00000000100009a0       0x54 CMakeFiles/sd_fat_spi.dir/Users/remon/pico/pico-sdk/src/rp2_common/hardware_irq/irq.c.obj
                0x00000000100009a0                irq_set_exclusive_handler
 .text.irq_add_shared_handler
                0x00000000100009f4      0x230 CMakeFiles/sd_fat_spi.dir/Users/remon/pico/pico-sdk/src/rp2_common/hardware_irq/irq.c.obj
                0x00000000100009f4                irq_add_shared_handler
 .text.irq_remove_handler
                0x0000000010000c24      0x1a8 CMakeFiles/sd_fat_spi.dir/Users/remon/pico/pico-sdk/src/rp2_common/hardware_irq/irq.c.obj
                0x0000000010000c24                irq_remove_handler
 .text.irq_add_tail_to_free_list
                0x0000000010000dcc       0xf0 CMakeFiles/sd_fat_spi.dir/Users/remon/pico/pico-sdk/src/rp2_common/hardware_irq/irq.c.obj
                0x0000000010000dcc                irq_add_tail_to_free_list
 .text.irq_init_priorities
                0x0000000010000ebc       0x1c CMakeFiles/sd_fat_spi.dir/Users/remon/pico/pico-sdk/src/rp2_common/hardware_irq/irq.c.obj
                0x0000000010000ebc                irq_init_priorities
 .text.user_irq_claim_unused
                0x0000000010000ed8       0x30 CMakeFiles/sd_fat_spi.dir/Users/remon/pico/pico-sdk/src/rp2_common/hardware_irq/irq.c.obj
                0x0000000010000ed8                user_irq_claim_unused
 .text.sem_init
                0x0000000010000f08       0x1e CMakeFiles/sd_fat_spi.dir/Users/remon/pico/pico-sdk/src/common/pico_sync/sem.c.obj
                0x0000000010000f08                sem_init
 *fill*         0x0000000010000f26        0x2 
 .text.lock_init
                0x0000000010000f28       0x10 CMakeFiles/sd_fat_spi.dir/Users/remon/pico/pico-sdk/src/common/pico_sync/lock_core.c.obj
                0x0000000010000f28                lock_init
 .text.alarm_pool_post_alloc_init
                0x0000000010000f38       0x40 CMakeFiles/sd_fat_spi.dir/Users/remon/pico/pico-sdk/src/common/pico_time/time.c.obj
 .text.sleep_until_callback
                0x0000000010000f78       0x30 CMakeFiles/sd_fat_spi.dir/Users/remon/pico/pico-sdk/src/common/pico_time/time.c.obj
 .text.timer_pool_entry_comparator
                0x0000000010000fa8       0x7c CMakeFiles/sd_fat_spi.dir/Users/remon/pico/pico-sdk/src/common/pico_time/time.c.obj
                0x0000000010000fa8                timer_pool_entry_comparator
 .text.ph_add_child_node
                0x0000000010001024       0xa4 CMakeFiles/sd_fat_spi.dir/Users/remon/pico/pico-sdk/src/common/pico_time/time.c.obj
 .text.ph_merge_nodes
                0x00000000100010c8       0x3e CMakeFiles/sd_fat_spi.dir/Users/remon/pico/pico-sdk/src/common/pico_time/time.c.obj
 *fill*         0x0000000010001106        0x2 
 .text.add_alarm_under_lock
                0x0000000010001108      0x174 CMakeFiles/sd_fat_spi.dir/Users/remon/pico/pico-sdk/src/common/pico_time/time.c.obj
 .text.alarm_pool_alarm_callback
                0x000000001000127c      0x328 CMakeFiles/sd_fat_spi.dir/Users/remon/pico/pico-sdk/src/common/pico_time/time.c.obj
 .text.alarm_pool_init_default
                0x00000000100015a4       0x38 CMakeFiles/sd_fat_spi.dir/Users/remon/pico/pico-sdk/src/common/pico_time/time.c.obj
                0x00000000100015a4                alarm_pool_init_default
 .text.alarm_pool_get_default
                0x00000000100015dc       0x2c CMakeFiles/sd_fat_spi.dir/Users/remon/pico/pico-sdk/src/common/pico_time/time.c.obj
                0x00000000100015dc                alarm_pool_get_default
 .text.alarm_pool_add_alarm_at
                0x0000000010001608      0x170 CMakeFiles/sd_fat_spi.dir/Users/remon/pico/pico-sdk/src/common/pico_time/time.c.obj
                0x0000000010001608                alarm_pool_add_alarm_at
 .text.alarm_pool_cancel_alarm
                0x0000000010001778       0xf0 CMakeFiles/sd_fat_spi.dir/Users/remon/pico/pico-sdk/src/common/pico_time/time.c.obj
                0x0000000010001778                alarm_pool_cancel_alarm
 .text.best_effort_wfe_or_timeout
                0x0000000010001868       0x80 CMakeFiles/sd_fat_spi.dir/Users/remon/pico/pico-sdk/src/common/pico_time/time.c.obj
                0x0000000010001868                best_effort_wfe_or_timeout
 .text.hardware_alarm_irq_handler
                0x00000000100018e8       0x8c CMakeFiles/sd_fat_spi.dir/Users/remon/pico/pico-sdk/src/rp2_common/hardware_timer/timer.c.obj
 .text.hardware_alarm_claim
                0x0000000010001974       0x18 CMakeFiles/sd_fat_spi.dir/Users/remon/pico/pico-sdk/src/rp2_common/hardware_timer/timer.c.obj
                0x0000000010001974                hardware_alarm_claim
 .text.time_us_64
                0x000000001000198c       0x18 CMakeFiles/sd_fat_spi.dir/Users/remon/pico/pico-sdk/src/rp2_common/hardware_timer/timer.c.obj
                0x000000001000198c                time_us_64
 .text.busy_wait_until
                0x00000000100019a4       0x28 CMakeFiles/sd_fat_spi.dir/Users/remon/pico/pico-sdk/src/rp2_common/hardware_timer/timer.c.obj
                0x00000000100019a4                busy_wait_until
 .text.busy_wait_us
                0x00000000100019cc       0x48 CMakeFiles/sd_fat_spi.dir/Users/remon/pico/pico-sdk/src/rp2_common/hardware_timer/timer.c.obj
                0x00000000100019cc                busy_wait_us
 .text.hardware_alarm_set_callback
                0x0000000010001a14       0x90 CMakeFiles/sd_fat_spi.dir/Users/remon/pico/pico-sdk/src/rp2_common/hardware_timer/timer.c.obj
                0x0000000010001a14                hardware_alarm_set_callback
 .text.hardware_alarm_set_target
                0x0000000010001aa4       0xe8 CMakeFiles/sd_fat_spi.dir/Users/remon/pico/pico-sdk/src/rp2_common/hardware_timer/timer.c.obj
                0x0000000010001aa4                hardware_alarm_set_target
 .text.hardware_alarm_cancel
                0x0000000010001b8c       0x40 CMakeFiles/sd_fat_spi.dir/Users/remon/pico/pico-sdk/src/rp2_common/hardware_timer/timer.c.obj
                0x0000000010001b8c                hardware_alarm_cancel
 .text.ph_add_child_node
                0x0000000010001bcc       0xa4 CMakeFiles/sd_fat_spi.dir/Users/remon/pico/pico-sdk/src/common/pico_util/pheap.c.obj
 .text.ph_merge_nodes
                0x0000000010001c70       0x3e CMakeFiles/sd_fat_spi.dir/Users/remon/pico/pico-sdk/src/common/pico_util/pheap.c.obj
 *fill*         0x0000000010001cae        0x2 
 .text.ph_clear
                0x0000000010001cb0       0x70 CMakeFiles/sd_fat_spi.dir/Users/remon/pico/pico-sdk/src/common/pico_util/pheap.c.obj
                0x0000000010001cb0                ph_clear
 .text.ph_post_alloc_init
                0x0000000010001d20        0xe CMakeFiles/sd_fat_spi.dir/Users/remon/pico/pico-sdk/src/common/pico_util/pheap.c.obj
                0x0000000010001d20                ph_post_alloc_init
 *fill*         0x0000000010001d2e        0x2 
 .text.ph_merge_two_pass
                0x0000000010001d30       0xa8 CMakeFiles/sd_fat_spi.dir/Users/remon/pico/pico-sdk/src/common/pico_util/pheap.c.obj
                0x0000000010001d30                ph_merge_two_pass
 .text.ph_remove_any_head
                0x0000000010001dd8      0x108 CMakeFiles/sd_fat_spi.dir/Users/remon/pico/pico-sdk/src/common/pico_util/pheap.c.obj
 .text.ph_remove_head
                0x0000000010001ee0       0x14 CMakeFiles/sd_fat_spi.dir/Users/remon/pico/pico-sdk/src/common/pico_util/pheap.c.obj
                0x0000000010001ee0                ph_remove_head
 .text.ph_remove_and_free_node
                0x0000000010001ef4       0xf8 CMakeFiles/sd_fat_spi.dir/Users/remon/pico/pico-sdk/src/common/pico_util/pheap.c.obj
                0x0000000010001ef4                ph_remove_and_free_node
 .text.mutex_init
                0x0000000010001fec       0x1a CMakeFiles/sd_fat_spi.dir/Users/remon/pico/pico-sdk/src/common/pico_sync/mutex.c.obj
                0x0000000010001fec                mutex_init
 .text.recursive_mutex_init
                0x0000000010002006       0x1e CMakeFiles/sd_fat_spi.dir/Users/remon/pico/pico-sdk/src/common/pico_sync/mutex.c.obj
                0x0000000010002006                recursive_mutex_init
 .text.critical_section_init_with_lock_num
                0x0000000010002024       0x14 CMakeFiles/sd_fat_spi.dir/Users/remon/pico/pico-sdk/src/common/pico_sync/critical_section.c.obj
                0x0000000010002024                critical_section_init_with_lock_num
 .text.critical_section_init
                0x0000000010002038       0x14 CMakeFiles/sd_fat_spi.dir/Users/remon/pico/pico-sdk/src/common/pico_sync/critical_section.c.obj
                0x0000000010002038                critical_section_init
 .text._exit    0x000000001000204c        0x4 CMakeFiles/sd_fat_spi.dir/Users/remon/pico/pico-sdk/src/rp2_common/pico_runtime/runtime.c.obj
                0x000000001000204c                _exit
 .text._sbrk    0x0000000010002050       0x38 CMakeFiles/sd_fat_spi.dir/Users/remon/pico/pico-sdk/src/rp2_common/pico_runtime/runtime.c.obj
                0x0000000010002050                _sbrk
 .text.exit     0x0000000010002088        0x6 CMakeFiles/sd_fat_spi.dir/Users/remon/pico/pico-sdk/src/rp2_common/pico_runtime/runtime.c.obj
                0x0000000010002088                exit
 *fill*         0x000000001000208e        0x2 
 .text.__assert_func
                0x0000000010002090       0x3c CMakeFiles/sd_fat_spi.dir/Users/remon/pico/pico-sdk/src/rp2_common/pico_runtime/runtime.c.obj
                0x0000000010002090                __assert_func
 .text.runtime_init
                0x00000000100020cc       0xf8 CMakeFiles/sd_fat_spi.dir/Users/remon/pico/pico-sdk/src/rp2_common/pico_runtime/runtime.c.obj
                0x00000000100020cc                runtime_init
 .text.panic    0x00000000100021c4       0x30 CMakeFiles/sd_fat_spi.dir/Users/remon/pico/pico-sdk/src/rp2_common/pico_runtime/runtime.c.obj
                0x00000000100021c4                panic
 .text.clock_configure
                0x00000000100021f4      0x104 CMakeFiles/sd_fat_spi.dir/Users/remon/pico/pico-sdk/src/rp2_common/hardware_clocks/clocks.c.obj
                0x00000000100021f4                clock_configure
 .text.clocks_init
                0x00000000100022f8      0x100 CMakeFiles/sd_fat_spi.dir/Users/remon/pico/pico-sdk/src/rp2_common/hardware_clocks/clocks.c.obj
                0x00000000100022f8                clocks_init
 .text.clock_get_hz
                0x00000000100023f8        0xc CMakeFiles/sd_fat_spi.dir/Users/remon/pico/pico-sdk/src/rp2_common/hardware_clocks/clocks.c.obj
                0x00000000100023f8                clock_get_hz
 .text.pll_init
                0x0000000010002404      0x140 CMakeFiles/sd_fat_spi.dir/Users/remon/pico/pico-sdk/src/rp2_common/hardware_pll/pll.c.obj
                0x0000000010002404                pll_init
 .text.watchdog_start_tick
                0x0000000010002544       0x10 CMakeFiles/sd_fat_spi.dir/Users/remon/pico/pico-sdk/src/rp2_common/hardware_watchdog/watchdog.c.obj
                0x0000000010002544                watchdog_start_tick
 .text.watchdog_update
                0x0000000010002554       0x14 CMakeFiles/sd_fat_spi.dir/Users/remon/pico/pico-sdk/src/rp2_common/hardware_watchdog/watchdog.c.obj
                0x0000000010002554                watchdog_update
 .text._watchdog_enable
                0x0000000010002568       0x78 CMakeFiles/sd_fat_spi.dir/Users/remon/pico/pico-sdk/src/rp2_common/hardware_watchdog/watchdog.c.obj
                0x0000000010002568                _watchdog_enable
 .text.watchdog_reboot
                0x00000000100025e0       0x48 CMakeFiles/sd_fat_spi.dir/Users/remon/pico/pico-sdk/src/rp2_common/hardware_watchdog/watchdog.c.obj
                0x00000000100025e0                watchdog_reboot
 .text.xosc_init
                0x0000000010002628       0x28 CMakeFiles/sd_fat_spi.dir/Users/remon/pico/pico-sdk/src/rp2_common/hardware_xosc/xosc.c.obj
                0x0000000010002628                xosc_init
 .text._out_buffer
                0x0000000010002650        0x8 CMakeFiles/sd_fat_spi.dir/Users/remon/pico/pico-sdk/src/rp2_common/pico_printf/printf.c.obj
 .text._out_null
                0x0000000010002658        0x2 CMakeFiles/sd_fat_spi.dir/Users/remon/pico/pico-sdk/src/rp2_common/pico_printf/printf.c.obj
 .text._out_fct
                0x000000001000265a        0xe CMakeFiles/sd_fat_spi.dir/Users/remon/pico/pico-sdk/src/rp2_common/pico_printf/printf.c.obj
 .text._atoi    0x0000000010002668       0x24 CMakeFiles/sd_fat_spi.dir/Users/remon/pico/pico-sdk/src/rp2_common/pico_printf/printf.c.obj
 .text._out_rev
                0x000000001000268c       0xae CMakeFiles/sd_fat_spi.dir/Users/remon/pico/pico-sdk/src/rp2_common/pico_printf/printf.c.obj
 .text._ntoa_format
                0x000000001000273a      0x112 CMakeFiles/sd_fat_spi.dir/Users/remon/pico/pico-sdk/src/rp2_common/pico_printf/printf.c.obj
 .text._ntoa_long
                0x000000001000284c       0xbc CMakeFiles/sd_fat_spi.dir/Users/remon/pico/pico-sdk/src/rp2_common/pico_printf/printf.c.obj
 .text._ntoa_long_long
                0x0000000010002908       0xe2 CMakeFiles/sd_fat_spi.dir/Users/remon/pico/pico-sdk/src/rp2_common/pico_printf/printf.c.obj
 *fill*         0x00000000100029ea        0x2 
 .text._etoa    0x00000000100029ec      0x414 CMakeFiles/sd_fat_spi.dir/Users/remon/pico/pico-sdk/src/rp2_common/pico_printf/printf.c.obj
 .text._ftoa    0x0000000010002e00      0x354 CMakeFiles/sd_fat_spi.dir/Users/remon/pico/pico-sdk/src/rp2_common/pico_printf/printf.c.obj
 .text._vsnprintf
                0x0000000010003154      0x624 CMakeFiles/sd_fat_spi.dir/Users/remon/pico/pico-sdk/src/rp2_common/pico_printf/printf.c.obj
 .text.__wrap_vsnprintf
                0x0000000010003778       0x1c CMakeFiles/sd_fat_spi.dir/Users/remon/pico/pico-sdk/src/rp2_common/pico_printf/printf.c.obj
                0x0000000010003778                __wrap_vsnprintf
 .text.vfctprintf
                0x0000000010003794       0x20 CMakeFiles/sd_fat_spi.dir/Users/remon/pico/pico-sdk/src/rp2_common/pico_printf/printf.c.obj
                0x0000000010003794                vfctprintf
 .text          0x00000000100037b4       0x10 CMakeFiles/sd_fat_spi.dir/Users/remon/pico/pico-sdk/src/rp2_common/pico_bit_ops/bit_ops_aeabi.S.obj
 .text.rom_func_lookup
                0x00000000100037c4       0x10 CMakeFiles/sd_fat_spi.dir/Users/remon/pico/pico-sdk/src/rp2_common/pico_bootrom/bootrom.c.obj
                0x00000000100037c4                rom_func_lookup
 .text.rom_data_lookup
                0x00000000100037d4       0x10 CMakeFiles/sd_fat_spi.dir/Users/remon/pico/pico-sdk/src/rp2_common/pico_bootrom/bootrom.c.obj
                0x00000000100037d4                rom_data_lookup
 .text.rom_funcs_lookup
                0x00000000100037e4       0x36 CMakeFiles/sd_fat_spi.dir/Users/remon/pico/pico-sdk/src/rp2_common/pico_bootrom/bootrom.c.obj
                0x00000000100037e4                rom_funcs_lookup
 *fill*         0x000000001000381a        0x2 
 .text.__wrap___aeabi_idiv
                0x000000001000381c       0x50 CMakeFiles/sd_fat_spi.dir/Users/remon/pico/pico-sdk/src/rp2_common/pico_divider/divider.S.obj
                0x000000001000381c                __wrap___aeabi_idivmod
                0x000000001000381c                divmod_s32s32
                0x000000001000381c                div_s32s32
                0x000000001000381c                __wrap___aeabi_idiv
                0x0000000010003824                divmod_s32s32_unsafe
                0x0000000010003850                divmod_s32s32_savestate
 .text.__wrap___aeabi_uidiv
                0x000000001000386c       0x4c CMakeFiles/sd_fat_spi.dir/Users/remon/pico/pico-sdk/src/rp2_common/pico_divider/divider.S.obj
                0x000000001000386c                __wrap___aeabi_uidiv
                0x000000001000386c                __wrap___aeabi_uidivmod
                0x000000001000386c                div_u32u32
                0x000000001000386c                divmod_u32u32
                0x0000000010003874                divmod_u32u32_unsafe
                0x000000001000389c                divmod_u32u32_savestate
 .text.__wrap___aeabi_ldiv
                0x00000000100038b8      0x434 CMakeFiles/sd_fat_spi.dir/Users/remon/pico/pico-sdk/src/rp2_common/pico_divider/divider.S.obj
                0x00000000100038b8                __wrap___aeabi_ldivmod
                0x00000000100038b8                div_s64s64
                0x00000000100038b8                divmod_s64s64
                0x00000000100038f0                divmod_u64u64
                0x00000000100038f0                div_u64u64
                0x00000000100038f0                __wrap___aeabi_uldivmod
                0x0000000010003900                divmod_u64u64_savestate
                0x0000000010003928                divmod_s64s64_unsafe
                0x00000000100039b0                divmod_u64u64_unsafe
 .text.__wrap___aeabi_darithmetic
                0x0000000010003cec       0x80 CMakeFiles/sd_fat_spi.dir/Users/remon/pico/pico-sdk/src/rp2_common/pico_double/double_aeabi.S.obj
                0x0000000010003cec                __wrap___aeabi_drsub
                0x0000000010003cf2                __wrap___aeabi_dsub
                0x0000000010003d04                __wrap___aeabi_dadd
                0x0000000010003d16                __wrap___aeabi_ddiv
                0x0000000010003d52                __wrap___aeabi_dmul
 .text.__wrap___aeabi_cdcmple
                0x0000000010003d6c       0x6c CMakeFiles/sd_fat_spi.dir/Users/remon/pico/pico-sdk/src/rp2_common/pico_double/double_aeabi.S.obj
                0x0000000010003d6c                __wrap___aeabi_cdrcmple
                0x0000000010003d7c                __wrap___aeabi_cdcmple
                0x0000000010003d7c                __wrap___aeabi_cdcmpeq
 .text.__wrap___aeabi_dcmplt
                0x0000000010003dd8        0xc CMakeFiles/sd_fat_spi.dir/Users/remon/pico/pico-sdk/src/rp2_common/pico_double/double_aeabi.S.obj
                0x0000000010003dd8                __wrap___aeabi_dcmplt
 .text.__wrap___aeabi_dcmple
                0x0000000010003de4       0x10 CMakeFiles/sd_fat_spi.dir/Users/remon/pico/pico-sdk/src/rp2_common/pico_double/double_aeabi.S.obj
                0x0000000010003de4                __wrap___aeabi_dcmple
 .text.__wrap___aeabi_dcmpge
                0x0000000010003df4       0x10 CMakeFiles/sd_fat_spi.dir/Users/remon/pico/pico-sdk/src/rp2_common/pico_double/double_aeabi.S.obj
                0x0000000010003df4                __wrap___aeabi_dcmpge
 .text.__wrap___aeabi_dcmpgt
                0x0000000010003e04        0xa CMakeFiles/sd_fat_spi.dir/Users/remon/pico/pico-sdk/src/rp2_common/pico_double/double_aeabi.S.obj
                0x0000000010003e04                __wrap___aeabi_dcmpgt
 .text.__wrap___aeabi_dcmpun
                0x0000000010003e0e       0x1c CMakeFiles/sd_fat_spi.dir/Users/remon/pico/pico-sdk/src/rp2_common/pico_double/double_aeabi.S.obj
                0x0000000010003e0e                __wrap___aeabi_dcmpun
 *fill*         0x0000000010003e2a        0x2 
 .text.__wrap___aeabi_i2d
                0x0000000010003e2c       0x38 CMakeFiles/sd_fat_spi.dir/Users/remon/pico/pico-sdk/src/rp2_common/pico_double/double_aeabi.S.obj
                0x0000000010003e2c                __wrap___aeabi_ui2d
                0x0000000010003e34                __wrap___aeabi_i2d
 .text.__wrap___aeabi_d2iz
                0x0000000010003e64       0x48 CMakeFiles/sd_fat_spi.dir/Users/remon/pico/pico-sdk/src/rp2_common/pico_double/double_aeabi.S.obj
                0x0000000010003e64                __wrap___aeabi_d2iz
                0x0000000010003e64                double2int_z
 .text.__wrap___aeabi_d2uiz
                0x0000000010003eac       0x18 CMakeFiles/sd_fat_spi.dir/Users/remon/pico/pico-sdk/src/rp2_common/pico_double/double_aeabi.S.obj
                0x0000000010003eac                double2uint
                0x0000000010003eac                __wrap___aeabi_d2uiz
 .text.__aeabi_double_init
                0x0000000010003ec4       0xc8 CMakeFiles/sd_fat_spi.dir/Users/remon/pico/pico-sdk/src/rp2_common/pico_double/double_init_rom.c.obj
                0x0000000010003ec4                __aeabi_double_init
 .text.double_table_shim_on_use_helper
                0x0000000010003f8c       0x34 CMakeFiles/sd_fat_spi.dir/Users/remon/pico/pico-sdk/src/rp2_common/pico_double/double_v1_rom_shim.S.obj
                0x0000000010003f8c                double_table_shim_on_use_helper
 .text.__wrap___aeabi_dsub
                0x0000000010003fc0       0x10 CMakeFiles/sd_fat_spi.dir/Users/remon/pico/pico-sdk/src/rp2_common/pico_double/double_v1_rom_shim.S.obj
                0x0000000010003fc0                drsub_shim
                0x0000000010003fc6                dsub_shim
 .text.dadd_shim
                0x0000000010003fd0      0x15c CMakeFiles/sd_fat_spi.dir/Users/remon/pico/pico-sdk/src/rp2_common/pico_double/double_v1_rom_shim.S.obj
                0x0000000010003fd0                dadd_shim
 .text.dmul_shim
                0x000000001000412c      0x15c CMakeFiles/sd_fat_spi.dir/Users/remon/pico/pico-sdk/src/rp2_common/pico_double/double_v1_rom_shim.S.obj
                0x000000001000412c                dmul_shim
 .text.ddiv_shim
                0x0000000010004288      0x1b0 CMakeFiles/sd_fat_spi.dir/Users/remon/pico/pico-sdk/src/rp2_common/pico_double/double_v1_rom_shim.S.obj
                0x0000000010004288                ddiv_shim
 .text.double2uint_shim
                0x0000000010004438        0xe CMakeFiles/sd_fat_spi.dir/Users/remon/pico/pico-sdk/src/rp2_common/pico_double/double_v1_rom_shim.S.obj
                0x0000000010004438                double2uint_shim
                0x000000001000443a                double2ufix_shim
 *fill*         0x0000000010004446        0x2 
 .text.double2uint64_shim
                0x0000000010004448       0x70 CMakeFiles/sd_fat_spi.dir/Users/remon/pico/pico-sdk/src/rp2_common/pico_double/double_v1_rom_shim.S.obj
                0x0000000010004448                double2uint64_shim
                0x000000001000444a                double2ufix64_shim
                0x000000001000446a                d2fix_a
 .text.dunpacks
                0x00000000100044b8       0x3c CMakeFiles/sd_fat_spi.dir/Users/remon/pico/pico-sdk/src/rp2_common/pico_double/double_v1_rom_shim.S.obj
                0x00000000100044b8                dunpacks
 .text.__aeabi_lmul
                0x00000000100044f4       0x32 CMakeFiles/sd_fat_spi.dir/Users/remon/pico/pico-sdk/src/rp2_common/pico_int64_ops/pico_int64_ops_aeabi.S.obj
                0x00000000100044f4                __wrap___aeabi_lmul
 *fill*         0x0000000010004526        0x2 
 .text.__aeabi_float_init
                0x0000000010004528       0xfc CMakeFiles/sd_fat_spi.dir/Users/remon/pico/pico-sdk/src/rp2_common/pico_float/float_init_rom.c.obj
                0x0000000010004528                __aeabi_float_init
 .text.float_table_shim_on_use_helper
                0x0000000010004624       0x34 CMakeFiles/sd_fat_spi.dir/Users/remon/pico/pico-sdk/src/rp2_common/pico_float/float_v1_rom_shim.S.obj
                0x0000000010004624                float_table_shim_on_use_helper
 .text.__wrap_malloc
                0x0000000010004658       0x3c CMakeFiles/sd_fat_spi.dir/Users/remon/pico/pico-sdk/src/rp2_common/pico_malloc/pico_malloc.c.obj
                0x0000000010004658                __wrap_malloc
 .text.__wrap_free
                0x0000000010004694       0x20 CMakeFiles/sd_fat_spi.dir/Users/remon/pico/pico-sdk/src/rp2_common/pico_malloc/pico_malloc.c.obj
                0x0000000010004694                __wrap_free
 .text          0x00000000100046b4       0x10 CMakeFiles/sd_fat_spi.dir/Users/remon/pico/pico-sdk/src/rp2_common/pico_mem_ops/mem_ops_aeabi.S.obj
                0x00000000100046b4                __aeabi_mem_init
 .text.memset   0x00000000100046c4        0xc CMakeFiles/sd_fat_spi.dir/Users/remon/pico/pico-sdk/src/rp2_common/pico_mem_ops/mem_ops_aeabi.S.obj
                0x00000000100046c4                __wrap_memset
 .text.memcpy   0x00000000100046d0        0xc CMakeFiles/sd_fat_spi.dir/Users/remon/pico/pico-sdk/src/rp2_common/pico_mem_ops/mem_ops_aeabi.S.obj
                0x00000000100046d0                __wrap___aeabi_memcpy
                0x00000000100046d0                __wrap_memcpy
 .text.stdio_out_chars_no_crlf
                0x00000000100046dc        0xe CMakeFiles/sd_fat_spi.dir/Users/remon/pico/pico-sdk/src/rp2_common/pico_stdio/stdio.c.obj
 *fill*         0x00000000100046ea        0x2 
 .text.stdio_out_chars_crlf
                0x00000000100046ec       0x80 CMakeFiles/sd_fat_spi.dir/Users/remon/pico/pico-sdk/src/rp2_common/pico_stdio/stdio.c.obj
 .text.stdio_stack_buffer_flush
                0x000000001000476c       0x44 CMakeFiles/sd_fat_spi.dir/Users/remon/pico/pico-sdk/src/rp2_common/pico_stdio/stdio.c.obj
 .text.stdio_buffered_printer
                0x00000000100047b0       0x20 CMakeFiles/sd_fat_spi.dir/Users/remon/pico/pico-sdk/src/rp2_common/pico_stdio/stdio.c.obj
 .text.stdio_get_until
                0x00000000100047d0       0x80 CMakeFiles/sd_fat_spi.dir/Users/remon/pico/pico-sdk/src/rp2_common/pico_stdio/stdio.c.obj
 .text.stdout_serialize_begin
                0x0000000010004850       0x30 CMakeFiles/sd_fat_spi.dir/Users/remon/pico/pico-sdk/src/rp2_common/pico_stdio/stdio.c.obj
                0x0000000010004850                stdout_serialize_begin
 .text.stdout_serialize_end
                0x0000000010004880       0x10 CMakeFiles/sd_fat_spi.dir/Users/remon/pico/pico-sdk/src/rp2_common/pico_stdio/stdio.c.obj
                0x0000000010004880                stdout_serialize_end
 .text.stdio_put_string
                0x0000000010004890       0x98 CMakeFiles/sd_fat_spi.dir/Users/remon/pico/pico-sdk/src/rp2_common/pico_stdio/stdio.c.obj
 .text._read    0x0000000010004928       0x24 CMakeFiles/sd_fat_spi.dir/Users/remon/pico/pico-sdk/src/rp2_common/pico_stdio/stdio.c.obj
                0x0000000010004928                _read
 .text._write   0x000000001000494c       0x22 CMakeFiles/sd_fat_spi.dir/Users/remon/pico/pico-sdk/src/rp2_common/pico_stdio/stdio.c.obj
                0x000000001000494c                _write
 *fill*         0x000000001000496e        0x2 
 .text.stdio_set_driver_enabled
                0x0000000010004970       0x2c CMakeFiles/sd_fat_spi.dir/Users/remon/pico/pico-sdk/src/rp2_common/pico_stdio/stdio.c.obj
                0x0000000010004970                stdio_set_driver_enabled
 .text.stdio_flush
                0x000000001000499c       0x20 CMakeFiles/sd_fat_spi.dir/Users/remon/pico/pico-sdk/src/rp2_common/pico_stdio/stdio.c.obj
                0x000000001000499c                stdio_flush
 .text.__wrap_puts
                0x00000000100049bc       0x1e CMakeFiles/sd_fat_spi.dir/Users/remon/pico/pico-sdk/src/rp2_common/pico_stdio/stdio.c.obj
                0x00000000100049bc                __wrap_puts
 *fill*         0x00000000100049da        0x2 
 .text.__wrap_vprintf
                0x00000000100049dc       0x44 CMakeFiles/sd_fat_spi.dir/Users/remon/pico/pico-sdk/src/rp2_common/pico_stdio/stdio.c.obj
                0x00000000100049dc                __wrap_vprintf
 .text.__wrap_printf
                0x0000000010004a20       0x18 CMakeFiles/sd_fat_spi.dir/Users/remon/pico/pico-sdk/src/rp2_common/pico_stdio/stdio.c.obj
                0x0000000010004a20                __wrap_printf
 .text.stdio_init_all
                0x0000000010004a38        0x8 CMakeFiles/sd_fat_spi.dir/Users/remon/pico/pico-sdk/src/rp2_common/pico_stdio/stdio.c.obj
                0x0000000010004a38                stdio_init_all
 .text.__wrap_getchar
                0x0000000010004a40       0x40 CMakeFiles/sd_fat_spi.dir/Users/remon/pico/pico-sdk/src/rp2_common/pico_stdio/stdio.c.obj
                0x0000000010004a40                __wrap_getchar
 .text.resetd_init
                0x0000000010004a80        0x2 CMakeFiles/sd_fat_spi.dir/Users/remon/pico/pico-sdk/src/rp2_common/pico_stdio_usb/reset_interface.c.obj
 *fill*         0x0000000010004a82        0x2 
 .text.resetd_reset
                0x0000000010004a84        0xc CMakeFiles/sd_fat_spi.dir/Users/remon/pico/pico-sdk/src/rp2_common/pico_stdio_usb/reset_interface.c.obj
 .text.resetd_open
                0x0000000010004a90       0x34 CMakeFiles/sd_fat_spi.dir/Users/remon/pico/pico-sdk/src/rp2_common/pico_stdio_usb/reset_interface.c.obj
 .text.resetd_xfer_cb
                0x0000000010004ac4        0x4 CMakeFiles/sd_fat_spi.dir/Users/remon/pico/pico-sdk/src/rp2_common/pico_stdio_usb/reset_interface.c.obj
 .text.reset_usb_boot
                0x0000000010004ac8       0x18 CMakeFiles/sd_fat_spi.dir/Users/remon/pico/pico-sdk/src/rp2_common/pico_stdio_usb/reset_interface.c.obj
 .text.resetd_control_xfer_cb
                0x0000000010004ae0       0x5c CMakeFiles/sd_fat_spi.dir/Users/remon/pico/pico-sdk/src/rp2_common/pico_stdio_usb/reset_interface.c.obj
 .text.usbd_app_driver_get_cb
                0x0000000010004b3c        0xc CMakeFiles/sd_fat_spi.dir/Users/remon/pico/pico-sdk/src/rp2_common/pico_stdio_usb/reset_interface.c.obj
                0x0000000010004b3c                usbd_app_driver_get_cb
 .text.tud_cdc_line_coding_cb
                0x0000000010004b48       0x28 CMakeFiles/sd_fat_spi.dir/Users/remon/pico/pico-sdk/src/rp2_common/pico_stdio_usb/reset_interface.c.obj
                0x0000000010004b48                tud_cdc_line_coding_cb
 .text.stdio_usb_in_chars
                0x0000000010004b70       0x70 CMakeFiles/sd_fat_spi.dir/Users/remon/pico/pico-sdk/src/rp2_common/pico_stdio_usb/stdio_usb.c.obj
                0x0000000010004b70                stdio_usb_in_chars
 .text.low_priority_worker_irq
                0x0000000010004be0       0x20 CMakeFiles/sd_fat_spi.dir/Users/remon/pico/pico-sdk/src/rp2_common/pico_stdio_usb/stdio_usb.c.obj
 .text.stdio_usb_out_chars
                0x0000000010004c00       0xd4 CMakeFiles/sd_fat_spi.dir/Users/remon/pico/pico-sdk/src/rp2_common/pico_stdio_usb/stdio_usb.c.obj
 .text.timer_task
                0x0000000010004cd4       0x40 CMakeFiles/sd_fat_spi.dir/Users/remon/pico/pico-sdk/src/rp2_common/pico_stdio_usb/stdio_usb.c.obj
 .text.usb_irq  0x0000000010004d14       0x10 CMakeFiles/sd_fat_spi.dir/Users/remon/pico/pico-sdk/src/rp2_common/pico_stdio_usb/stdio_usb.c.obj
 .text.stdio_usb_init
                0x0000000010004d24       0xec CMakeFiles/sd_fat_spi.dir/Users/remon/pico/pico-sdk/src/rp2_common/pico_stdio_usb/stdio_usb.c.obj
                0x0000000010004d24                stdio_usb_init
 .text.tud_descriptor_device_cb
                0x0000000010004e10        0x8 CMakeFiles/sd_fat_spi.dir/Users/remon/pico/pico-sdk/src/rp2_common/pico_stdio_usb/stdio_usb_descriptors.c.obj
                0x0000000010004e10                tud_descriptor_device_cb
 .text.tud_descriptor_configuration_cb
                0x0000000010004e18        0x8 CMakeFiles/sd_fat_spi.dir/Users/remon/pico/pico-sdk/src/rp2_common/pico_stdio_usb/stdio_usb_descriptors.c.obj
                0x0000000010004e18                tud_descriptor_configuration_cb
 .text.tud_descriptor_string_cb
                0x0000000010004e20       0x6c CMakeFiles/sd_fat_spi.dir/Users/remon/pico/pico-sdk/src/rp2_common/pico_stdio_usb/stdio_usb_descriptors.c.obj
                0x0000000010004e20                tud_descriptor_string_cb
 .text.hw_endpoint_get_by_addr
                0x0000000010004e8c       0x18 CMakeFiles/sd_fat_spi.dir/Users/remon/pico/pico-sdk/lib/tinyusb/src/portable/raspberrypi/rp2040/dcd_rp2040.c.obj
 .text.reset_ep0_pid
                0x0000000010004ea4       0x28 CMakeFiles/sd_fat_spi.dir/Users/remon/pico/pico-sdk/lib/tinyusb/src/portable/raspberrypi/rp2040/dcd_rp2040.c.obj
 .text._hw_endpoint_alloc
                0x0000000010004ecc       0x70 CMakeFiles/sd_fat_spi.dir/Users/remon/pico/pico-sdk/lib/tinyusb/src/portable/raspberrypi/rp2040/dcd_rp2040.c.obj
 .text.hw_endpoint_init
                0x0000000010004f3c       0x88 CMakeFiles/sd_fat_spi.dir/Users/remon/pico/pico-sdk/lib/tinyusb/src/portable/raspberrypi/rp2040/dcd_rp2040.c.obj
 .text.reset_non_control_endpoints
                0x0000000010004fc4       0x40 CMakeFiles/sd_fat_spi.dir/Users/remon/pico/pico-sdk/lib/tinyusb/src/portable/raspberrypi/rp2040/dcd_rp2040.c.obj
 .text.hw_handle_buff_status
                0x0000000010005004       0x8c CMakeFiles/sd_fat_spi.dir/Users/remon/pico/pico-sdk/lib/tinyusb/src/portable/raspberrypi/rp2040/dcd_rp2040.c.obj
 .text.dcd_rp2040_irq
                0x0000000010005090       0xc0 CMakeFiles/sd_fat_spi.dir/Users/remon/pico/pico-sdk/lib/tinyusb/src/portable/raspberrypi/rp2040/dcd_rp2040.c.obj
 .text.hw_endpoint_xfer
                0x0000000010005150       0x14 CMakeFiles/sd_fat_spi.dir/Users/remon/pico/pico-sdk/lib/tinyusb/src/portable/raspberrypi/rp2040/dcd_rp2040.c.obj
 .text.dcd_int_enable
                0x0000000010005164       0x2c CMakeFiles/sd_fat_spi.dir/Users/remon/pico/pico-sdk/lib/tinyusb/src/portable/raspberrypi/rp2040/dcd_rp2040.c.obj
                0x0000000010005164                dcd_int_enable
 .text.dcd_set_address
                0x0000000010005190       0x2c CMakeFiles/sd_fat_spi.dir/Users/remon/pico/pico-sdk/lib/tinyusb/src/portable/raspberrypi/rp2040/dcd_rp2040.c.obj
                0x0000000010005190                dcd_set_address
 .text.dcd_connect
                0x00000000100051bc       0x10 CMakeFiles/sd_fat_spi.dir/Users/remon/pico/pico-sdk/lib/tinyusb/src/portable/raspberrypi/rp2040/dcd_rp2040.c.obj
                0x00000000100051bc                dcd_connect
 .text.dcd_init
                0x00000000100051cc       0x7c CMakeFiles/sd_fat_spi.dir/Users/remon/pico/pico-sdk/lib/tinyusb/src/portable/raspberrypi/rp2040/dcd_rp2040.c.obj
                0x00000000100051cc                dcd_init
 .text.dcd_edpt0_status_complete
                0x0000000010005248       0x1c CMakeFiles/sd_fat_spi.dir/Users/remon/pico/pico-sdk/lib/tinyusb/src/portable/raspberrypi/rp2040/dcd_rp2040.c.obj
                0x0000000010005248                dcd_edpt0_status_complete
 .text.dcd_edpt_open
                0x0000000010005264       0x40 CMakeFiles/sd_fat_spi.dir/Users/remon/pico/pico-sdk/lib/tinyusb/src/portable/raspberrypi/rp2040/dcd_rp2040.c.obj
                0x0000000010005264                dcd_edpt_open
 .text.dcd_edpt_close_all
                0x00000000100052a4        0x8 CMakeFiles/sd_fat_spi.dir/Users/remon/pico/pico-sdk/lib/tinyusb/src/portable/raspberrypi/rp2040/dcd_rp2040.c.obj
                0x00000000100052a4                dcd_edpt_close_all
 .text.dcd_edpt_xfer
                0x00000000100052ac       0x30 CMakeFiles/sd_fat_spi.dir/Users/remon/pico/pico-sdk/lib/tinyusb/src/portable/raspberrypi/rp2040/dcd_rp2040.c.obj
                0x00000000100052ac                dcd_edpt_xfer
 .text.dcd_edpt_stall
                0x00000000100052dc       0x2c CMakeFiles/sd_fat_spi.dir/Users/remon/pico/pico-sdk/lib/tinyusb/src/portable/raspberrypi/rp2040/dcd_rp2040.c.obj
                0x00000000100052dc                dcd_edpt_stall
 .text.dcd_edpt_clear_stall
                0x0000000010005308       0x20 CMakeFiles/sd_fat_spi.dir/Users/remon/pico/pico-sdk/lib/tinyusb/src/portable/raspberrypi/rp2040/dcd_rp2040.c.obj
                0x0000000010005308                dcd_edpt_clear_stall
 .text.prepare_ep_buffer
                0x0000000010005328       0x70 CMakeFiles/sd_fat_spi.dir/Users/remon/pico/pico-sdk/lib/tinyusb/src/portable/raspberrypi/rp2040/rp2040_usb.c.obj
 .text.sync_ep_buffer
                0x0000000010005398       0x7c CMakeFiles/sd_fat_spi.dir/Users/remon/pico/pico-sdk/lib/tinyusb/src/portable/raspberrypi/rp2040/rp2040_usb.c.obj
 .text._hw_endpoint_xfer_sync
                0x0000000010005414       0x28 CMakeFiles/sd_fat_spi.dir/Users/remon/pico/pico-sdk/lib/tinyusb/src/portable/raspberrypi/rp2040/rp2040_usb.c.obj
 .text.rp2040_usb_init
                0x000000001000543c       0x4c CMakeFiles/sd_fat_spi.dir/Users/remon/pico/pico-sdk/lib/tinyusb/src/portable/raspberrypi/rp2040/rp2040_usb.c.obj
                0x000000001000543c                rp2040_usb_init
 .text.hw_endpoint_reset_transfer
                0x0000000010005488        0xc CMakeFiles/sd_fat_spi.dir/Users/remon/pico/pico-sdk/lib/tinyusb/src/portable/raspberrypi/rp2040/rp2040_usb.c.obj
                0x0000000010005488                hw_endpoint_reset_transfer
 .text._hw_endpoint_buffer_control_update32
                0x0000000010005494       0x58 CMakeFiles/sd_fat_spi.dir/Users/remon/pico/pico-sdk/lib/tinyusb/src/portable/raspberrypi/rp2040/rp2040_usb.c.obj
                0x0000000010005494                _hw_endpoint_buffer_control_update32
 .text._hw_endpoint_start_next_buffer
                0x00000000100054ec       0x74 CMakeFiles/sd_fat_spi.dir/Users/remon/pico/pico-sdk/lib/tinyusb/src/portable/raspberrypi/rp2040/rp2040_usb.c.obj
 .text.hw_endpoint_xfer_start
                0x0000000010005560       0x48 CMakeFiles/sd_fat_spi.dir/Users/remon/pico/pico-sdk/lib/tinyusb/src/portable/raspberrypi/rp2040/rp2040_usb.c.obj
                0x0000000010005560                hw_endpoint_xfer_start
 .text.hw_endpoint_xfer_continue
                0x00000000100055a8       0x38 CMakeFiles/sd_fat_spi.dir/Users/remon/pico/pico-sdk/lib/tinyusb/src/portable/raspberrypi/rp2040/rp2040_usb.c.obj
                0x00000000100055a8                hw_endpoint_xfer_continue
 .text.configuration_reset
                0x00000000100055e0       0x84 CMakeFiles/sd_fat_spi.dir/Users/remon/pico/pico-sdk/lib/tinyusb/src/device/usbd.c.obj
 .text.usbd_reset
                0x0000000010005664        0xc CMakeFiles/sd_fat_spi.dir/Users/remon/pico/pico-sdk/lib/tinyusb/src/device/usbd.c.obj
 .text.invoke_class_control
                0x0000000010005670       0x1a CMakeFiles/sd_fat_spi.dir/Users/remon/pico/pico-sdk/lib/tinyusb/src/device/usbd.c.obj
 *fill*         0x000000001000568a        0x2 
 .text.process_set_config
                0x000000001000568c      0x1b0 CMakeFiles/sd_fat_spi.dir/Users/remon/pico/pico-sdk/lib/tinyusb/src/device/usbd.c.obj
 .text.process_get_descriptor
                0x000000001000583c       0xec CMakeFiles/sd_fat_spi.dir/Users/remon/pico/pico-sdk/lib/tinyusb/src/device/usbd.c.obj
 .text.tud_mounted
                0x0000000010005928       0x10 CMakeFiles/sd_fat_spi.dir/Users/remon/pico/pico-sdk/lib/tinyusb/src/device/usbd.c.obj
                0x0000000010005928                tud_mounted
 .text.tud_suspended
                0x0000000010005938       0x10 CMakeFiles/sd_fat_spi.dir/Users/remon/pico/pico-sdk/lib/tinyusb/src/device/usbd.c.obj
                0x0000000010005938                tud_suspended
 .text.tud_inited
                0x0000000010005948        0xc CMakeFiles/sd_fat_spi.dir/Users/remon/pico/pico-sdk/lib/tinyusb/src/device/usbd.c.obj
                0x0000000010005948                tud_inited
 .text.tud_init
                0x0000000010005954       0xcc CMakeFiles/sd_fat_spi.dir/Users/remon/pico/pico-sdk/lib/tinyusb/src/device/usbd.c.obj
                0x0000000010005954                tud_init
 .text.dcd_event_handler
                0x0000000010005a20      0x1e0 CMakeFiles/sd_fat_spi.dir/Users/remon/pico/pico-sdk/lib/tinyusb/src/device/usbd.c.obj
                0x0000000010005a20                dcd_event_handler
 .text.dcd_event_bus_signal
                0x0000000010005c00       0x26 CMakeFiles/sd_fat_spi.dir/Users/remon/pico/pico-sdk/lib/tinyusb/src/device/usbd.c.obj
                0x0000000010005c00                dcd_event_bus_signal
 .text.dcd_event_bus_reset
                0x0000000010005c26       0x2a CMakeFiles/sd_fat_spi.dir/Users/remon/pico/pico-sdk/lib/tinyusb/src/device/usbd.c.obj
                0x0000000010005c26                dcd_event_bus_reset
 .text.dcd_event_setup_received
                0x0000000010005c50       0x34 CMakeFiles/sd_fat_spi.dir/Users/remon/pico/pico-sdk/lib/tinyusb/src/device/usbd.c.obj
                0x0000000010005c50                dcd_event_setup_received
 .text.dcd_event_xfer_complete
                0x0000000010005c84       0x44 CMakeFiles/sd_fat_spi.dir/Users/remon/pico/pico-sdk/lib/tinyusb/src/device/usbd.c.obj
                0x0000000010005c84                dcd_event_xfer_complete
 .text.usbd_edpt_open
                0x0000000010005cc8       0x58 CMakeFiles/sd_fat_spi.dir/Users/remon/pico/pico-sdk/lib/tinyusb/src/device/usbd.c.obj
                0x0000000010005cc8                usbd_edpt_open
 .text.usbd_open_edpt_pair
                0x0000000010005d20       0x8c CMakeFiles/sd_fat_spi.dir/Users/remon/pico/pico-sdk/lib/tinyusb/src/device/usbd.c.obj
                0x0000000010005d20                usbd_open_edpt_pair
 .text.usbd_edpt_claim
                0x0000000010005dac       0x8c CMakeFiles/sd_fat_spi.dir/Users/remon/pico/pico-sdk/lib/tinyusb/src/device/usbd.c.obj
                0x0000000010005dac                usbd_edpt_claim
 .text.usbd_edpt_release
                0x0000000010005e38       0x68 CMakeFiles/sd_fat_spi.dir/Users/remon/pico/pico-sdk/lib/tinyusb/src/device/usbd.c.obj
                0x0000000010005e38                usbd_edpt_release
 .text.usbd_edpt_xfer
                0x0000000010005ea0       0x80 CMakeFiles/sd_fat_spi.dir/Users/remon/pico/pico-sdk/lib/tinyusb/src/device/usbd.c.obj
                0x0000000010005ea0                usbd_edpt_xfer
 .text.usbd_edpt_stall
                0x0000000010005f20       0x40 CMakeFiles/sd_fat_spi.dir/Users/remon/pico/pico-sdk/lib/tinyusb/src/device/usbd.c.obj
                0x0000000010005f20                usbd_edpt_stall
 .text.usbd_edpt_clear_stall
                0x0000000010005f60       0x40 CMakeFiles/sd_fat_spi.dir/Users/remon/pico/pico-sdk/lib/tinyusb/src/device/usbd.c.obj
                0x0000000010005f60                usbd_edpt_clear_stall
 .text.usbd_edpt_stalled
                0x0000000010005fa0       0x1c CMakeFiles/sd_fat_spi.dir/Users/remon/pico/pico-sdk/lib/tinyusb/src/device/usbd.c.obj
                0x0000000010005fa0                usbd_edpt_stalled
 .text.process_control_request
                0x0000000010005fbc      0x3b8 CMakeFiles/sd_fat_spi.dir/Users/remon/pico/pico-sdk/lib/tinyusb/src/device/usbd.c.obj
 .text.tud_task
                0x0000000010006374      0x218 CMakeFiles/sd_fat_spi.dir/Users/remon/pico/pico-sdk/lib/tinyusb/src/device/usbd.c.obj
                0x0000000010006374                tud_task
 .text._data_stage_xact
                0x000000001000658c       0x58 CMakeFiles/sd_fat_spi.dir/Users/remon/pico/pico-sdk/lib/tinyusb/src/device/usbd_control.c.obj
 .text.tud_control_status
                0x00000000100065e4       0x38 CMakeFiles/sd_fat_spi.dir/Users/remon/pico/pico-sdk/lib/tinyusb/src/device/usbd_control.c.obj
                0x00000000100065e4                tud_control_status
 .text.tud_control_xfer
                0x000000001000661c       0xa8 CMakeFiles/sd_fat_spi.dir/Users/remon/pico/pico-sdk/lib/tinyusb/src/device/usbd_control.c.obj
                0x000000001000661c                tud_control_xfer
 .text.usbd_control_reset
                0x00000000100066c4       0x14 CMakeFiles/sd_fat_spi.dir/Users/remon/pico/pico-sdk/lib/tinyusb/src/device/usbd_control.c.obj
                0x00000000100066c4                usbd_control_reset
 .text.usbd_control_set_complete_callback
                0x00000000100066d8        0xc CMakeFiles/sd_fat_spi.dir/Users/remon/pico/pico-sdk/lib/tinyusb/src/device/usbd_control.c.obj
                0x00000000100066d8                usbd_control_set_complete_callback
 .text.usbd_control_set_request
                0x00000000100066e4       0x1c CMakeFiles/sd_fat_spi.dir/Users/remon/pico/pico-sdk/lib/tinyusb/src/device/usbd_control.c.obj
                0x00000000100066e4                usbd_control_set_request
 .text.usbd_control_xfer_cb
                0x0000000010006700       0xfc CMakeFiles/sd_fat_spi.dir/Users/remon/pico/pico-sdk/lib/tinyusb/src/device/usbd_control.c.obj
                0x0000000010006700                usbd_control_xfer_cb
 .text._prep_out_transaction
                0x00000000100067fc       0x46 CMakeFiles/sd_fat_spi.dir/Users/remon/pico/pico-sdk/lib/tinyusb/src/class/cdc/cdc_device.c.obj
 *fill*         0x0000000010006842        0x2 
 .text.tud_cdc_n_connected
                0x0000000010006844       0x44 CMakeFiles/sd_fat_spi.dir/Users/remon/pico/pico-sdk/lib/tinyusb/src/class/cdc/cdc_device.c.obj
                0x0000000010006844                tud_cdc_n_connected
 .text.tud_cdc_n_available
                0x0000000010006888       0x18 CMakeFiles/sd_fat_spi.dir/Users/remon/pico/pico-sdk/lib/tinyusb/src/class/cdc/cdc_device.c.obj
                0x0000000010006888                tud_cdc_n_available
 .text.tud_cdc_n_read
                0x00000000100068a0       0x28 CMakeFiles/sd_fat_spi.dir/Users/remon/pico/pico-sdk/lib/tinyusb/src/class/cdc/cdc_device.c.obj
                0x00000000100068a0                tud_cdc_n_read
 .text.tud_cdc_n_write_flush
                0x00000000100068c8       0xcc CMakeFiles/sd_fat_spi.dir/Users/remon/pico/pico-sdk/lib/tinyusb/src/class/cdc/cdc_device.c.obj
                0x00000000100068c8                tud_cdc_n_write_flush
 .text.tud_cdc_n_write
                0x0000000010006994       0x38 CMakeFiles/sd_fat_spi.dir/Users/remon/pico/pico-sdk/lib/tinyusb/src/class/cdc/cdc_device.c.obj
                0x0000000010006994                tud_cdc_n_write
 .text.tud_cdc_n_write_available
                0x00000000100069cc       0x1c CMakeFiles/sd_fat_spi.dir/Users/remon/pico/pico-sdk/lib/tinyusb/src/class/cdc/cdc_device.c.obj
                0x00000000100069cc                tud_cdc_n_write_available
 .text.cdcd_init
                0x00000000100069e8       0xbc CMakeFiles/sd_fat_spi.dir/Users/remon/pico/pico-sdk/lib/tinyusb/src/class/cdc/cdc_device.c.obj
                0x00000000100069e8                cdcd_init
 .text.cdcd_reset
                0x0000000010006aa4       0x44 CMakeFiles/sd_fat_spi.dir/Users/remon/pico/pico-sdk/lib/tinyusb/src/class/cdc/cdc_device.c.obj
                0x0000000010006aa4                cdcd_reset
 .text.cdcd_open
                0x0000000010006ae8       0xf8 CMakeFiles/sd_fat_spi.dir/Users/remon/pico/pico-sdk/lib/tinyusb/src/class/cdc/cdc_device.c.obj
                0x0000000010006ae8                cdcd_open
 .text.cdcd_control_xfer_cb
                0x0000000010006be0      0x134 CMakeFiles/sd_fat_spi.dir/Users/remon/pico/pico-sdk/lib/tinyusb/src/class/cdc/cdc_device.c.obj
                0x0000000010006be0                cdcd_control_xfer_cb
 .text.cdcd_xfer_cb
                0x0000000010006d14      0x144 CMakeFiles/sd_fat_spi.dir/Users/remon/pico/pico-sdk/lib/tinyusb/src/class/cdc/cdc_device.c.obj
                0x0000000010006d14                cdcd_xfer_cb
 .text.tusb_init
                0x0000000010006e58       0x24 CMakeFiles/sd_fat_spi.dir/Users/remon/pico/pico-sdk/lib/tinyusb/src/tusb.c.obj
                0x0000000010006e58                tusb_init
 .text.tusb_inited
                0x0000000010006e7c        0xe CMakeFiles/sd_fat_spi.dir/Users/remon/pico/pico-sdk/lib/tinyusb/src/tusb.c.obj
                0x0000000010006e7c                tusb_inited
 *fill*         0x0000000010006e8a        0x2 
 .text.tu_edpt_validate
                0x0000000010006e8c       0xa8 CMakeFiles/sd_fat_spi.dir/Users/remon/pico/pico-sdk/lib/tinyusb/src/tusb.c.obj
                0x0000000010006e8c                tu_edpt_validate
 .text.tu_edpt_bind_driver
                0x0000000010006f34       0x2a CMakeFiles/sd_fat_spi.dir/Users/remon/pico/pico-sdk/lib/tinyusb/src/tusb.c.obj
                0x0000000010006f34                tu_edpt_bind_driver
 .text.advance_pointer
                0x0000000010006f5e       0x18 CMakeFiles/sd_fat_spi.dir/Users/remon/pico/pico-sdk/lib/tinyusb/src/common/tusb_fifo.c.obj
 .text.backward_pointer
                0x0000000010006f76       0x1e CMakeFiles/sd_fat_spi.dir/Users/remon/pico/pico-sdk/lib/tinyusb/src/common/tusb_fifo.c.obj
 .text.get_relative_pointer
                0x0000000010006f94       0x10 CMakeFiles/sd_fat_spi.dir/Users/remon/pico/pico-sdk/lib/tinyusb/src/common/tusb_fifo.c.obj
 .text._tu_fifo_peek
                0x0000000010006fa4       0x50 CMakeFiles/sd_fat_spi.dir/Users/remon/pico/pico-sdk/lib/tinyusb/src/common/tusb_fifo.c.obj
 .text._ff_pull_const_addr
                0x0000000010006ff4       0x4c CMakeFiles/sd_fat_spi.dir/Users/remon/pico/pico-sdk/lib/tinyusb/src/common/tusb_fifo.c.obj
 .text._ff_pull_n
                0x0000000010007040      0x10c CMakeFiles/sd_fat_spi.dir/Users/remon/pico/pico-sdk/lib/tinyusb/src/common/tusb_fifo.c.obj
 .text._tu_fifo_peek_n
                0x000000001000714c       0x5e CMakeFiles/sd_fat_spi.dir/Users/remon/pico/pico-sdk/lib/tinyusb/src/common/tusb_fifo.c.obj
 .text._tu_fifo_read_n
                0x00000000100071aa       0x4e CMakeFiles/sd_fat_spi.dir/Users/remon/pico/pico-sdk/lib/tinyusb/src/common/tusb_fifo.c.obj
 .text._ff_push_const_addr
                0x00000000100071f8       0x40 CMakeFiles/sd_fat_spi.dir/Users/remon/pico/pico-sdk/lib/tinyusb/src/common/tusb_fifo.c.obj
 .text._ff_push_n
                0x0000000010007238      0x108 CMakeFiles/sd_fat_spi.dir/Users/remon/pico/pico-sdk/lib/tinyusb/src/common/tusb_fifo.c.obj
 .text._tu_fifo_write_n
                0x0000000010007340       0x9e CMakeFiles/sd_fat_spi.dir/Users/remon/pico/pico-sdk/lib/tinyusb/src/common/tusb_fifo.c.obj
 .text.tu_fifo_config
                0x00000000100073de       0x72 CMakeFiles/sd_fat_spi.dir/Users/remon/pico/pico-sdk/lib/tinyusb/src/common/tusb_fifo.c.obj
                0x00000000100073de                tu_fifo_config
 .text.tu_fifo_count
                0x0000000010007450       0x26 CMakeFiles/sd_fat_spi.dir/Users/remon/pico/pico-sdk/lib/tinyusb/src/common/tusb_fifo.c.obj
                0x0000000010007450                tu_fifo_count
 .text.tu_fifo_empty
                0x0000000010007476       0x10 CMakeFiles/sd_fat_spi.dir/Users/remon/pico/pico-sdk/lib/tinyusb/src/common/tusb_fifo.c.obj
                0x0000000010007476                tu_fifo_empty
 .text.tu_fifo_remaining
                0x0000000010007486       0x20 CMakeFiles/sd_fat_spi.dir/Users/remon/pico/pico-sdk/lib/tinyusb/src/common/tusb_fifo.c.obj
                0x0000000010007486                tu_fifo_remaining
 .text.tu_fifo_read
                0x00000000100074a6       0x42 CMakeFiles/sd_fat_spi.dir/Users/remon/pico/pico-sdk/lib/tinyusb/src/common/tusb_fifo.c.obj
                0x00000000100074a6                tu_fifo_read
 .text.tu_fifo_read_n
                0x00000000100074e8        0xa CMakeFiles/sd_fat_spi.dir/Users/remon/pico/pico-sdk/lib/tinyusb/src/common/tusb_fifo.c.obj
                0x00000000100074e8                tu_fifo_read_n
 .text.tu_fifo_write
                0x00000000100074f2       0x6c CMakeFiles/sd_fat_spi.dir/Users/remon/pico/pico-sdk/lib/tinyusb/src/common/tusb_fifo.c.obj
                0x00000000100074f2                tu_fifo_write
 .text.tu_fifo_write_n
                0x000000001000755e        0xa CMakeFiles/sd_fat_spi.dir/Users/remon/pico/pico-sdk/lib/tinyusb/src/common/tusb_fifo.c.obj
                0x000000001000755e                tu_fifo_write_n
 .text.tu_fifo_clear
                0x0000000010007568       0x4c CMakeFiles/sd_fat_spi.dir/Users/remon/pico/pico-sdk/lib/tinyusb/src/common/tusb_fifo.c.obj
                0x0000000010007568                tu_fifo_clear
 .text.tu_fifo_set_overwritable
                0x00000000100075b4       0x3c CMakeFiles/sd_fat_spi.dir/Users/remon/pico/pico-sdk/lib/tinyusb/src/common/tusb_fifo.c.obj
                0x00000000100075b4                tu_fifo_set_overwritable
 .text._retrieve_unique_id_on_boot
                0x00000000100075f0       0x10 CMakeFiles/sd_fat_spi.dir/Users/remon/pico/pico-sdk/src/rp2_common/pico_unique_id/unique_id.c.obj
 .text.pico_get_unique_board_id_string
                0x0000000010007600       0x60 CMakeFiles/sd_fat_spi.dir/Users/remon/pico/pico-sdk/src/rp2_common/pico_unique_id/unique_id.c.obj
                0x0000000010007600                pico_get_unique_board_id_string
 .text.flash_get_unique_id
                0x0000000010007660       0x46 CMakeFiles/sd_fat_spi.dir/Users/remon/pico/pico-sdk/src/rp2_common/hardware_flash/flash.c.obj
                0x0000000010007660                flash_get_unique_id
 .text.ff_memalloc
                0x00000000100076a6        0x8 CMakeFiles/sd_fat_spi.dir/lib/no-OS-FatFS-SD-SPI-RPi-Pico/FatFs_SPI/ff14a/source/ffsystem.c.obj
                0x00000000100076a6                ff_memalloc
 .text.ff_memfree
                0x00000000100076ae        0x8 CMakeFiles/sd_fat_spi.dir/lib/no-OS-FatFS-SD-SPI-RPi-Pico/FatFs_SPI/ff14a/source/ffsystem.c.obj
                0x00000000100076ae                ff_memfree
 *fill*         0x00000000100076b6        0x2 
 .text.ff_uni2oem
                0x00000000100076b8       0x44 CMakeFiles/sd_fat_spi.dir/lib/no-OS-FatFS-SD-SPI-RPi-Pico/FatFs_SPI/ff14a/source/ffunicode.c.obj
                0x00000000100076b8                ff_uni2oem
 .text.ff_wtoupper
                0x00000000100076fc       0xa8 CMakeFiles/sd_fat_spi.dir/lib/no-OS-FatFS-SD-SPI-RPi-Pico/FatFs_SPI/ff14a/source/ffunicode.c.obj
                0x00000000100076fc                ff_wtoupper
 .text.ld_word  0x00000000100077a4        0xa CMakeFiles/sd_fat_spi.dir/lib/no-OS-FatFS-SD-SPI-RPi-Pico/FatFs_SPI/ff14a/source/ff.c.obj
 .text.ld_dword
                0x00000000100077ae       0x18 CMakeFiles/sd_fat_spi.dir/lib/no-OS-FatFS-SD-SPI-RPi-Pico/FatFs_SPI/ff14a/source/ff.c.obj
 .text.ld_qword
                0x00000000100077c6       0x42 CMakeFiles/sd_fat_spi.dir/lib/no-OS-FatFS-SD-SPI-RPi-Pico/FatFs_SPI/ff14a/source/ff.c.obj
 .text.st_word  0x0000000010007808        0x8 CMakeFiles/sd_fat_spi.dir/lib/no-OS-FatFS-SD-SPI-RPi-Pico/FatFs_SPI/ff14a/source/ff.c.obj
 .text.st_dword
                0x0000000010007810       0x10 CMakeFiles/sd_fat_spi.dir/lib/no-OS-FatFS-SD-SPI-RPi-Pico/FatFs_SPI/ff14a/source/ff.c.obj
 .text.st_qword
                0x0000000010007820       0x1e CMakeFiles/sd_fat_spi.dir/lib/no-OS-FatFS-SD-SPI-RPi-Pico/FatFs_SPI/ff14a/source/ff.c.obj
 .text.mem_cpy  0x000000001000783e       0x16 CMakeFiles/sd_fat_spi.dir/lib/no-OS-FatFS-SD-SPI-RPi-Pico/FatFs_SPI/ff14a/source/ff.c.obj
 .text.mem_set  0x0000000010007854        0xc CMakeFiles/sd_fat_spi.dir/lib/no-OS-FatFS-SD-SPI-RPi-Pico/FatFs_SPI/ff14a/source/ff.c.obj
 .text.mem_cmp  0x0000000010007860       0x1a CMakeFiles/sd_fat_spi.dir/lib/no-OS-FatFS-SD-SPI-RPi-Pico/FatFs_SPI/ff14a/source/ff.c.obj
 .text.chk_chr  0x000000001000787a       0x12 CMakeFiles/sd_fat_spi.dir/lib/no-OS-FatFS-SD-SPI-RPi-Pico/FatFs_SPI/ff14a/source/ff.c.obj
 .text.dbc_1st  0x000000001000788c        0x4 CMakeFiles/sd_fat_spi.dir/lib/no-OS-FatFS-SD-SPI-RPi-Pico/FatFs_SPI/ff14a/source/ff.c.obj
 .text.tchar2uni
                0x0000000010007890       0xd0 CMakeFiles/sd_fat_spi.dir/lib/no-OS-FatFS-SD-SPI-RPi-Pico/FatFs_SPI/ff14a/source/ff.c.obj
 .text.chk_lock
                0x0000000010007960       0x78 CMakeFiles/sd_fat_spi.dir/lib/no-OS-FatFS-SD-SPI-RPi-Pico/FatFs_SPI/ff14a/source/ff.c.obj
 .text.enq_lock
                0x00000000100079d8       0x20 CMakeFiles/sd_fat_spi.dir/lib/no-OS-FatFS-SD-SPI-RPi-Pico/FatFs_SPI/ff14a/source/ff.c.obj
 .text.inc_lock
                0x00000000100079f8       0xa8 CMakeFiles/sd_fat_spi.dir/lib/no-OS-FatFS-SD-SPI-RPi-Pico/FatFs_SPI/ff14a/source/ff.c.obj
 .text.clear_lock
                0x0000000010007aa0       0x24 CMakeFiles/sd_fat_spi.dir/lib/no-OS-FatFS-SD-SPI-RPi-Pico/FatFs_SPI/ff14a/source/ff.c.obj
 .text.clst2sect
                0x0000000010007ac4       0x28 CMakeFiles/sd_fat_spi.dir/lib/no-OS-FatFS-SD-SPI-RPi-Pico/FatFs_SPI/ff14a/source/ff.c.obj
 .text.clmt_clust
                0x0000000010007aec       0x30 CMakeFiles/sd_fat_spi.dir/lib/no-OS-FatFS-SD-SPI-RPi-Pico/FatFs_SPI/ff14a/source/ff.c.obj
 .text.ld_clust
                0x0000000010007b1c       0x26 CMakeFiles/sd_fat_spi.dir/lib/no-OS-FatFS-SD-SPI-RPi-Pico/FatFs_SPI/ff14a/source/ff.c.obj
 .text.st_clust
                0x0000000010007b42       0x26 CMakeFiles/sd_fat_spi.dir/lib/no-OS-FatFS-SD-SPI-RPi-Pico/FatFs_SPI/ff14a/source/ff.c.obj
 .text.pick_lfn
                0x0000000010007b68       0x94 CMakeFiles/sd_fat_spi.dir/lib/no-OS-FatFS-SD-SPI-RPi-Pico/FatFs_SPI/ff14a/source/ff.c.obj
 .text.put_lfn  0x0000000010007bfc       0x8c CMakeFiles/sd_fat_spi.dir/lib/no-OS-FatFS-SD-SPI-RPi-Pico/FatFs_SPI/ff14a/source/ff.c.obj
 .text.gen_numname
                0x0000000010007c88       0xa8 CMakeFiles/sd_fat_spi.dir/lib/no-OS-FatFS-SD-SPI-RPi-Pico/FatFs_SPI/ff14a/source/ff.c.obj
 .text.sum_sfn  0x0000000010007d30       0x20 CMakeFiles/sd_fat_spi.dir/lib/no-OS-FatFS-SD-SPI-RPi-Pico/FatFs_SPI/ff14a/source/ff.c.obj
 .text.xdir_sum
                0x0000000010007d50       0x2e CMakeFiles/sd_fat_spi.dir/lib/no-OS-FatFS-SD-SPI-RPi-Pico/FatFs_SPI/ff14a/source/ff.c.obj
 .text.init_alloc_info
                0x0000000010007d7e       0x2e CMakeFiles/sd_fat_spi.dir/lib/no-OS-FatFS-SD-SPI-RPi-Pico/FatFs_SPI/ff14a/source/ff.c.obj
 .text.get_ldnumber
                0x0000000010007dac       0x5c CMakeFiles/sd_fat_spi.dir/lib/no-OS-FatFS-SD-SPI-RPi-Pico/FatFs_SPI/ff14a/source/ff.c.obj
 .text.crc32    0x0000000010007e08       0x2c CMakeFiles/sd_fat_spi.dir/lib/no-OS-FatFS-SD-SPI-RPi-Pico/FatFs_SPI/ff14a/source/ff.c.obj
 .text.test_gpt_header
                0x0000000010007e34       0x64 CMakeFiles/sd_fat_spi.dir/lib/no-OS-FatFS-SD-SPI-RPi-Pico/FatFs_SPI/ff14a/source/ff.c.obj
 .text.validate
                0x0000000010007e98       0x52 CMakeFiles/sd_fat_spi.dir/lib/no-OS-FatFS-SD-SPI-RPi-Pico/FatFs_SPI/ff14a/source/ff.c.obj
 .text.sync_window
                0x0000000010007eea       0x70 CMakeFiles/sd_fat_spi.dir/lib/no-OS-FatFS-SD-SPI-RPi-Pico/FatFs_SPI/ff14a/source/ff.c.obj
 .text.move_window
                0x0000000010007f5a       0x4c CMakeFiles/sd_fat_spi.dir/lib/no-OS-FatFS-SD-SPI-RPi-Pico/FatFs_SPI/ff14a/source/ff.c.obj
 *fill*         0x0000000010007fa6        0x2 
 .text.check_fs
                0x0000000010007fa8       0xdc CMakeFiles/sd_fat_spi.dir/lib/no-OS-FatFS-SD-SPI-RPi-Pico/FatFs_SPI/ff14a/source/ff.c.obj
 .text.find_volume
                0x0000000010008084      0x14c CMakeFiles/sd_fat_spi.dir/lib/no-OS-FatFS-SD-SPI-RPi-Pico/FatFs_SPI/ff14a/source/ff.c.obj
 .text.mount_volume
                0x00000000100081d0      0x540 CMakeFiles/sd_fat_spi.dir/lib/no-OS-FatFS-SD-SPI-RPi-Pico/FatFs_SPI/ff14a/source/ff.c.obj
 .text.find_bitmap
                0x0000000010008710       0xa6 CMakeFiles/sd_fat_spi.dir/lib/no-OS-FatFS-SD-SPI-RPi-Pico/FatFs_SPI/ff14a/source/ff.c.obj
 .text.change_bitmap
                0x00000000100087b6       0x96 CMakeFiles/sd_fat_spi.dir/lib/no-OS-FatFS-SD-SPI-RPi-Pico/FatFs_SPI/ff14a/source/ff.c.obj
 .text.put_fat  0x000000001000884c      0x176 CMakeFiles/sd_fat_spi.dir/lib/no-OS-FatFS-SD-SPI-RPi-Pico/FatFs_SPI/ff14a/source/ff.c.obj
 .text.fill_last_frag
                0x00000000100089c2       0x32 CMakeFiles/sd_fat_spi.dir/lib/no-OS-FatFS-SD-SPI-RPi-Pico/FatFs_SPI/ff14a/source/ff.c.obj
 .text.fill_first_frag
                0x00000000100089f4       0x32 CMakeFiles/sd_fat_spi.dir/lib/no-OS-FatFS-SD-SPI-RPi-Pico/FatFs_SPI/ff14a/source/ff.c.obj
 *fill*         0x0000000010008a26        0x2 
 .text.get_fat  0x0000000010008a28      0x1ac CMakeFiles/sd_fat_spi.dir/lib/no-OS-FatFS-SD-SPI-RPi-Pico/FatFs_SPI/ff14a/source/ff.c.obj
 .text.create_chain
                0x0000000010008bd4      0x1c6 CMakeFiles/sd_fat_spi.dir/lib/no-OS-FatFS-SD-SPI-RPi-Pico/FatFs_SPI/ff14a/source/ff.c.obj
 .text.dir_sdi  0x0000000010008d9a       0xd4 CMakeFiles/sd_fat_spi.dir/lib/no-OS-FatFS-SD-SPI-RPi-Pico/FatFs_SPI/ff14a/source/ff.c.obj
 .text.remove_chain
                0x0000000010008e6e      0x14c CMakeFiles/sd_fat_spi.dir/lib/no-OS-FatFS-SD-SPI-RPi-Pico/FatFs_SPI/ff14a/source/ff.c.obj
 .text.dir_clear
                0x0000000010008fba       0xf0 CMakeFiles/sd_fat_spi.dir/lib/no-OS-FatFS-SD-SPI-RPi-Pico/FatFs_SPI/ff14a/source/ff.c.obj
 .text.dir_next
                0x00000000100090aa      0x104 CMakeFiles/sd_fat_spi.dir/lib/no-OS-FatFS-SD-SPI-RPi-Pico/FatFs_SPI/ff14a/source/ff.c.obj
 .text.load_xdir
                0x00000000100091ae      0x10c CMakeFiles/sd_fat_spi.dir/lib/no-OS-FatFS-SD-SPI-RPi-Pico/FatFs_SPI/ff14a/source/ff.c.obj
 .text.load_obj_xdir
                0x00000000100092ba       0x36 CMakeFiles/sd_fat_spi.dir/lib/no-OS-FatFS-SD-SPI-RPi-Pico/FatFs_SPI/ff14a/source/ff.c.obj
 .text.dir_read
                0x00000000100092f0      0x114 CMakeFiles/sd_fat_spi.dir/lib/no-OS-FatFS-SD-SPI-RPi-Pico/FatFs_SPI/ff14a/source/ff.c.obj
 .text.dir_alloc
                0x0000000010009404       0x70 CMakeFiles/sd_fat_spi.dir/lib/no-OS-FatFS-SD-SPI-RPi-Pico/FatFs_SPI/ff14a/source/ff.c.obj
 .text.store_xdir
                0x0000000010009474       0x66 CMakeFiles/sd_fat_spi.dir/lib/no-OS-FatFS-SD-SPI-RPi-Pico/FatFs_SPI/ff14a/source/ff.c.obj
 *fill*         0x00000000100094da        0x2 
 .text.create_name
                0x00000000100094dc      0x31c CMakeFiles/sd_fat_spi.dir/lib/no-OS-FatFS-SD-SPI-RPi-Pico/FatFs_SPI/ff14a/source/ff.c.obj
 .text.xname_sum
                0x00000000100097f8       0x38 CMakeFiles/sd_fat_spi.dir/lib/no-OS-FatFS-SD-SPI-RPi-Pico/FatFs_SPI/ff14a/source/ff.c.obj
 .text.create_xdir
                0x0000000010009830       0x90 CMakeFiles/sd_fat_spi.dir/lib/no-OS-FatFS-SD-SPI-RPi-Pico/FatFs_SPI/ff14a/source/ff.c.obj
 .text.cmp_lfn  0x00000000100098c0       0xb0 CMakeFiles/sd_fat_spi.dir/lib/no-OS-FatFS-SD-SPI-RPi-Pico/FatFs_SPI/ff14a/source/ff.c.obj
 .text.dir_find
                0x0000000010009970      0x18c CMakeFiles/sd_fat_spi.dir/lib/no-OS-FatFS-SD-SPI-RPi-Pico/FatFs_SPI/ff14a/source/ff.c.obj
 .text.follow_path
                0x0000000010009afc      0x11a CMakeFiles/sd_fat_spi.dir/lib/no-OS-FatFS-SD-SPI-RPi-Pico/FatFs_SPI/ff14a/source/ff.c.obj
 .text.dir_register
                0x0000000010009c16      0x214 CMakeFiles/sd_fat_spi.dir/lib/no-OS-FatFS-SD-SPI-RPi-Pico/FatFs_SPI/ff14a/source/ff.c.obj
 *fill*         0x0000000010009e2a        0x2 
 .text.f_mount  0x0000000010009e2c       0x5c CMakeFiles/sd_fat_spi.dir/lib/no-OS-FatFS-SD-SPI-RPi-Pico/FatFs_SPI/ff14a/source/ff.c.obj
                0x0000000010009e2c                f_mount
 .text.f_open   0x0000000010009e88      0x35c CMakeFiles/sd_fat_spi.dir/lib/no-OS-FatFS-SD-SPI-RPi-Pico/FatFs_SPI/ff14a/source/ff.c.obj
                0x0000000010009e88                f_open
 .text.f_read   0x000000001000a1e4      0x250 CMakeFiles/sd_fat_spi.dir/lib/no-OS-FatFS-SD-SPI-RPi-Pico/FatFs_SPI/ff14a/source/ff.c.obj
                0x000000001000a1e4                f_read
 .text.f_gets   0x000000001000a434      0x17c CMakeFiles/sd_fat_spi.dir/lib/no-OS-FatFS-SD-SPI-RPi-Pico/FatFs_SPI/ff14a/source/ff.c.obj
                0x000000001000a434                f_gets
 .text.sd_spi_deselect
                0x000000001000a5b0       0x2c CMakeFiles/sd_fat_spi.dir/lib/no-OS-FatFS-SD-SPI-RPi-Pico/FatFs_SPI/sd_driver/sd_spi.c.obj
 .text.sd_spi_select
                0x000000001000a5dc       0x2c CMakeFiles/sd_fat_spi.dir/lib/no-OS-FatFS-SD-SPI-RPi-Pico/FatFs_SPI/sd_driver/sd_spi.c.obj
 .text.sd_spi_lock
                0x000000001000a608        0xa CMakeFiles/sd_fat_spi.dir/lib/no-OS-FatFS-SD-SPI-RPi-Pico/FatFs_SPI/sd_driver/sd_spi.c.obj
 .text.sd_spi_unlock
                0x000000001000a612        0xa CMakeFiles/sd_fat_spi.dir/lib/no-OS-FatFS-SD-SPI-RPi-Pico/FatFs_SPI/sd_driver/sd_spi.c.obj
 .text.sd_spi_go_high_frequency
                0x000000001000a61c       0x20 CMakeFiles/sd_fat_spi.dir/lib/no-OS-FatFS-SD-SPI-RPi-Pico/FatFs_SPI/sd_driver/sd_spi.c.obj
                0x000000001000a61c                sd_spi_go_high_frequency
 .text.sd_spi_go_low_frequency
                0x000000001000a63c       0x24 CMakeFiles/sd_fat_spi.dir/lib/no-OS-FatFS-SD-SPI-RPi-Pico/FatFs_SPI/sd_driver/sd_spi.c.obj
                0x000000001000a63c                sd_spi_go_low_frequency
 .text.sd_spi_deselect_pulse
                0x000000001000a660       0x10 CMakeFiles/sd_fat_spi.dir/lib/no-OS-FatFS-SD-SPI-RPi-Pico/FatFs_SPI/sd_driver/sd_spi.c.obj
                0x000000001000a660                sd_spi_deselect_pulse
 .text.sd_spi_acquire
                0x000000001000a670       0x10 CMakeFiles/sd_fat_spi.dir/lib/no-OS-FatFS-SD-SPI-RPi-Pico/FatFs_SPI/sd_driver/sd_spi.c.obj
                0x000000001000a670                sd_spi_acquire
 .text.sd_spi_release
                0x000000001000a680       0x10 CMakeFiles/sd_fat_spi.dir/lib/no-OS-FatFS-SD-SPI-RPi-Pico/FatFs_SPI/sd_driver/sd_spi.c.obj
                0x000000001000a680                sd_spi_release
 .text.sd_spi_transfer
                0x000000001000a690        0xa CMakeFiles/sd_fat_spi.dir/lib/no-OS-FatFS-SD-SPI-RPi-Pico/FatFs_SPI/sd_driver/sd_spi.c.obj
                0x000000001000a690                sd_spi_transfer
 *fill*         0x000000001000a69a        0x2 
 .text.sd_spi_write
                0x000000001000a69c       0x44 CMakeFiles/sd_fat_spi.dir/lib/no-OS-FatFS-SD-SPI-RPi-Pico/FatFs_SPI/sd_driver/sd_spi.c.obj
                0x000000001000a69c                sd_spi_write
 .text.sd_spi_send_initializing_sequence
                0x000000001000a6e0       0xc0 CMakeFiles/sd_fat_spi.dir/lib/no-OS-FatFS-SD-SPI-RPi-Pico/FatFs_SPI/sd_driver/sd_spi.c.obj
                0x000000001000a6e0                sd_spi_send_initializing_sequence
 .text.spi0_dma_isr
                0x000000001000a7a0       0x10 CMakeFiles/sd_fat_spi.dir/lib/no-OS-FatFS-SD-SPI-RPi-Pico/FatFs_SPI/sd_driver/hw_config.c.obj
                0x000000001000a7a0                spi0_dma_isr
 .text.sd_get_num
                0x000000001000a7b0        0x4 CMakeFiles/sd_fat_spi.dir/lib/no-OS-FatFS-SD-SPI-RPi-Pico/FatFs_SPI/sd_driver/hw_config.c.obj
                0x000000001000a7b0                sd_get_num
 .text.sd_get_by_num
                0x000000001000a7b4       0x24 CMakeFiles/sd_fat_spi.dir/lib/no-OS-FatFS-SD-SPI-RPi-Pico/FatFs_SPI/sd_driver/hw_config.c.obj
                0x000000001000a7b4                sd_get_by_num
 .text.spi_get_num
                0x000000001000a7d8        0x4 CMakeFiles/sd_fat_spi.dir/lib/no-OS-FatFS-SD-SPI-RPi-Pico/FatFs_SPI/sd_driver/hw_config.c.obj
                0x000000001000a7d8                spi_get_num
 .text.spi_get_by_num
                0x000000001000a7dc       0x1c CMakeFiles/sd_fat_spi.dir/lib/no-OS-FatFS-SD-SPI-RPi-Pico/FatFs_SPI/sd_driver/hw_config.c.obj
                0x000000001000a7dc                spi_get_by_num
 .text.spi_lock
                0x000000001000a7f8       0x30 CMakeFiles/sd_fat_spi.dir/lib/no-OS-FatFS-SD-SPI-RPi-Pico/FatFs_SPI/sd_driver/spi.c.obj
                0x000000001000a7f8                spi_lock
 .text.spi_unlock
                0x000000001000a828       0x30 CMakeFiles/sd_fat_spi.dir/lib/no-OS-FatFS-SD-SPI-RPi-Pico/FatFs_SPI/sd_driver/spi.c.obj
                0x000000001000a828                spi_unlock
 .text.my_spi_init
                0x000000001000a858      0x250 CMakeFiles/sd_fat_spi.dir/lib/no-OS-FatFS-SD-SPI-RPi-Pico/FatFs_SPI/sd_driver/spi.c.obj
                0x000000001000a858                my_spi_init
 .text.ext_bits
                0x000000001000aaa8       0x30 CMakeFiles/sd_fat_spi.dir/lib/no-OS-FatFS-SD-SPI-RPi-Pico/FatFs_SPI/sd_driver/sd_card.c.obj
 .text.sd_lock  0x000000001000aad8       0x30 CMakeFiles/sd_fat_spi.dir/lib/no-OS-FatFS-SD-SPI-RPi-Pico/FatFs_SPI/sd_driver/sd_card.c.obj
 .text.sd_acquire
                0x000000001000ab08       0x10 CMakeFiles/sd_fat_spi.dir/lib/no-OS-FatFS-SD-SPI-RPi-Pico/FatFs_SPI/sd_driver/sd_card.c.obj
 .text.sd_cmd_spi
                0x000000001000ab18       0x74 CMakeFiles/sd_fat_spi.dir/lib/no-OS-FatFS-SD-SPI-RPi-Pico/FatFs_SPI/sd_driver/sd_card.c.obj
 .text.sd_unlock
                0x000000001000ab8c       0x30 CMakeFiles/sd_fat_spi.dir/lib/no-OS-FatFS-SD-SPI-RPi-Pico/FatFs_SPI/sd_driver/sd_card.c.obj
 .text.sd_release
                0x000000001000abbc       0x10 CMakeFiles/sd_fat_spi.dir/lib/no-OS-FatFS-SD-SPI-RPi-Pico/FatFs_SPI/sd_driver/sd_card.c.obj
 .text.sd_wait_token
                0x000000001000abcc       0x9c CMakeFiles/sd_fat_spi.dir/lib/no-OS-FatFS-SD-SPI-RPi-Pico/FatFs_SPI/sd_driver/sd_card.c.obj
 .text.sd_read_bytes
                0x000000001000ac68       0x90 CMakeFiles/sd_fat_spi.dir/lib/no-OS-FatFS-SD-SPI-RPi-Pico/FatFs_SPI/sd_driver/sd_card.c.obj
 .text.sd_read_block
                0x000000001000acf8       0x8c CMakeFiles/sd_fat_spi.dir/lib/no-OS-FatFS-SD-SPI-RPi-Pico/FatFs_SPI/sd_driver/sd_card.c.obj
 .text.sd_wait_ready
                0x000000001000ad84       0xc0 CMakeFiles/sd_fat_spi.dir/lib/no-OS-FatFS-SD-SPI-RPi-Pico/FatFs_SPI/sd_driver/sd_card.c.obj
 .text.sd_cmd   0x000000001000ae44      0x2f0 CMakeFiles/sd_fat_spi.dir/lib/no-OS-FatFS-SD-SPI-RPi-Pico/FatFs_SPI/sd_driver/sd_card.c.obj
 .text.sd_cmd8  0x000000001000b134       0x50 CMakeFiles/sd_fat_spi.dir/lib/no-OS-FatFS-SD-SPI-RPi-Pico/FatFs_SPI/sd_driver/sd_card.c.obj
 .text.sd_sectors_nolock
                0x000000001000b184      0x144 CMakeFiles/sd_fat_spi.dir/lib/no-OS-FatFS-SD-SPI-RPi-Pico/FatFs_SPI/sd_driver/sd_card.c.obj
 .text.in_sd_read_blocks
                0x000000001000b2c8       0xbc CMakeFiles/sd_fat_spi.dir/lib/no-OS-FatFS-SD-SPI-RPi-Pico/FatFs_SPI/sd_driver/sd_card.c.obj
 .text.sd_go_idle_state
                0x000000001000b384       0x44 CMakeFiles/sd_fat_spi.dir/lib/no-OS-FatFS-SD-SPI-RPi-Pico/FatFs_SPI/sd_driver/sd_card.c.obj
 .text.sd_init_card2
                0x000000001000b3c8      0x188 CMakeFiles/sd_fat_spi.dir/lib/no-OS-FatFS-SD-SPI-RPi-Pico/FatFs_SPI/sd_driver/sd_card.c.obj
 .text.sd_write_block
                0x000000001000b550       0x8c CMakeFiles/sd_fat_spi.dir/lib/no-OS-FatFS-SD-SPI-RPi-Pico/FatFs_SPI/sd_driver/sd_card.c.obj
 .text.in_sd_write_blocks
                0x000000001000b5dc       0xf8 CMakeFiles/sd_fat_spi.dir/lib/no-OS-FatFS-SD-SPI-RPi-Pico/FatFs_SPI/sd_driver/sd_card.c.obj
 .text.sd_card_detect
                0x000000001000b6d4       0x50 CMakeFiles/sd_fat_spi.dir/lib/no-OS-FatFS-SD-SPI-RPi-Pico/FatFs_SPI/sd_driver/sd_card.c.obj
                0x000000001000b6d4                sd_card_detect
 .text.sd_read_blocks
                0x000000001000b724       0x2e CMakeFiles/sd_fat_spi.dir/lib/no-OS-FatFS-SD-SPI-RPi-Pico/FatFs_SPI/sd_driver/sd_card.c.obj
                0x000000001000b724                sd_read_blocks
 .text.sd_write_blocks
                0x000000001000b752       0x2e CMakeFiles/sd_fat_spi.dir/lib/no-OS-FatFS-SD-SPI-RPi-Pico/FatFs_SPI/sd_driver/sd_card.c.obj
                0x000000001000b752                sd_write_blocks
 .text.sd_init_driver
                0x000000001000b780       0xbc CMakeFiles/sd_fat_spi.dir/lib/no-OS-FatFS-SD-SPI-RPi-Pico/FatFs_SPI/sd_driver/sd_card.c.obj
                0x000000001000b780                sd_init_driver
 .text.sd_init_card
                0x000000001000b83c       0xfc CMakeFiles/sd_fat_spi.dir/lib/no-OS-FatFS-SD-SPI-RPi-Pico/FatFs_SPI/sd_driver/sd_card.c.obj
                0x000000001000b83c                sd_init_card
 .text.crc7     0x000000001000b938       0x20 CMakeFiles/sd_fat_spi.dir/lib/no-OS-FatFS-SD-SPI-RPi-Pico/FatFs_SPI/sd_driver/crc.c.obj
                0x000000001000b938                crc7
 .text.crc16    0x000000001000b958       0x28 CMakeFiles/sd_fat_spi.dir/lib/no-OS-FatFS-SD-SPI-RPi-Pico/FatFs_SPI/sd_driver/crc.c.obj
                0x000000001000b958                crc16
 .text.sdrc2dresult
                0x000000001000b980       0x60 CMakeFiles/sd_fat_spi.dir/lib/no-OS-FatFS-SD-SPI-RPi-Pico/FatFs_SPI/src/glue.c.obj
 .text.disk_status
                0x000000001000b9e0       0x16 CMakeFiles/sd_fat_spi.dir/lib/no-OS-FatFS-SD-SPI-RPi-Pico/FatFs_SPI/src/glue.c.obj
                0x000000001000b9e0                disk_status
 .text.disk_initialize
                0x000000001000b9f6       0x16 CMakeFiles/sd_fat_spi.dir/lib/no-OS-FatFS-SD-SPI-RPi-Pico/FatFs_SPI/src/glue.c.obj
                0x000000001000b9f6                disk_initialize
 .text.disk_read
                0x000000001000ba0c       0x2e CMakeFiles/sd_fat_spi.dir/lib/no-OS-FatFS-SD-SPI-RPi-Pico/FatFs_SPI/src/glue.c.obj
                0x000000001000ba0c                disk_read
 .text.disk_write
                0x000000001000ba3a       0x2e CMakeFiles/sd_fat_spi.dir/lib/no-OS-FatFS-SD-SPI-RPi-Pico/FatFs_SPI/src/glue.c.obj
                0x000000001000ba3a                disk_write
 .text.my_printf
                0x000000001000ba68       0x4c CMakeFiles/sd_fat_spi.dir/lib/no-OS-FatFS-SD-SPI-RPi-Pico/FatFs_SPI/src/my_debug.c.obj
                0x000000001000ba68                my_printf
 .text.my_assert_func
                0x000000001000bab4       0x2c CMakeFiles/sd_fat_spi.dir/lib/no-OS-FatFS-SD-SPI-RPi-Pico/FatFs_SPI/src/my_debug.c.obj
                0x000000001000bab4                my_assert_func
 .text.get_fattime
                0x000000001000bae0       0x6c CMakeFiles/sd_fat_spi.dir/lib/no-OS-FatFS-SD-SPI-RPi-Pico/FatFs_SPI/src/rtc.c.obj
                0x000000001000bae0                get_fattime
 .text.spi_set_baudrate
                0x000000001000bb4c       0x92 CMakeFiles/sd_fat_spi.dir/Users/remon/pico/pico-sdk/src/rp2_common/hardware_spi/spi.c.obj
                0x000000001000bb4c                spi_set_baudrate
 *fill*         0x000000001000bbde        0x2 
 .text.spi_init
                0x000000001000bbe0       0x68 CMakeFiles/sd_fat_spi.dir/Users/remon/pico/pico-sdk/src/rp2_common/hardware_spi/spi.c.obj
                0x000000001000bbe0                spi_init
 .text.dma_claim_unused_channel
                0x000000001000bc48       0x20 CMakeFiles/sd_fat_spi.dir/Users/remon/pico/pico-sdk/src/rp2_common/hardware_dma/dma.c.obj
                0x000000001000bc48                dma_claim_unused_channel
 .text.rtc_running
                0x000000001000bc68       0x10 CMakeFiles/sd_fat_spi.dir/Users/remon/pico/pico-sdk/src/rp2_common/hardware_rtc/rtc.c.obj
                0x000000001000bc68                rtc_running
 .text.rtc_get_datetime
                0x000000001000bc78       0x4c CMakeFiles/sd_fat_spi.dir/Users/remon/pico/pico-sdk/src/rp2_common/hardware_rtc/rtc.c.obj
                0x000000001000bc78                rtc_get_datetime
 .text.__sflush_r
                0x000000001000bcc4      0x140 /usr/local/Cellar/arm-none-eabi-gcc/10.3-2021.07/gcc/bin/../lib/gcc/arm-none-eabi/10.3.1/../../../../arm-none-eabi/lib/thumb/v6-m/nofp/libg.a(lib_a-fflush.o)
                0x000000001000bcc4                __sflush_r
 .text._fflush_r
                0x000000001000be04       0x6c /usr/local/Cellar/arm-none-eabi-gcc/10.3-2021.07/gcc/bin/../lib/gcc/arm-none-eabi/10.3.1/../../../../arm-none-eabi/lib/thumb/v6-m/nofp/libg.a(lib_a-fflush.o)
                0x000000001000be04                _fflush_r
 .text.fflush   0x000000001000be70       0x78 /usr/local/Cellar/arm-none-eabi-gcc/10.3-2021.07/gcc/bin/../lib/gcc/arm-none-eabi/10.3.1/../../../../arm-none-eabi/lib/thumb/v6-m/nofp/libg.a(lib_a-fflush.o)
                0x000000001000be70                fflush
 .text._cleanup_r
                0x000000001000bee8       0x10 /usr/local/Cellar/arm-none-eabi-gcc/10.3-2021.07/gcc/bin/../lib/gcc/arm-none-eabi/10.3.1/../../../../arm-none-eabi/lib/thumb/v6-m/nofp/libg.a(lib_a-findfp.o)
                0x000000001000bee8                _cleanup_r
 .text.__sinit  0x000000001000bef8      0x120 /usr/local/Cellar/arm-none-eabi-gcc/10.3-2021.07/gcc/bin/../lib/gcc/arm-none-eabi/10.3.1/../../../../arm-none-eabi/lib/thumb/v6-m/nofp/libg.a(lib_a-findfp.o)
                0x000000001000bef8                __sinit
 .text.__sfp_lock_acquire
                0x000000001000c018       0x10 /usr/local/Cellar/arm-none-eabi-gcc/10.3-2021.07/gcc/bin/../lib/gcc/arm-none-eabi/10.3.1/../../../../arm-none-eabi/lib/thumb/v6-m/nofp/libg.a(lib_a-findfp.o)
                0x000000001000c018                __sfp_lock_acquire
 .text.__sfp_lock_release
                0x000000001000c028       0x10 /usr/local/Cellar/arm-none-eabi-gcc/10.3-2021.07/gcc/bin/../lib/gcc/arm-none-eabi/10.3.1/../../../../arm-none-eabi/lib/thumb/v6-m/nofp/libg.a(lib_a-findfp.o)
                0x000000001000c028                __sfp_lock_release
 .text._malloc_trim_r
                0x000000001000c038       0x9c /usr/local/Cellar/arm-none-eabi-gcc/10.3-2021.07/gcc/bin/../lib/gcc/arm-none-eabi/10.3.1/../../../../arm-none-eabi/lib/thumb/v6-m/nofp/libg.a(lib_a-freer.o)
                0x000000001000c038                _malloc_trim_r
 .text._free_r  0x000000001000c0d4      0x1c4 /usr/local/Cellar/arm-none-eabi-gcc/10.3-2021.07/gcc/bin/../lib/gcc/arm-none-eabi/10.3.1/../../../../arm-none-eabi/lib/thumb/v6-m/nofp/libg.a(lib_a-freer.o)
                0x000000001000c0d4                _free_r
 .text._fwalk_reent
                0x000000001000c298       0x48 /usr/local/Cellar/arm-none-eabi-gcc/10.3-2021.07/gcc/bin/../lib/gcc/arm-none-eabi/10.3.1/../../../../arm-none-eabi/lib/thumb/v6-m/nofp/libg.a(lib_a-fwalk.o)
                0x000000001000c298                _fwalk_reent
 .text.__retarget_lock_init_recursive
                0x000000001000c2e0        0x4 /usr/local/Cellar/arm-none-eabi-gcc/10.3-2021.07/gcc/bin/../lib/gcc/arm-none-eabi/10.3.1/../../../../arm-none-eabi/lib/thumb/v6-m/nofp/libg.a(lib_a-lock.o)
                0x000000001000c2e0                __retarget_lock_init_recursive
 .text.__retarget_lock_close_recursive
                0x000000001000c2e4        0x4 /usr/local/Cellar/arm-none-eabi-gcc/10.3-2021.07/gcc/bin/../lib/gcc/arm-none-eabi/10.3.1/../../../../arm-none-eabi/lib/thumb/v6-m/nofp/libg.a(lib_a-lock.o)
                0x000000001000c2e4                __retarget_lock_close_recursive
 .text.__retarget_lock_acquire_recursive
                0x000000001000c2e8        0x4 /usr/local/Cellar/arm-none-eabi-gcc/10.3-2021.07/gcc/bin/../lib/gcc/arm-none-eabi/10.3.1/../../../../arm-none-eabi/lib/thumb/v6-m/nofp/libg.a(lib_a-lock.o)
                0x000000001000c2e8                __retarget_lock_acquire_recursive
 .text.__retarget_lock_release_recursive
                0x000000001000c2ec        0x4 /usr/local/Cellar/arm-none-eabi-gcc/10.3-2021.07/gcc/bin/../lib/gcc/arm-none-eabi/10.3.1/../../../../arm-none-eabi/lib/thumb/v6-m/nofp/libg.a(lib_a-lock.o)
                0x000000001000c2ec                __retarget_lock_release_recursive
 .text.malloc   0x000000001000c2f0       0x14 /usr/local/Cellar/arm-none-eabi-gcc/10.3-2021.07/gcc/bin/../lib/gcc/arm-none-eabi/10.3.1/../../../../arm-none-eabi/lib/thumb/v6-m/nofp/libg.a(lib_a-malloc.o)
                0x000000001000c2f0                malloc
 .text.free     0x000000001000c304       0x14 /usr/local/Cellar/arm-none-eabi-gcc/10.3-2021.07/gcc/bin/../lib/gcc/arm-none-eabi/10.3.1/../../../../arm-none-eabi/lib/thumb/v6-m/nofp/libg.a(lib_a-malloc.o)
                0x000000001000c304                free
 .text._malloc_r
                0x000000001000c318      0x584 /usr/local/Cellar/arm-none-eabi-gcc/10.3-2021.07/gcc/bin/../lib/gcc/arm-none-eabi/10.3.1/../../../../arm-none-eabi/lib/thumb/v6-m/nofp/libg.a(lib_a-mallocr.o)
                0x000000001000c318                _malloc_r
 .text.__malloc_lock
                0x000000001000c89c       0x10 /usr/local/Cellar/arm-none-eabi-gcc/10.3-2021.07/gcc/bin/../lib/gcc/arm-none-eabi/10.3.1/../../../../arm-none-eabi/lib/thumb/v6-m/nofp/libg.a(lib_a-mlock.o)
                0x000000001000c89c                __malloc_lock
 .text.__malloc_unlock
                0x000000001000c8ac       0x10 /usr/local/Cellar/arm-none-eabi-gcc/10.3-2021.07/gcc/bin/../lib/gcc/arm-none-eabi/10.3.1/../../../../arm-none-eabi/lib/thumb/v6-m/nofp/libg.a(lib_a-mlock.o)
                0x000000001000c8ac                __malloc_unlock
 .text._sbrk_r  0x000000001000c8bc       0x24 /usr/local/Cellar/arm-none-eabi-gcc/10.3-2021.07/gcc/bin/../lib/gcc/arm-none-eabi/10.3.1/../../../../arm-none-eabi/lib/thumb/v6-m/nofp/libg.a(lib_a-sbrkr.o)
                0x000000001000c8bc                _sbrk_r
 .text.__sread  0x000000001000c8e0       0x28 /usr/local/Cellar/arm-none-eabi-gcc/10.3-2021.07/gcc/bin/../lib/gcc/arm-none-eabi/10.3.1/../../../../arm-none-eabi/lib/thumb/v6-m/nofp/libg.a(lib_a-stdio.o)
                0x000000001000c8e0                __sread
 .text.__swrite
                0x000000001000c908       0x40 /usr/local/Cellar/arm-none-eabi-gcc/10.3-2021.07/gcc/bin/../lib/gcc/arm-none-eabi/10.3.1/../../../../arm-none-eabi/lib/thumb/v6-m/nofp/libg.a(lib_a-stdio.o)
                0x000000001000c908                __swrite
 .text.__sseek  0x000000001000c948       0x2c /usr/local/Cellar/arm-none-eabi-gcc/10.3-2021.07/gcc/bin/../lib/gcc/arm-none-eabi/10.3.1/../../../../arm-none-eabi/lib/thumb/v6-m/nofp/libg.a(lib_a-stdio.o)
                0x000000001000c948                __sseek
 .text.__sclose
                0x000000001000c974        0xc /usr/local/Cellar/arm-none-eabi-gcc/10.3-2021.07/gcc/bin/../lib/gcc/arm-none-eabi/10.3.1/../../../../arm-none-eabi/lib/thumb/v6-m/nofp/libg.a(lib_a-stdio.o)
                0x000000001000c974                __sclose
 .text.strlen   0x000000001000c980       0x5c /usr/local/Cellar/arm-none-eabi-gcc/10.3-2021.07/gcc/bin/../lib/gcc/arm-none-eabi/10.3.1/../../../../arm-none-eabi/lib/thumb/v6-m/nofp/libg.a(lib_a-strlen-stub.o)
                0x000000001000c980                strlen
 .text._write_r
                0x000000001000c9dc       0x28 /usr/local/Cellar/arm-none-eabi-gcc/10.3-2021.07/gcc/bin/../lib/gcc/arm-none-eabi/10.3.1/../../../../arm-none-eabi/lib/thumb/v6-m/nofp/libg.a(lib_a-writer.o)
                0x000000001000c9dc                _write_r
 .text._close_r
                0x000000001000ca04       0x24 /usr/local/Cellar/arm-none-eabi-gcc/10.3-2021.07/gcc/bin/../lib/gcc/arm-none-eabi/10.3.1/../../../../arm-none-eabi/lib/thumb/v6-m/nofp/libg.a(lib_a-closer.o)
                0x000000001000ca04                _close_r
 .text._fclose_r
                0x000000001000ca28       0xdc /usr/local/Cellar/arm-none-eabi-gcc/10.3-2021.07/gcc/bin/../lib/gcc/arm-none-eabi/10.3.1/../../../../arm-none-eabi/lib/thumb/v6-m/nofp/libg.a(lib_a-fclose.o)
                0x000000001000ca28                _fclose_r
 .text._lseek_r
                0x000000001000cb04       0x28 /usr/local/Cellar/arm-none-eabi-gcc/10.3-2021.07/gcc/bin/../lib/gcc/arm-none-eabi/10.3.1/../../../../arm-none-eabi/lib/thumb/v6-m/nofp/libg.a(lib_a-lseekr.o)
                0x000000001000cb04                _lseek_r